stm32f3xx_ll_tim.h:3986:22:LL_TIM_ClearFlag_UPDATE	16	static
stm32f3xx_ll_tim.h:3997:26:LL_TIM_IsActiveFlag_UPDATE	16	static
stm32f3xx_ll_usart.h:2565:26:LL_USART_IsActiveFlag_RXNE	16	static
stm32f3xx_it.c:71:6:NMI_Handler	4	static
stm32f3xx_it.c:84:6:HardFault_Handler	4	static
stm32f3xx_it.c:99:6:MemManage_Handler	4	static
stm32f3xx_it.c:114:6:BusFault_Handler	4	static
stm32f3xx_it.c:129:6:UsageFault_Handler	4	static
stm32f3xx_it.c:144:6:SVC_Handler	4	static
stm32f3xx_it.c:157:6:DebugMon_Handler	4	static
stm32f3xx_it.c:170:6:PendSV_Handler	4	static
stm32f3xx_it.c:183:6:SysTick_Handler	4	static
stm32f3xx_it.c:204:6:TIM1_UP_TIM16_IRQHandler	8	static
stm32f3xx_it.c:221:6:USART2_IRQHandler	8	static
