stm32f3xx_ll_adc.h:6348:26:LL_ADC_IsActiveFlag_EOC	16	static
stm32f3xx_ll_adc.h:6472:22:LL_ADC_ClearFlag_EOC	16	static
stm32f3xx_it.c:70:6:NMI_Handler	4	static
stm32f3xx_it.c:83:6:HardFault_Handler	4	static
stm32f3xx_it.c:98:6:MemManage_Handler	4	static
stm32f3xx_it.c:113:6:BusFault_Handler	4	static
stm32f3xx_it.c:128:6:UsageFault_Handler	4	static
stm32f3xx_it.c:143:6:SVC_Handler	4	static
stm32f3xx_it.c:156:6:DebugMon_Handler	4	static
stm32f3xx_it.c:169:6:PendSV_Handler	4	static
stm32f3xx_it.c:182:6:SysTick_Handler	4	static
stm32f3xx_it.c:203:6:ADC1_2_IRQHandler	8	static
