Archive member included to satisfy reference by file (symbol)

c:/st/stm32cubeide_1.0.2/stm32cubeide/plugins/com.st.stm32cube.ide.mcu.externaltools.gnu-tools-for-stm32.7-2018-q2-update.win32_1.0.0.201904181610/tools/bin/../lib/gcc/arm-none-eabi/7.3.1/../../../../arm-none-eabi/lib/thumb/v7e-m/fpv4-sp/hard\libc_nano.a(lib_a-errno.o)
                              Core/Src/syscalls.o (__errno)
c:/st/stm32cubeide_1.0.2/stm32cubeide/plugins/com.st.stm32cube.ide.mcu.externaltools.gnu-tools-for-stm32.7-2018-q2-update.win32_1.0.0.201904181610/tools/bin/../lib/gcc/arm-none-eabi/7.3.1/../../../../arm-none-eabi/lib/thumb/v7e-m/fpv4-sp/hard\libc_nano.a(lib_a-exit.o)
                              c:/st/stm32cubeide_1.0.2/stm32cubeide/plugins/com.st.stm32cube.ide.mcu.externaltools.gnu-tools-for-stm32.7-2018-q2-update.win32_1.0.0.201904181610/tools/bin/../lib/gcc/arm-none-eabi/7.3.1/../../../../arm-none-eabi/lib/thumb/v7e-m/fpv4-sp/hard/crt0.o (exit)
c:/st/stm32cubeide_1.0.2/stm32cubeide/plugins/com.st.stm32cube.ide.mcu.externaltools.gnu-tools-for-stm32.7-2018-q2-update.win32_1.0.0.201904181610/tools/bin/../lib/gcc/arm-none-eabi/7.3.1/../../../../arm-none-eabi/lib/thumb/v7e-m/fpv4-sp/hard\libc_nano.a(lib_a-impure.o)
                              c:/st/stm32cubeide_1.0.2/stm32cubeide/plugins/com.st.stm32cube.ide.mcu.externaltools.gnu-tools-for-stm32.7-2018-q2-update.win32_1.0.0.201904181610/tools/bin/../lib/gcc/arm-none-eabi/7.3.1/../../../../arm-none-eabi/lib/thumb/v7e-m/fpv4-sp/hard\libc_nano.a(lib_a-exit.o) (_global_impure_ptr)
c:/st/stm32cubeide_1.0.2/stm32cubeide/plugins/com.st.stm32cube.ide.mcu.externaltools.gnu-tools-for-stm32.7-2018-q2-update.win32_1.0.0.201904181610/tools/bin/../lib/gcc/arm-none-eabi/7.3.1/../../../../arm-none-eabi/lib/thumb/v7e-m/fpv4-sp/hard\libc_nano.a(lib_a-init.o)
                              c:/st/stm32cubeide_1.0.2/stm32cubeide/plugins/com.st.stm32cube.ide.mcu.externaltools.gnu-tools-for-stm32.7-2018-q2-update.win32_1.0.0.201904181610/tools/bin/../lib/gcc/arm-none-eabi/7.3.1/../../../../arm-none-eabi/lib/thumb/v7e-m/fpv4-sp/hard/crt0.o (__libc_init_array)
c:/st/stm32cubeide_1.0.2/stm32cubeide/plugins/com.st.stm32cube.ide.mcu.externaltools.gnu-tools-for-stm32.7-2018-q2-update.win32_1.0.0.201904181610/tools/bin/../lib/gcc/arm-none-eabi/7.3.1/../../../../arm-none-eabi/lib/thumb/v7e-m/fpv4-sp/hard\libc_nano.a(lib_a-memset.o)
                              c:/st/stm32cubeide_1.0.2/stm32cubeide/plugins/com.st.stm32cube.ide.mcu.externaltools.gnu-tools-for-stm32.7-2018-q2-update.win32_1.0.0.201904181610/tools/bin/../lib/gcc/arm-none-eabi/7.3.1/../../../../arm-none-eabi/lib/thumb/v7e-m/fpv4-sp/hard/crt0.o (memset)

Discarded input sections

 .text          0x0000000000000000        0x0 c:/st/stm32cubeide_1.0.2/stm32cubeide/plugins/com.st.stm32cube.ide.mcu.externaltools.gnu-tools-for-stm32.7-2018-q2-update.win32_1.0.0.201904181610/tools/bin/../lib/gcc/arm-none-eabi/7.3.1/thumb/v7e-m/fpv4-sp/hard/crti.o
 .data          0x0000000000000000        0x0 c:/st/stm32cubeide_1.0.2/stm32cubeide/plugins/com.st.stm32cube.ide.mcu.externaltools.gnu-tools-for-stm32.7-2018-q2-update.win32_1.0.0.201904181610/tools/bin/../lib/gcc/arm-none-eabi/7.3.1/thumb/v7e-m/fpv4-sp/hard/crti.o
 .bss           0x0000000000000000        0x0 c:/st/stm32cubeide_1.0.2/stm32cubeide/plugins/com.st.stm32cube.ide.mcu.externaltools.gnu-tools-for-stm32.7-2018-q2-update.win32_1.0.0.201904181610/tools/bin/../lib/gcc/arm-none-eabi/7.3.1/thumb/v7e-m/fpv4-sp/hard/crti.o
 .data          0x0000000000000000        0x4 c:/st/stm32cubeide_1.0.2/stm32cubeide/plugins/com.st.stm32cube.ide.mcu.externaltools.gnu-tools-for-stm32.7-2018-q2-update.win32_1.0.0.201904181610/tools/bin/../lib/gcc/arm-none-eabi/7.3.1/thumb/v7e-m/fpv4-sp/hard/crtbegin.o
 .text          0x0000000000000000       0x74 c:/st/stm32cubeide_1.0.2/stm32cubeide/plugins/com.st.stm32cube.ide.mcu.externaltools.gnu-tools-for-stm32.7-2018-q2-update.win32_1.0.0.201904181610/tools/bin/../lib/gcc/arm-none-eabi/7.3.1/../../../../arm-none-eabi/lib/thumb/v7e-m/fpv4-sp/hard/crt0.o
 .data          0x0000000000000000        0x0 c:/st/stm32cubeide_1.0.2/stm32cubeide/plugins/com.st.stm32cube.ide.mcu.externaltools.gnu-tools-for-stm32.7-2018-q2-update.win32_1.0.0.201904181610/tools/bin/../lib/gcc/arm-none-eabi/7.3.1/../../../../arm-none-eabi/lib/thumb/v7e-m/fpv4-sp/hard/crt0.o
 .bss           0x0000000000000000        0x0 c:/st/stm32cubeide_1.0.2/stm32cubeide/plugins/com.st.stm32cube.ide.mcu.externaltools.gnu-tools-for-stm32.7-2018-q2-update.win32_1.0.0.201904181610/tools/bin/../lib/gcc/arm-none-eabi/7.3.1/../../../../arm-none-eabi/lib/thumb/v7e-m/fpv4-sp/hard/crt0.o
 .ARM.extab     0x0000000000000000        0x0 c:/st/stm32cubeide_1.0.2/stm32cubeide/plugins/com.st.stm32cube.ide.mcu.externaltools.gnu-tools-for-stm32.7-2018-q2-update.win32_1.0.0.201904181610/tools/bin/../lib/gcc/arm-none-eabi/7.3.1/../../../../arm-none-eabi/lib/thumb/v7e-m/fpv4-sp/hard/crt0.o
[...]
Memory Configuration

Name             Origin             Length             Attributes
CCMRAM           0x0000000010000000 0x0000000000001000 xrw
RAM              0x0000000020000000 0x0000000000003000 xrw
FLASH            0x0000000008000000 0x0000000000010000 xr
*default*        0x0000000000000000 0xffffffffffffffff

Linker script and memory map

LOAD c:/st/stm32cubeide_1.0.2/stm32cubeide/plugins/com.st.stm32cube.ide.mcu.externaltools.gnu-tools-for-stm32.7-2018-q2-update.win32_1.0.0.201904181610/tools/bin/../lib/gcc/arm-none-eabi/7.3.1/thumb/v7e-m/fpv4-sp/hard/crti.o
LOAD c:/st/stm32cubeide_1.0.2/stm32cubeide/plugins/com.st.stm32cube.ide.mcu.externaltools.gnu-tools-for-stm32.7-2018-q2-update.win32_1.0.0.201904181610/tools/bin/../lib/gcc/arm-none-eabi/7.3.1/thumb/v7e-m/fpv4-sp/hard/crtbegin.o
LOAD c:/st/stm32cubeide_1.0.2/stm32cubeide/plugins/com.st.stm32cube.ide.mcu.externaltools.gnu-tools-for-stm32.7-2018-q2-update.win32_1.0.0.201904181610/tools/bin/../lib/gcc/arm-none-eabi/7.3.1/../../../../arm-none-eabi/lib/thumb/v7e-m/fpv4-sp/hard/crt0.o
LOAD Core/Src/adc.o
LOAD Core/Src/main.o
LOAD Core/Src/stm32f3xx_it.o
LOAD Core/Src/sys.o
LOAD Core/Src/syscalls.o
LOAD Core/Src/sysmem.o
LOAD Core/Src/system_stm32f3xx.o
LOAD Core/Startup/startup_stm32f303k8tx.o
LOAD Drivers/STM32F3xx_HAL_Driver/Src/stm32f3xx_ll_adc.o
LOAD Drivers/STM32F3xx_HAL_Driver/Src/stm32f3xx_ll_dma.o
LOAD Drivers/STM32F3xx_HAL_Driver/Src/stm32f3xx_ll_exti.o
LOAD Drivers/STM32F3xx_HAL_Driver/Src/stm32f3xx_ll_gpio.o
LOAD Drivers/STM32F3xx_HAL_Driver/Src/stm32f3xx_ll_rcc.o
LOAD Drivers/STM32F3xx_HAL_Driver/Src/stm32f3xx_ll_utils.o
START GROUP
LOAD c:/st/stm32cubeide_1.0.2/stm32cubeide/plugins/com.st.stm32cube.ide.mcu.externaltools.gnu-tools-for-stm32.7-2018-q2-update.win32_1.0.0.201904181610/tools/bin/../lib/gcc/arm-none-eabi/7.3.1/../../../../arm-none-eabi/lib/thumb/v7e-m/fpv4-sp/hard\libc_nano.a
LOAD c:/st/stm32cubeide_1.0.2/stm32cubeide/plugins/com.st.stm32cube.ide.mcu.externaltools.gnu-tools-for-stm32.7-2018-q2-update.win32_1.0.0.201904181610/tools/bin/../lib/gcc/arm-none-eabi/7.3.1/../../../../arm-none-eabi/lib/thumb/v7e-m/fpv4-sp/hard\libm.a
END GROUP
START GROUP
LOAD c:/st/stm32cubeide_1.0.2/stm32cubeide/plugins/com.st.stm32cube.ide.mcu.externaltools.gnu-tools-for-stm32.7-2018-q2-update.win32_1.0.0.201904181610/tools/bin/../lib/gcc/arm-none-eabi/7.3.1/thumb/v7e-m/fpv4-sp/hard\libgcc.a
LOAD c:/st/stm32cubeide_1.0.2/stm32cubeide/plugins/com.st.stm32cube.ide.mcu.externaltools.gnu-tools-for-stm32.7-2018-q2-update.win32_1.0.0.201904181610/tools/bin/../lib/gcc/arm-none-eabi/7.3.1/../../../../arm-none-eabi/lib/thumb/v7e-m/fpv4-sp/hard\libc_nano.a
END GROUP
START GROUP
LOAD c:/st/stm32cubeide_1.0.2/stm32cubeide/plugins/com.st.stm32cube.ide.mcu.externaltools.gnu-tools-for-stm32.7-2018-q2-update.win32_1.0.0.201904181610/tools/bin/../lib/gcc/arm-none-eabi/7.3.1/thumb/v7e-m/fpv4-sp/hard\libgcc.a
LOAD c:/st/stm32cubeide_1.0.2/stm32cubeide/plugins/com.st.stm32cube.ide.mcu.externaltools.gnu-tools-for-stm32.7-2018-q2-update.win32_1.0.0.201904181610/tools/bin/../lib/gcc/arm-none-eabi/7.3.1/../../../../arm-none-eabi/lib/thumb/v7e-m/fpv4-sp/hard\libc_nano.a
LOAD c:/st/stm32cubeide_1.0.2/stm32cubeide/plugins/com.st.stm32cube.ide.mcu.externaltools.gnu-tools-for-stm32.7-2018-q2-update.win32_1.0.0.201904181610/tools/bin/../lib/gcc/arm-none-eabi/7.3.1/../../../../arm-none-eabi/lib/thumb/v7e-m/fpv4-sp/hard\libnosys.a
END GROUP
START GROUP
LOAD c:/st/stm32cubeide_1.0.2/stm32cubeide/plugins/com.st.stm32cube.ide.mcu.externaltools.gnu-tools-for-stm32.7-2018-q2-update.win32_1.0.0.201904181610/tools/bin/../lib/gcc/arm-none-eabi/7.3.1/thumb/v7e-m/fpv4-sp/hard\libgcc.a
LOAD c:/st/stm32cubeide_1.0.2/stm32cubeide/plugins/com.st.stm32cube.ide.mcu.externaltools.gnu-tools-for-stm32.7-2018-q2-update.win32_1.0.0.201904181610/tools/bin/../lib/gcc/arm-none-eabi/7.3.1/../../../../arm-none-eabi/lib/thumb/v7e-m/fpv4-sp/hard\libc_nano.a
LOAD c:/st/stm32cubeide_1.0.2/stm32cubeide/plugins/com.st.stm32cube.ide.mcu.externaltools.gnu-tools-for-stm32.7-2018-q2-update.win32_1.0.0.201904181610/tools/bin/../lib/gcc/arm-none-eabi/7.3.1/../../../../arm-none-eabi/lib/thumb/v7e-m/fpv4-sp/hard\libnosys.a
END GROUP
LOAD c:/st/stm32cubeide_1.0.2/stm32cubeide/plugins/com.st.stm32cube.ide.mcu.externaltools.gnu-tools-for-stm32.7-2018-q2-update.win32_1.0.0.201904181610/tools/bin/../lib/gcc/arm-none-eabi/7.3.1/thumb/v7e-m/fpv4-sp/hard/crtend.o
LOAD c:/st/stm32cubeide_1.0.2/stm32cubeide/plugins/com.st.stm32cube.ide.mcu.externaltools.gnu-tools-for-stm32.7-2018-q2-update.win32_1.0.0.201904181610/tools/bin/../lib/gcc/arm-none-eabi/7.3.1/thumb/v7e-m/fpv4-sp/hard/crtn.o
                0x0000000020003000                _estack = (ORIGIN (RAM) + LENGTH (RAM))
                0x0000000000000200                _Min_Heap_Size = 0x200
                0x0000000000000400                _Min_Stack_Size = 0x400

.isr_vector     0x0000000008000000      0x188
                0x0000000008000000                . = ALIGN (0x4)
 *(.isr_vector)
 .isr_vector    0x0000000008000000      0x188 Core/Startup/startup_stm32f303k8tx.o
                0x0000000008000000                g_pfnVectors
                0x0000000008000188                . = ALIGN (0x4)

.text           0x0000000008000188      0xd9c
                0x0000000008000188                . = ALIGN (0x4)
 *(.text)
 .text          0x0000000008000188       0x40 c:/st/stm32cubeide_1.0.2/stm32cubeide/plugins/com.st.stm32cube.ide.mcu.externaltools.gnu-tools-for-stm32.7-2018-q2-update.win32_1.0.0.201904181610/tools/bin/../lib/gcc/arm-none-eabi/7.3.1/thumb/v7e-m/fpv4-sp/hard/crtbegin.o
 *(.text*)
 .text.__NVIC_GetPriorityGrouping
                0x00000000080001c8       0x1c Core/Src/adc.o
 .text.__NVIC_EnableIRQ
                0x00000000080001e4       0x3c Core/Src/adc.o
 .text.__NVIC_SetPriority
                0x0000000008000220       0x54 Core/Src/adc.o
 .text.NVIC_EncodePriority
                0x0000000008000274       0x66 Core/Src/adc.o
 .text.LL_ADC_SetCommonPathInternalCh
                0x00000000080002da       0x26 Core/Src/adc.o
 .text.LL_ADC_REG_SetSequencerRanks
                0x0000000008000300       0x6a Core/Src/adc.o
 .text.LL_ADC_SetChannelSamplingTime
                0x000000000800036a       0x92 Core/Src/adc.o
 .text.LL_ADC_SetChannelSingleDiff
                0x00000000080003fc       0x48 Core/Src/adc.o
 .text.LL_ADC_EnableIT_EOC
                0x0000000008000444       0x20 Core/Src/adc.o
 .text.LL_ADC_DisableIT_EOC
                0x0000000008000464       0x20 Core/Src/adc.o
 .text.LL_ADC_DisableIT_EOS
                0x0000000008000484       0x20 Core/Src/adc.o
 .text.LL_AHB1_GRP1_EnableClock
                0x00000000080004a4       0x30 Core/Src/adc.o
 .text.MX_ADC1_Init
                0x00000000080004d4      0x104 Core/Src/adc.o
                0x00000000080004d4                MX_ADC1_Init
 .text.MX_ADC2_Init
                0x00000000080005d8       0xd4 Core/Src/adc.o
                0x00000000080005d8                MX_ADC2_Init
 .text.__NVIC_SetPriorityGrouping
                0x00000000080006ac       0x48 Core/Src/main.o
 .text.LL_ADC_Enable
                0x00000000080006f4       0x28 Core/Src/main.o
 .text.LL_ADC_IsEnabled
                0x000000000800071c       0x26 Core/Src/main.o
 .text.LL_ADC_StartCalibration
                0x0000000008000742       0x32 Core/Src/main.o
 .text.LL_ADC_IsCalibrationOnGoing
                0x0000000008000774       0x28 Core/Src/main.o
 .text.LL_ADC_REG_StartConversion
                0x000000000800079c       0x28 Core/Src/main.o
 .text.LL_RCC_HSI_Enable
                0x00000000080007c4       0x20 Core/Src/main.o
 .text.LL_RCC_HSI_IsReady
                0x00000000080007e4       0x24 Core/Src/main.o
 .text.LL_RCC_HSI_SetCalibTrimming
                0x0000000008000808       0x2c Core/Src/main.o
 .text.LL_RCC_SetSysClkSource
                0x0000000008000834       0x28 Core/Src/main.o
 .text.LL_RCC_GetSysClkSource
                0x000000000800085c       0x1c Core/Src/main.o
 .text.LL_RCC_SetAHBPrescaler
                0x0000000008000878       0x28 Core/Src/main.o
 .text.LL_RCC_SetAPB1Prescaler
                0x00000000080008a0       0x28 Core/Src/main.o
 .text.LL_RCC_SetAPB2Prescaler
                0x00000000080008c8       0x28 Core/Src/main.o
 .text.LL_APB1_GRP1_EnableClock
                0x00000000080008f0       0x30 Core/Src/main.o
 .text.LL_APB2_GRP1_EnableClock
                0x0000000008000920       0x30 Core/Src/main.o
 .text.LL_FLASH_SetLatency
                0x0000000008000950       0x28 Core/Src/main.o
 .text.LL_FLASH_GetLatency
                0x0000000008000978       0x1c Core/Src/main.o
 .text.LL_SYSTICK_SetClkSource
                0x0000000008000994       0x38 Core/Src/main.o
 .text.main     0x00000000080009cc       0xac Core/Src/main.o
                0x00000000080009cc                main
 .text.SystemClock_Config
                0x0000000008000a78       0x6c Core/Src/main.o
                0x0000000008000a78                SystemClock_Config
 .text.Error_Handler
                0x0000000008000ae4        0xe Core/Src/main.o
                0x0000000008000ae4                Error_Handler
 .text.LL_ADC_IsActiveFlag_EOC
                0x0000000008000af2       0x26 Core/Src/stm32f3xx_it.o
 .text.LL_ADC_ClearFlag_EOC
                0x0000000008000b18       0x1a Core/Src/stm32f3xx_it.o
 .text.NMI_Handler
                0x0000000008000b32        0xe Core/Src/stm32f3xx_it.o
                0x0000000008000b32                NMI_Handler
 .text.HardFault_Handler
                0x0000000008000b40        0x6 Core/Src/stm32f3xx_it.o
                0x0000000008000b40                HardFault_Handler
 .text.MemManage_Handler
                0x0000000008000b46        0x6 Core/Src/stm32f3xx_it.o
                0x0000000008000b46                MemManage_Handler
 .text.BusFault_Handler
                0x0000000008000b4c        0x6 Core/Src/stm32f3xx_it.o
                0x0000000008000b4c                BusFault_Handler
 .text.UsageFault_Handler
                0x0000000008000b52        0x6 Core/Src/stm32f3xx_it.o
                0x0000000008000b52                UsageFault_Handler
 .text.SVC_Handler
                0x0000000008000b58        0xe Core/Src/stm32f3xx_it.o
                0x0000000008000b58                SVC_Handler
 .text.DebugMon_Handler
                0x0000000008000b66        0xe Core/Src/stm32f3xx_it.o
                0x0000000008000b66                DebugMon_Handler
 .text.PendSV_Handler
                0x0000000008000b74        0xe Core/Src/stm32f3xx_it.o
                0x0000000008000b74                PendSV_Handler
 .text.SysTick_Handler
                0x0000000008000b82        0xe Core/Src/stm32f3xx_it.o
                0x0000000008000b82                SysTick_Handler
 .text.ADC1_2_IRQHandler
                0x0000000008000b90       0x50 Core/Src/stm32f3xx_it.o
                0x0000000008000b90                ADC1_2_IRQHandler
 .text.SystemInit
                0x0000000008000be0       0x2c Core/Src/system_stm32f3xx.o
                0x0000000008000be0                SystemInit
 .text.Reset_Handler
                0x0000000008000c0c       0x50 Core/Startup/startup_stm32f303k8tx.o
                0x0000000008000c0c                Reset_Handler
 .text.Default_Handler
                0x0000000008000c5c        0x2 Core/Startup/startup_stm32f303k8tx.o
                0x0000000008000c5c                RTC_Alarm_IRQHandler
                0x0000000008000c5c                TIM1_CC_IRQHandler
                0x0000000008000c5c                PVD_IRQHandler
                0x0000000008000c5c                TAMP_STAMP_IRQHandler
                0x0000000008000c5c                EXTI3_IRQHandler
                0x0000000008000c5c                EXTI0_IRQHandler
                0x0000000008000c5c                FPU_IRQHandler
                0x0000000008000c5c                CAN_TX_IRQHandler
                0x0000000008000c5c                TIM1_UP_TIM16_IRQHandler
                0x0000000008000c5c                SPI1_IRQHandler
                0x0000000008000c5c                CAN_SCE_IRQHandler
                0x0000000008000c5c                DMA1_Channel4_IRQHandler
                0x0000000008000c5c                USART3_IRQHandler
                0x0000000008000c5c                DMA1_Channel7_IRQHandler
                0x0000000008000c5c                TIM7_DAC2_IRQHandler
                0x0000000008000c5c                CAN_RX1_IRQHandler
                0x0000000008000c5c                I2C1_EV_IRQHandler
                0x0000000008000c5c                DMA1_Channel6_IRQHandler
                0x0000000008000c5c                TIM3_IRQHandler
                0x0000000008000c5c                RCC_IRQHandler
                0x0000000008000c5c                DMA1_Channel1_IRQHandler
                0x0000000008000c5c                Default_Handler
                0x0000000008000c5c                EXTI15_10_IRQHandler
                0x0000000008000c5c                COMP2_IRQHandler
                0x0000000008000c5c                TIM6_DAC1_IRQHandler
                0x0000000008000c5c                EXTI9_5_IRQHandler
                0x0000000008000c5c                RTC_WKUP_IRQHandler
                0x0000000008000c5c                DMA1_Channel5_IRQHandler
                0x0000000008000c5c                EXTI4_IRQHandler
                0x0000000008000c5c                TIM1_TRG_COM_TIM17_IRQHandler
                0x0000000008000c5c                DMA1_Channel3_IRQHandler
                0x0000000008000c5c                WWDG_IRQHandler
                0x0000000008000c5c                TIM2_IRQHandler
                0x0000000008000c5c                EXTI1_IRQHandler
                0x0000000008000c5c                COMP4_6_IRQHandler
                0x0000000008000c5c                USART2_IRQHandler
                0x0000000008000c5c                DMA1_Channel2_IRQHandler
                0x0000000008000c5c                FLASH_IRQHandler
                0x0000000008000c5c                USART1_IRQHandler
                0x0000000008000c5c                CAN_RX0_IRQHandler
                0x0000000008000c5c                I2C1_ER_IRQHandler
                0x0000000008000c5c                EXTI2_TSC_IRQHandler
                0x0000000008000c5c                TIM1_BRK_TIM15_IRQHandler
 .text.LL_ADC_REG_SetSequencerLength
                0x0000000008000c5e       0x26 Drivers/STM32F3xx_HAL_Driver/Src/stm32f3xx_ll_adc.o
 .text.LL_ADC_IsEnabled
                0x0000000008000c84       0x26 Drivers/STM32F3xx_HAL_Driver/Src/stm32f3xx_ll_adc.o
 *fill*         0x0000000008000caa        0x2 
 .text.LL_ADC_CommonInit
                0x0000000008000cac       0x80 Drivers/STM32F3xx_HAL_Driver/Src/stm32f3xx_ll_adc.o
                0x0000000008000cac                LL_ADC_CommonInit
 .text.LL_ADC_Init
                0x0000000008000d2c       0x4c Drivers/STM32F3xx_HAL_Driver/Src/stm32f3xx_ll_adc.o
                0x0000000008000d2c                LL_ADC_Init
 .text.LL_ADC_REG_Init
                0x0000000008000d78       0x94 Drivers/STM32F3xx_HAL_Driver/Src/stm32f3xx_ll_adc.o
                0x0000000008000d78                LL_ADC_REG_Init
 .text.LL_InitTick
                0x0000000008000e0c       0x34 Drivers/STM32F3xx_HAL_Driver/Src/stm32f3xx_ll_utils.o
 .text.LL_Init1msTick
                0x0000000008000e40       0x1a Drivers/STM32F3xx_HAL_Driver/Src/stm32f3xx_ll_utils.o
                0x0000000008000e40                LL_Init1msTick
 *fill*         0x0000000008000e5a        0x2 
 .text.LL_mDelay
                0x0000000008000e5c       0x48 Drivers/STM32F3xx_HAL_Driver/Src/stm32f3xx_ll_utils.o
                0x0000000008000e5c                LL_mDelay
 .text.LL_SetSystemCoreClock
                0x0000000008000ea4       0x20 Drivers/STM32F3xx_HAL_Driver/Src/stm32f3xx_ll_utils.o
                0x0000000008000ea4                LL_SetSystemCoreClock
 .text.__libc_init_array
                0x0000000008000ec4       0x48 c:/st/stm32cubeide_1.0.2/stm32cubeide/plugins/com.st.stm32cube.ide.mcu.externaltools.gnu-tools-for-stm32.7-2018-q2-update.win32_1.0.0.201904181610/tools/bin/../lib/gcc/arm-none-eabi/7.3.1/../../../../arm-none-eabi/lib/thumb/v7e-m/fpv4-sp/hard\libc_nano.a(lib_a-init.o)
                0x0000000008000ec4                __libc_init_array
 *(.glue_7)
 .glue_7        0x0000000008000f0c        0x0 linker stubs
 *(.glue_7t)
 .glue_7t       0x0000000008000f0c        0x0 linker stubs
 *(.eh_frame)
 .eh_frame      0x0000000008000f0c        0x0 c:/st/stm32cubeide_1.0.2/stm32cubeide/plugins/com.st.stm32cube.ide.mcu.externaltools.gnu-tools-for-stm32.7-2018-q2-update.win32_1.0.0.201904181610/tools/bin/../lib/gcc/arm-none-eabi/7.3.1/thumb/v7e-m/fpv4-sp/hard/crtbegin.o
 *(.init)
 .init          0x0000000008000f0c        0x4 c:/st/stm32cubeide_1.0.2/stm32cubeide/plugins/com.st.stm32cube.ide.mcu.externaltools.gnu-tools-for-stm32.7-2018-q2-update.win32_1.0.0.201904181610/tools/bin/../lib/gcc/arm-none-eabi/7.3.1/thumb/v7e-m/fpv4-sp/hard/crti.o
                0x0000000008000f0c                _init
 .init          0x0000000008000f10        0x8 c:/st/stm32cubeide_1.0.2/stm32cubeide/plugins/com.st.stm32cube.ide.mcu.externaltools.gnu-tools-for-stm32.7-2018-q2-update.win32_1.0.0.201904181610/tools/bin/../lib/gcc/arm-none-eabi/7.3.1/thumb/v7e-m/fpv4-sp/hard/crtn.o
 *(.fini)
 .fini          0x0000000008000f18        0x4 c:/st/stm32cubeide_1.0.2/stm32cubeide/plugins/com.st.stm32cube.ide.mcu.externaltools.gnu-tools-for-stm32.7-2018-q2-update.win32_1.0.0.201904181610/tools/bin/../lib/gcc/arm-none-eabi/7.3.1/thumb/v7e-m/fpv4-sp/hard/crti.o
                0x0000000008000f18                _fini
 .fini          0x0000000008000f1c        0x8 c:/st/stm32cubeide_1.0.2/stm32cubeide/plugins/com.st.stm32cube.ide.mcu.externaltools.gnu-tools-for-stm32.7-2018-q2-update.win32_1.0.0.201904181610/tools/bin/../lib/gcc/arm-none-eabi/7.3.1/thumb/v7e-m/fpv4-sp/hard/crtn.o
                0x0000000008000f24                . = ALIGN (0x4)
                0x0000000008000f24                _etext = .

.vfp11_veneer   0x0000000008000f24        0x0
 .vfp11_veneer  0x0000000008000f24        0x0 linker stubs

.v4_bx          0x0000000008000f24        0x0
 .v4_bx         0x0000000008000f24        0x0 linker stubs

.iplt           0x0000000008000f24        0x0
 .iplt          0x0000000008000f24        0x0 c:/st/stm32cubeide_1.0.2/stm32cubeide/plugins/com.st.stm32cube.ide.mcu.externaltools.gnu-tools-for-stm32.7-2018-q2-update.win32_1.0.0.201904181610/tools/bin/../lib/gcc/arm-none-eabi/7.3.1/thumb/v7e-m/fpv4-sp/hard/crtbegin.o

.rel.dyn        0x0000000008000f24        0x0
 .rel.iplt      0x0000000008000f24        0x0 c:/st/stm32cubeide_1.0.2/stm32cubeide/plugins/com.st.stm32cube.ide.mcu.externaltools.gnu-tools-for-stm32.7-2018-q2-update.win32_1.0.0.201904181610/tools/bin/../lib/gcc/arm-none-eabi/7.3.1/thumb/v7e-m/fpv4-sp/hard/crtbegin.o

.rodata         0x0000000008000f24        0x0
                0x0000000008000f24                . = ALIGN (0x4)
 *(.rodata)
 *(.rodata*)
                0x0000000008000f24                . = ALIGN (0x4)

.ARM.extab      0x0000000008000f24        0x0
                0x0000000008000f24                . = ALIGN (0x4)
 *(.ARM.extab* .gnu.linkonce.armextab.*)
                0x0000000008000f24                . = ALIGN (0x4)

.ARM            0x0000000008000f24        0x0
                0x0000000008000f24                . = ALIGN (0x4)
                0x0000000008000f24                __exidx_start = .
 *(.ARM.exidx*)
                0x0000000008000f24                __exidx_end = .
                0x0000000008000f24                . = ALIGN (0x4)

.preinit_array  0x0000000008000f24        0x0
                0x0000000008000f24                . = ALIGN (0x4)
                0x0000000008000f24                PROVIDE (__preinit_array_start = .)
 *(.preinit_array*)
                0x0000000008000f24                PROVIDE (__preinit_array_end = .)
                0x0000000008000f24                . = ALIGN (0x4)

.init_array     0x0000000008000f24        0x4
                0x0000000008000f24                . = ALIGN (0x4)
                0x0000000008000f24                PROVIDE (__init_array_start = .)
 *(SORT_BY_NAME(.init_array.*))
 *(.init_array*)
 .init_array    0x0000000008000f24        0x4 c:/st/stm32cubeide_1.0.2/stm32cubeide/plugins/com.st.stm32cube.ide.mcu.externaltools.gnu-tools-for-stm32.7-2018-q2-update.win32_1.0.0.201904181610/tools/bin/../lib/gcc/arm-none-eabi/7.3.1/thumb/v7e-m/fpv4-sp/hard/crtbegin.o
                0x0000000008000f28                PROVIDE (__init_array_end = .)
                0x0000000008000f28                . = ALIGN (0x4)

.fini_array     0x0000000008000f28        0x4
                0x0000000008000f28                . = ALIGN (0x4)
                [!provide]                        PROVIDE (__fini_array_start = .)
 *(SORT_BY_NAME(.fini_array.*))
 *(.fini_array*)
 .fini_array    0x0000000008000f28        0x4 c:/st/stm32cubeide_1.0.2/stm32cubeide/plugins/com.st.stm32cube.ide.mcu.externaltools.gnu-tools-for-stm32.7-2018-q2-update.win32_1.0.0.201904181610/tools/bin/../lib/gcc/arm-none-eabi/7.3.1/thumb/v7e-m/fpv4-sp/hard/crtbegin.o
                [!provide]                        PROVIDE (__fini_array_end = .)
                0x0000000008000f2c                . = ALIGN (0x4)
                0x0000000008000f2c                _sidata = LOADADDR (.data)

.data           0x0000000020000000        0x4 load address 0x0000000008000f2c
                0x0000000020000000                . = ALIGN (0x4)
                0x0000000020000000                _sdata = .
 *(.data)
 *(.data*)
 .data.SystemCoreClock
                0x0000000020000000        0x4 Core/Src/system_stm32f3xx.o
                0x0000000020000000                SystemCoreClock
                0x0000000020000004                . = ALIGN (0x4)
                0x0000000020000004                _edata = .

.igot.plt       0x0000000020000004        0x0 load address 0x0000000008000f30
 .igot.plt      0x0000000020000004        0x0 c:/st/stm32cubeide_1.0.2/stm32cubeide/plugins/com.st.stm32cube.ide.mcu.externaltools.gnu-tools-for-stm32.7-2018-q2-update.win32_1.0.0.201904181610/tools/bin/../lib/gcc/arm-none-eabi/7.3.1/thumb/v7e-m/fpv4-sp/hard/crtbegin.o
                0x0000000020000004                . = ALIGN (0x4)

.bss            0x0000000020000004       0x24 load address 0x0000000008000f30
                0x0000000020000004                _sbss = .
                0x0000000020000004                __bss_start__ = _sbss
 *(.bss)
 .bss           0x0000000020000004       0x1c c:/st/stm32cubeide_1.0.2/stm32cubeide/plugins/com.st.stm32cube.ide.mcu.externaltools.gnu-tools-for-stm32.7-2018-q2-update.win32_1.0.0.201904181610/tools/bin/../lib/gcc/arm-none-eabi/7.3.1/thumb/v7e-m/fpv4-sp/hard/crtbegin.o
 *(.bss*)
 .bss.adc1_converted
                0x0000000020000020        0x4 Core/Src/main.o
                0x0000000020000020                adc1_converted
 .bss.adc2_converted
                0x0000000020000024        0x4 Core/Src/main.o
                0x0000000020000024                adc2_converted
 *(COMMON)
                0x0000000020000028                . = ALIGN (0x4)
                0x0000000020000028                _ebss = .
                0x0000000020000028                __bss_end__ = _ebss

._user_heap_stack
                0x0000000020000028      0x600 load address 0x0000000008000f30
                0x0000000020000028                . = ALIGN (0x8)
                0x0000000020000028                PROVIDE (end = .)
                [!provide]                        PROVIDE (_end = .)
                0x0000000020000228                . = (. + _Min_Heap_Size)
 *fill*         0x0000000020000028      0x200 
                0x0000000020000628                . = (. + _Min_Stack_Size)
 *fill*         0x0000000020000228      0x400 
                0x0000000020000628                . = ALIGN (0x8)

/DISCARD/
 libc.a(*)
 libm.a(*)
 libgcc.a(*)

.ARM.attributes
                0x0000000000000000       0x30
 *(.ARM.attributes)
 .ARM.attributes
                0x0000000000000000       0x22 c:/st/stm32cubeide_1.0.2/stm32cubeide/plugins/com.st.stm32cube.ide.mcu.externaltools.gnu-tools-for-stm32.7-2018-q2-update.win32_1.0.0.201904181610/tools/bin/../lib/gcc/arm-none-eabi/7.3.1/thumb/v7e-m/fpv4-sp/hard/crti.o
 .ARM.attributes
                0x0000000000000022       0x34 c:/st/stm32cubeide_1.0.2/stm32cubeide/plugins/com.st.stm32cube.ide.mcu.externaltools.gnu-tools-for-stm32.7-2018-q2-update.win32_1.0.0.201904181610/tools/bin/../lib/gcc/arm-none-eabi/7.3.1/thumb/v7e-m/fpv4-sp/hard/crtbegin.o
 .ARM.attributes
                0x0000000000000056       0x39 Core/Src/adc.o
 .ARM.attributes
                0x000000000000008f       0x39 Core/Src/main.o
 .ARM.attributes
                0x00000000000000c8       0x39 Core/Src/stm32f3xx_it.o
 .ARM.attributes
                0x0000000000000101       0x39 Core/Src/system_stm32f3xx.o
 .ARM.attributes
                0x000000000000013a       0x21 Core/Startup/startup_stm32f303k8tx.o
 .ARM.attributes
                0x000000000000015b       0x39 Drivers/STM32F3xx_HAL_Driver/Src/stm32f3xx_ll_adc.o
 .ARM.attributes
                0x0000000000000194       0x39 Drivers/STM32F3xx_HAL_Driver/Src/stm32f3xx_ll_utils.o
 .ARM.attributes
                0x00000000000001cd       0x34 c:/st/stm32cubeide_1.0.2/stm32cubeide/plugins/com.st.stm32cube.ide.mcu.externaltools.gnu-tools-for-stm32.7-2018-q2-update.win32_1.0.0.201904181610/tools/bin/../lib/gcc/arm-none-eabi/7.3.1/../../../../arm-none-eabi/lib/thumb/v7e-m/fpv4-sp/hard\libc_nano.a(lib_a-init.o)
 .ARM.attributes
                0x0000000000000201       0x22 c:/st/stm32cubeide_1.0.2/stm32cubeide/plugins/com.st.stm32cube.ide.mcu.externaltools.gnu-tools-for-stm32.7-2018-q2-update.win32_1.0.0.201904181610/tools/bin/../lib/gcc/arm-none-eabi/7.3.1/thumb/v7e-m/fpv4-sp/hard/crtn.o
OUTPUT(osci_test_vrefint_measurement.elf elf32-littlearm)

.debug_info     0x0000000000000000     0x31a1
 .debug_info    0x0000000000000000      0xd3f Core/Src/adc.o
 .debug_info    0x0000000000000d3f      0x9d5 Core/Src/main.o
 .debug_info    0x0000000000001714      0x42e Core/Src/stm32f3xx_it.o
 .debug_info    0x0000000000001b42      0x400 Core/Src/system_stm32f3xx.o
 .debug_info    0x0000000000001f42       0x22 Core/Startup/startup_stm32f303k8tx.o
 .debug_info    0x0000000000001f64      0xa2a Drivers/STM32F3xx_HAL_Driver/Src/stm32f3xx_ll_adc.o
 .debug_info    0x000000000000298e      0x813 Drivers/STM32F3xx_HAL_Driver/Src/stm32f3xx_ll_utils.o

.debug_abbrev   0x0000000000000000      0xac1
 .debug_abbrev  0x0000000000000000      0x236 Core/Src/adc.o
 .debug_abbrev  0x0000000000000236      0x20b Core/Src/main.o
 .debug_abbrev  0x0000000000000441      0x12e Core/Src/stm32f3xx_it.o
 .debug_abbrev  0x000000000000056f      0x111 Core/Src/system_stm32f3xx.o
 .debug_abbrev  0x0000000000000680       0x12 Core/Startup/startup_stm32f303k8tx.o
 .debug_abbrev  0x0000000000000692      0x19e Drivers/STM32F3xx_HAL_Driver/Src/stm32f3xx_ll_adc.o
 .debug_abbrev  0x0000000000000830      0x291 Drivers/STM32F3xx_HAL_Driver/Src/stm32f3xx_ll_utils.o

.debug_aranges  0x0000000000000000      0x3e8
 .debug_aranges
                0x0000000000000000       0x88 Core/Src/adc.o
 .debug_aranges
                0x0000000000000088       0xc8 Core/Src/main.o
 .debug_aranges
                0x0000000000000150       0x78 Core/Src/stm32f3xx_it.o
 .debug_aranges
                0x00000000000001c8       0x28 Core/Src/system_stm32f3xx.o
 .debug_aranges
                0x00000000000001f0       0x28 Core/Startup/startup_stm32f303k8tx.o
 .debug_aranges
                0x0000000000000218       0xe0 Drivers/STM32F3xx_HAL_Driver/Src/stm32f3xx_ll_adc.o
 .debug_aranges
                0x00000000000002f8       0xf0 Drivers/STM32F3xx_HAL_Driver/Src/stm32f3xx_ll_utils.o

.debug_ranges   0x0000000000000000      0x380
 .debug_ranges  0x0000000000000000       0x78 Core/Src/adc.o
 .debug_ranges  0x0000000000000078       0xb8 Core/Src/main.o
 .debug_ranges  0x0000000000000130       0x68 Core/Src/stm32f3xx_it.o
 .debug_ranges  0x0000000000000198       0x18 Core/Src/system_stm32f3xx.o
 .debug_ranges  0x00000000000001b0       0x20 Core/Startup/startup_stm32f303k8tx.o
 .debug_ranges  0x00000000000001d0       0xd0 Drivers/STM32F3xx_HAL_Driver/Src/stm32f3xx_ll_adc.o
 .debug_ranges  0x00000000000002a0       0xe0 Drivers/STM32F3xx_HAL_Driver/Src/stm32f3xx_ll_utils.o

.debug_macro    0x0000000000000000    0x14dd0
 .debug_macro   0x0000000000000000      0x136 Core/Src/adc.o
 .debug_macro   0x0000000000000136      0xa90 Core/Src/adc.o
 .debug_macro   0x0000000000000bc6       0x2e Core/Src/adc.o
 .debug_macro   0x0000000000000bf4       0x28 Core/Src/adc.o
 .debug_macro   0x0000000000000c1c       0x22 Core/Src/adc.o
 .debug_macro   0x0000000000000c3e       0x8e Core/Src/adc.o
 .debug_macro   0x0000000000000ccc       0x51 Core/Src/adc.o
 .debug_macro   0x0000000000000d1d       0xef Core/Src/adc.o
 .debug_macro   0x0000000000000e0c       0x6a Core/Src/adc.o
 .debug_macro   0x0000000000000e76      0x1df Core/Src/adc.o
 .debug_macro   0x0000000000001055       0x1c Core/Src/adc.o
 .debug_macro   0x0000000000001071       0x22 Core/Src/adc.o
 .debug_macro   0x0000000000001093       0xdf Core/Src/adc.o
 .debug_macro   0x0000000000001172      0xf07 Core/Src/adc.o
 .debug_macro   0x0000000000002079    0x10bd9 Core/Src/adc.o
 .debug_macro   0x0000000000012c52       0x43 Core/Src/adc.o
 .debug_macro   0x0000000000012c95      0xd34 Core/Src/adc.o
 .debug_macro   0x00000000000139c9      0x4c2 Core/Src/adc.o
 .debug_macro   0x0000000000013e8b       0xe1 Core/Src/adc.o
 .debug_macro   0x0000000000013f6c      0x29f Core/Src/adc.o
 .debug_macro   0x000000000001420b       0xfe Core/Src/adc.o
 .debug_macro   0x0000000000014309       0x28 Core/Src/adc.o
 .debug_macro   0x0000000000014331       0x30 Core/Src/adc.o
 .debug_macro   0x0000000000014361       0xa8 Core/Src/adc.o
 .debug_macro   0x0000000000014409      0x287 Core/Src/adc.o
 .debug_macro   0x0000000000014690      0x142 Core/Src/adc.o
 .debug_macro   0x00000000000147d2       0x22 Core/Src/adc.o
 .debug_macro   0x00000000000147f4      0x13a Core/Src/main.o
 .debug_macro   0x000000000001492e      0x136 Core/Src/stm32f3xx_it.o
 .debug_macro   0x0000000000014a64       0xc3 Core/Src/system_stm32f3xx.o
 .debug_macro   0x0000000000014b27      0x16e Drivers/STM32F3xx_HAL_Driver/Src/stm32f3xx_ll_adc.o
 .debug_macro   0x0000000000014c95      0x13b Drivers/STM32F3xx_HAL_Driver/Src/stm32f3xx_ll_utils.o

.debug_line     0x0000000000000000     0x2850
 .debug_line    0x0000000000000000      0x705 Core/Src/adc.o
 .debug_line    0x0000000000000705      0x77c Core/Src/main.o
 .debug_line    0x0000000000000e81      0x664 Core/Src/stm32f3xx_it.o
 .debug_line    0x00000000000014e5      0x47a Core/Src/system_stm32f3xx.o
 .debug_line    0x000000000000195f       0x85 Core/Startup/startup_stm32f303k8tx.o
 .debug_line    0x00000000000019e4      0x710 Drivers/STM32F3xx_HAL_Driver/Src/stm32f3xx_ll_adc.o
 .debug_line    0x00000000000020f4      0x75c Drivers/STM32F3xx_HAL_Driver/Src/stm32f3xx_ll_utils.o

.debug_str      0x0000000000000000    0x786cb
 .debug_str     0x0000000000000000    0x752ca Core/Src/adc.o
                                      0x75586 (size before relaxing)
 .debug_str     0x00000000000752ca      0x243 Core/Src/main.o
                                      0x751c3 (size before relaxing)
 .debug_str     0x000000000007550d       0xea Core/Src/stm32f3xx_it.o
                                      0x74f4d (size before relaxing)
 .debug_str     0x00000000000755f7       0x73 Core/Src/system_stm32f3xx.o
                                      0x65247 (size before relaxing)
 .debug_str     0x000000000007566a       0x36 Core/Startup/startup_stm32f303k8tx.o
                                         0xb4 (size before relaxing)
 .debug_str     0x00000000000756a0     0x2330 Drivers/STM32F3xx_HAL_Driver/Src/stm32f3xx_ll_adc.o
                                      0x710c6 (size before relaxing)
 .debug_str     0x00000000000779d0      0xcfb Drivers/STM32F3xx_HAL_Driver/Src/stm32f3xx_ll_utils.o
                                      0x6a258 (size before relaxing)

.comment        0x0000000000000000       0x7b
 .comment       0x0000000000000000       0x7b Core/Src/adc.o
                                         0x7c (size before relaxing)
 .comment       0x000000000000007b       0x7c Core/Src/main.o
 .comment       0x000000000000007b       0x7c Core/Src/stm32f3xx_it.o
 .comment       0x000000000000007b       0x7c Core/Src/system_stm32f3xx.o
 .comment       0x000000000000007b       0x7c Drivers/STM32F3xx_HAL_Driver/Src/stm32f3xx_ll_adc.o
 .comment       0x000000000000007b       0x7c Drivers/STM32F3xx_HAL_Driver/Src/stm32f3xx_ll_utils.o

.debug_frame    0x0000000000000000      0xf3c
 .debug_frame   0x0000000000000000      0x234 Core/Src/adc.o
 .debug_frame   0x0000000000000234      0x344 Core/Src/main.o
 .debug_frame   0x0000000000000578      0x17c Core/Src/stm32f3xx_it.o
 .debug_frame   0x00000000000006f4       0x58 Core/Src/system_stm32f3xx.o
 .debug_frame   0x000000000000074c      0x3e8 Drivers/STM32F3xx_HAL_Driver/Src/stm32f3xx_ll_adc.o
 .debug_frame   0x0000000000000b34      0x3dc Drivers/STM32F3xx_HAL_Driver/Src/stm32f3xx_ll_utils.o
 .debug_frame   0x0000000000000f10       0x2c c:/st/stm32cubeide_1.0.2/stm32cubeide/plugins/com.st.stm32cube.ide.mcu.externaltools.gnu-tools-for-stm32.7-2018-q2-update.win32_1.0.0.201904181610/tools/bin/../lib/gcc/arm-none-eabi/7.3.1/../../../../arm-none-eabi/lib/thumb/v7e-m/fpv4-sp/hard\libc_nano.a(lib_a-init.o)
