11:02:42 **** Incremental Build of configuration Debug for project osci ****
make -j4 all 
arm-none-eabi-gcc "../Core/Src/main.c" -mcpu=cortex-m4 -std=gnu11 -g3 '-DEXTERNAL_CLOCK_VALUE=8000000' '-DHSE_VALUE=8000000' '-DHSE_STARTUP_TIMEOUT=100' -DDEBUG '-DLSE_STARTUP_TIMEOUT=5000' '-DLSE_VALUE=32768' '-DVDD_VALUE=3300' '-DLSI_VALUE=40000' '-DHSI_VALUE=8000000' -DSTM32F303x8 -DUSE_FULL_LL_DRIVER '-DPREFETCH_ENABLE=1' -c -I../Drivers/CMSIS/Include -I../Drivers/STM32F3xx_HAL_Driver/Inc -I../Core/Inc -I../Drivers/CMSIS/Device/ST/STM32F3xx/Include -O0 -ffunction-sections -fdata-sections -Wall -fstack-usage -MMD -MP -MF"Core/Src/main.d" -MT"Core/Src/main.o" --specs=nano.specs -mfpu=fpv4-sp-d16 -mfloat-abi=hard -mthumb -o "Core/Src/main.o"
arm-none-eabi-gcc "../Core/Src/osci.c" -mcpu=cortex-m4 -std=gnu11 -g3 '-DEXTERNAL_CLOCK_VALUE=8000000' '-DHSE_VALUE=8000000' '-DHSE_STARTUP_TIMEOUT=100' -DDEBUG '-DLSE_STARTUP_TIMEOUT=5000' '-DLSE_VALUE=32768' '-DVDD_VALUE=3300' '-DLSI_VALUE=40000' '-DHSI_VALUE=8000000' -DSTM32F303x8 -DUSE_FULL_LL_DRIVER '-DPREFETCH_ENABLE=1' -c -I../Drivers/CMSIS/Include -I../Drivers/STM32F3xx_HAL_Driver/Inc -I../Core/Inc -I../Drivers/CMSIS/Device/ST/STM32F3xx/Include -O0 -ffunction-sections -fdata-sections -Wall -fstack-usage -MMD -MP -MF"Core/Src/osci.d" -MT"Core/Src/osci.o" --specs=nano.specs -mfpu=fpv4-sp-d16 -mfloat-abi=hard -mthumb -o "Core/Src/osci.o"
arm-none-eabi-gcc "../Core/Src/osci_adc.c" -mcpu=cortex-m4 -std=gnu11 -g3 '-DEXTERNAL_CLOCK_VALUE=8000000' '-DHSE_VALUE=8000000' '-DHSE_STARTUP_TIMEOUT=100' -DDEBUG '-DLSE_STARTUP_TIMEOUT=5000' '-DLSE_VALUE=32768' '-DVDD_VALUE=3300' '-DLSI_VALUE=40000' '-DHSI_VALUE=8000000' -DSTM32F303x8 -DUSE_FULL_LL_DRIVER '-DPREFETCH_ENABLE=1' -c -I../Drivers/CMSIS/Include -I../Drivers/STM32F3xx_HAL_Driver/Inc -I../Core/Inc -I../Drivers/CMSIS/Device/ST/STM32F3xx/Include -O0 -ffunction-sections -fdata-sections -Wall -fstack-usage -MMD -MP -MF"Core/Src/osci_adc.d" -MT"Core/Src/osci_adc.o" --specs=nano.specs -mfpu=fpv4-sp-d16 -mfloat-abi=hard -mthumb -o "Core/Src/osci_adc.o"
arm-none-eabi-gcc "../Core/Src/osci_callback.c" -mcpu=cortex-m4 -std=gnu11 -g3 '-DEXTERNAL_CLOCK_VALUE=8000000' '-DHSE_VALUE=8000000' '-DHSE_STARTUP_TIMEOUT=100' -DDEBUG '-DLSE_STARTUP_TIMEOUT=5000' '-DLSE_VALUE=32768' '-DVDD_VALUE=3300' '-DLSI_VALUE=40000' '-DHSI_VALUE=8000000' -DSTM32F303x8 -DUSE_FULL_LL_DRIVER '-DPREFETCH_ENABLE=1' -c -I../Drivers/CMSIS/Include -I../Drivers/STM32F3xx_HAL_Driver/Inc -I../Core/Inc -I../Drivers/CMSIS/Device/ST/STM32F3xx/Include -O0 -ffunction-sections -fdata-sections -Wall -fstack-usage -MMD -MP -MF"Core/Src/osci_callback.d" -MT"Core/Src/osci_callback.o" --specs=nano.specs -mfpu=fpv4-sp-d16 -mfloat-abi=hard -mthumb -o "Core/Src/osci_callback.o"
arm-none-eabi-gcc "../Core/Src/osci_channel_state_machine.c" -mcpu=cortex-m4 -std=gnu11 -g3 '-DEXTERNAL_CLOCK_VALUE=8000000' '-DHSE_VALUE=8000000' '-DHSE_STARTUP_TIMEOUT=100' -DDEBUG '-DLSE_STARTUP_TIMEOUT=5000' '-DLSE_VALUE=32768' '-DVDD_VALUE=3300' '-DLSI_VALUE=40000' '-DHSI_VALUE=8000000' -DSTM32F303x8 -DUSE_FULL_LL_DRIVER '-DPREFETCH_ENABLE=1' -c -I../Drivers/CMSIS/Include -I../Drivers/STM32F3xx_HAL_Driver/Inc -I../Core/Inc -I../Drivers/CMSIS/Device/ST/STM32F3xx/Include -O0 -ffunction-sections -fdata-sections -Wall -fstack-usage -MMD -MP -MF"Core/Src/osci_channel_state_machine.d" -MT"Core/Src/osci_channel_state_machine.o" --specs=nano.specs -mfpu=fpv4-sp-d16 -mfloat-abi=hard -mthumb -o "Core/Src/osci_channel_state_machine.o"
arm-none-eabi-gcc "../Core/Src/osci_configurator.c" -mcpu=cortex-m4 -std=gnu11 -g3 '-DEXTERNAL_CLOCK_VALUE=8000000' '-DHSE_VALUE=8000000' '-DHSE_STARTUP_TIMEOUT=100' -DDEBUG '-DLSE_STARTUP_TIMEOUT=5000' '-DLSE_VALUE=32768' '-DVDD_VALUE=3300' '-DLSI_VALUE=40000' '-DHSI_VALUE=8000000' -DSTM32F303x8 -DUSE_FULL_LL_DRIVER '-DPREFETCH_ENABLE=1' -c -I../Drivers/CMSIS/Include -I../Drivers/STM32F3xx_HAL_Driver/Inc -I../Core/Inc -I../Drivers/CMSIS/Device/ST/STM32F3xx/Include -O0 -ffunction-sections -fdata-sections -Wall -fstack-usage -MMD -MP -MF"Core/Src/osci_configurator.d" -MT"Core/Src/osci_configurator.o" --specs=nano.specs -mfpu=fpv4-sp-d16 -mfloat-abi=hard -mthumb -o "Core/Src/osci_configurator.o"
arm-none-eabi-gcc "../Core/Src/osci_dma.c" -mcpu=cortex-m4 -std=gnu11 -g3 '-DEXTERNAL_CLOCK_VALUE=8000000' '-DHSE_VALUE=8000000' '-DHSE_STARTUP_TIMEOUT=100' -DDEBUG '-DLSE_STARTUP_TIMEOUT=5000' '-DLSE_VALUE=32768' '-DVDD_VALUE=3300' '-DLSI_VALUE=40000' '-DHSI_VALUE=8000000' -DSTM32F303x8 -DUSE_FULL_LL_DRIVER '-DPREFETCH_ENABLE=1' -c -I../Drivers/CMSIS/Include -I../Drivers/STM32F3xx_HAL_Driver/Inc -I../Core/Inc -I../Drivers/CMSIS/Device/ST/STM32F3xx/Include -O0 -ffunction-sections -fdata-sections -Wall -fstack-usage -MMD -MP -MF"Core/Src/osci_dma.d" -MT"Core/Src/osci_dma.o" --specs=nano.specs -mfpu=fpv4-sp-d16 -mfloat-abi=hard -mthumb -o "Core/Src/osci_dma.o"
arm-none-eabi-gcc "../Core/Src/osci_timer.c" -mcpu=cortex-m4 -std=gnu11 -g3 '-DEXTERNAL_CLOCK_VALUE=8000000' '-DHSE_VALUE=8000000' '-DHSE_STARTUP_TIMEOUT=100' -DDEBUG '-DLSE_STARTUP_TIMEOUT=5000' '-DLSE_VALUE=32768' '-DVDD_VALUE=3300' '-DLSI_VALUE=40000' '-DHSI_VALUE=8000000' -DSTM32F303x8 -DUSE_FULL_LL_DRIVER '-DPREFETCH_ENABLE=1' -c -I../Drivers/CMSIS/Include -I../Drivers/STM32F3xx_HAL_Driver/Inc -I../Core/Inc -I../Drivers/CMSIS/Device/ST/STM32F3xx/Include -O0 -ffunction-sections -fdata-sections -Wall -fstack-usage -MMD -MP -MF"Core/Src/osci_timer.d" -MT"Core/Src/osci_timer.o" --specs=nano.specs -mfpu=fpv4-sp-d16 -mfloat-abi=hard -mthumb -o "Core/Src/osci_timer.o"
arm-none-eabi-gcc "../Core/Src/osci_transceiver.c" -mcpu=cortex-m4 -std=gnu11 -g3 '-DEXTERNAL_CLOCK_VALUE=8000000' '-DHSE_VALUE=8000000' '-DHSE_STARTUP_TIMEOUT=100' -DDEBUG '-DLSE_STARTUP_TIMEOUT=5000' '-DLSE_VALUE=32768' '-DVDD_VALUE=3300' '-DLSI_VALUE=40000' '-DHSI_VALUE=8000000' -DSTM32F303x8 -DUSE_FULL_LL_DRIVER '-DPREFETCH_ENABLE=1' -c -I../Drivers/CMSIS/Include -I../Drivers/STM32F3xx_HAL_Driver/Inc -I../Core/Inc -I../Drivers/CMSIS/Device/ST/STM32F3xx/Include -O0 -ffunction-sections -fdata-sections -Wall -fstack-usage -MMD -MP -MF"Core/Src/osci_transceiver.d" -MT"Core/Src/osci_transceiver.o" --specs=nano.specs -mfpu=fpv4-sp-d16 -mfloat-abi=hard -mthumb -o "Core/Src/osci_transceiver.o"
arm-none-eabi-gcc "../Core/Src/osci_transform.c" -mcpu=cortex-m4 -std=gnu11 -g3 '-DEXTERNAL_CLOCK_VALUE=8000000' '-DHSE_VALUE=8000000' '-DHSE_STARTUP_TIMEOUT=100' -DDEBUG '-DLSE_STARTUP_TIMEOUT=5000' '-DLSE_VALUE=32768' '-DVDD_VALUE=3300' '-DLSI_VALUE=40000' '-DHSI_VALUE=8000000' -DSTM32F303x8 -DUSE_FULL_LL_DRIVER '-DPREFETCH_ENABLE=1' -c -I../Drivers/CMSIS/Include -I../Drivers/STM32F3xx_HAL_Driver/Inc -I../Core/Inc -I../Drivers/CMSIS/Device/ST/STM32F3xx/Include -O0 -ffunction-sections -fdata-sections -Wall -fstack-usage -MMD -MP -MF"Core/Src/osci_transform.d" -MT"Core/Src/osci_transform.o" --specs=nano.specs -mfpu=fpv4-sp-d16 -mfloat-abi=hard -mthumb -o "Core/Src/osci_transform.o"
arm-none-eabi-gcc "../Core/Src/stm32f3xx_it.c" -mcpu=cortex-m4 -std=gnu11 -g3 '-DEXTERNAL_CLOCK_VALUE=8000000' '-DHSE_VALUE=8000000' '-DHSE_STARTUP_TIMEOUT=100' -DDEBUG '-DLSE_STARTUP_TIMEOUT=5000' '-DLSE_VALUE=32768' '-DVDD_VALUE=3300' '-DLSI_VALUE=40000' '-DHSI_VALUE=8000000' -DSTM32F303x8 -DUSE_FULL_LL_DRIVER '-DPREFETCH_ENABLE=1' -c -I../Drivers/CMSIS/Include -I../Drivers/STM32F3xx_HAL_Driver/Inc -I../Core/Inc -I../Drivers/CMSIS/Device/ST/STM32F3xx/Include -O0 -ffunction-sections -fdata-sections -Wall -fstack-usage -MMD -MP -MF"Core/Src/stm32f3xx_it.d" -MT"Core/Src/stm32f3xx_it.o" --specs=nano.specs -mfpu=fpv4-sp-d16 -mfloat-abi=hard -mthumb -o "Core/Src/stm32f3xx_it.o"
arm-none-eabi-gcc -o "osci.elf" @"objects.list"   -mcpu=cortex-m4 -T"C:\Users\dot\Documents\Skola\Semester7\VS\SemestralnyProjekt\git\Oscilloscope\STMProjects\osci\STM32F303K8TX_FLASH.ld" --specs=nosys.specs -Wl,-Map="osci.map" -Wl,--gc-sections -static --specs=nano.specs -mfpu=fpv4-sp-d16 -mfloat-abi=hard -mthumb -Wl,--start-group -lc -lm -Wl,--end-group
Finished building target: osci.elf
 
arm-none-eabi-objdump -h -S  osci.elf  > "osci.list"
arm-none-eabi-size   osci.elf 
   text	   data	    bss	    dec	    hex	filename
  20644	    112	   1616	  22372	   5764	osci.elf
Finished building: default.size.stdout
 
Finished building: osci.list
 
11:05:04 **** Incremental Build of configuration Debug for project osci ****
make -j4 all 
arm-none-eabi-size   osci.elf 
   text	   data	    bss	    dec	    hex	filename
  20644	    112	   1616	  22372	   5764	osci.elf
Finished building: default.size.stdout
 
11:11:53 **** Incremental Build of configuration Debug for project osci ****
make -j4 all 
arm-none-eabi-gcc "../Core/Src/osci_transform.c" -mcpu=cortex-m4 -std=gnu11 -g3 '-DEXTERNAL_CLOCK_VALUE=8000000' '-DHSE_VALUE=8000000' '-DHSE_STARTUP_TIMEOUT=100' -DDEBUG '-DLSE_STARTUP_TIMEOUT=5000' '-DLSE_VALUE=32768' '-DVDD_VALUE=3300' '-DLSI_VALUE=40000' '-DHSI_VALUE=8000000' -DSTM32F303x8 -DUSE_FULL_LL_DRIVER '-DPREFETCH_ENABLE=1' -c -I../Drivers/CMSIS/Include -I../Drivers/STM32F3xx_HAL_Driver/Inc -I../Core/Inc -I../Drivers/CMSIS/Device/ST/STM32F3xx/Include -O0 -ffunction-sections -fdata-sections -Wall -fstack-usage -MMD -MP -MF"Core/Src/osci_transform.d" -MT"Core/Src/osci_transform.o" --specs=nano.specs -mfpu=fpv4-sp-d16 -mfloat-abi=hard -mthumb -o "Core/Src/osci_transform.o"
arm-none-eabi-gcc -o "osci.elf" @"objects.list"   -mcpu=cortex-m4 -T"C:\Users\dot\Documents\Skola\Semester7\VS\SemestralnyProjekt\git\Oscilloscope\STMProjects\osci\STM32F303K8TX_FLASH.ld" --specs=nosys.specs -Wl,-Map="osci.map" -Wl,--gc-sections -static --specs=nano.specs -mfpu=fpv4-sp-d16 -mfloat-abi=hard -mthumb -Wl,--start-group -lc -lm -Wl,--end-group
Finished building target: osci.elf
 
arm-none-eabi-objdump -h -S  osci.elf  > "osci.list"
arm-none-eabi-size   osci.elf 
   text	   data	    bss	    dec	    hex	filename
  20708	    112	   1616	  22436	   57a4	osci.elf
Finished building: default.size.stdout
 
Finished building: osci.list
 
11:20:38 **** Incremental Build of configuration Debug for project osci ****
make -j4 all 
arm-none-eabi-gcc "../Core/Src/osci_configurator.c" -mcpu=cortex-m4 -std=gnu11 -g3 '-DEXTERNAL_CLOCK_VALUE=8000000' '-DHSE_VALUE=8000000' '-DHSE_STARTUP_TIMEOUT=100' -DDEBUG '-DLSE_STARTUP_TIMEOUT=5000' '-DLSE_VALUE=32768' '-DVDD_VALUE=3300' '-DLSI_VALUE=40000' '-DHSI_VALUE=8000000' -DSTM32F303x8 -DUSE_FULL_LL_DRIVER '-DPREFETCH_ENABLE=1' -c -I../Drivers/CMSIS/Include -I../Drivers/STM32F3xx_HAL_Driver/Inc -I../Core/Inc -I../Drivers/CMSIS/Device/ST/STM32F3xx/Include -O0 -ffunction-sections -fdata-sections -Wall -fstack-usage -MMD -MP -MF"Core/Src/osci_configurator.d" -MT"Core/Src/osci_configurator.o" --specs=nano.specs -mfpu=fpv4-sp-d16 -mfloat-abi=hard -mthumb -o "Core/Src/osci_configurator.o"
arm-none-eabi-gcc -o "osci.elf" @"objects.list"   -mcpu=cortex-m4 -T"C:\Users\dot\Documents\Skola\Semester7\VS\SemestralnyProjekt\git\Oscilloscope\STMProjects\osci\STM32F303K8TX_FLASH.ld" --specs=nosys.specs -Wl,-Map="osci.map" -Wl,--gc-sections -static --specs=nano.specs -mfpu=fpv4-sp-d16 -mfloat-abi=hard -mthumb -Wl,--start-group -lc -lm -Wl,--end-group
Finished building target: osci.elf
 
arm-none-eabi-objdump -h -S  osci.elf  > "osci.list"
arm-none-eabi-size   osci.elf 
   text	   data	    bss	    dec	    hex	filename
  20708	    112	   1616	  22436	   57a4	osci.elf
Finished building: default.size.stdout
 
Finished building: osci.list
 
11:23:20 **** Incremental Build of configuration Debug for project osci ****
make -j4 all 
arm-none-eabi-gcc "../Core/Src/osci_configurator.c" -mcpu=cortex-m4 -std=gnu11 -g3 '-DEXTERNAL_CLOCK_VALUE=8000000' '-DHSE_VALUE=8000000' '-DHSE_STARTUP_TIMEOUT=100' -DDEBUG '-DLSE_STARTUP_TIMEOUT=5000' '-DLSE_VALUE=32768' '-DVDD_VALUE=3300' '-DLSI_VALUE=40000' '-DHSI_VALUE=8000000' -DSTM32F303x8 -DUSE_FULL_LL_DRIVER '-DPREFETCH_ENABLE=1' -c -I../Drivers/CMSIS/Include -I../Drivers/STM32F3xx_HAL_Driver/Inc -I../Core/Inc -I../Drivers/CMSIS/Device/ST/STM32F3xx/Include -O0 -ffunction-sections -fdata-sections -Wall -fstack-usage -MMD -MP -MF"Core/Src/osci_configurator.d" -MT"Core/Src/osci_configurator.o" --specs=nano.specs -mfpu=fpv4-sp-d16 -mfloat-abi=hard -mthumb -o "Core/Src/osci_configurator.o"
arm-none-eabi-gcc "../Core/Src/osci_transform.c" -mcpu=cortex-m4 -std=gnu11 -g3 '-DEXTERNAL_CLOCK_VALUE=8000000' '-DHSE_VALUE=8000000' '-DHSE_STARTUP_TIMEOUT=100' -DDEBUG '-DLSE_STARTUP_TIMEOUT=5000' '-DLSE_VALUE=32768' '-DVDD_VALUE=3300' '-DLSI_VALUE=40000' '-DHSI_VALUE=8000000' -DSTM32F303x8 -DUSE_FULL_LL_DRIVER '-DPREFETCH_ENABLE=1' -c -I../Drivers/CMSIS/Include -I../Drivers/STM32F3xx_HAL_Driver/Inc -I../Core/Inc -I../Drivers/CMSIS/Device/ST/STM32F3xx/Include -O0 -ffunction-sections -fdata-sections -Wall -fstack-usage -MMD -MP -MF"Core/Src/osci_transform.d" -MT"Core/Src/osci_transform.o" --specs=nano.specs -mfpu=fpv4-sp-d16 -mfloat-abi=hard -mthumb -o "Core/Src/osci_transform.o"
arm-none-eabi-gcc -o "osci.elf" @"objects.list"   -mcpu=cortex-m4 -T"C:\Users\dot\Documents\Skola\Semester7\VS\SemestralnyProjekt\git\Oscilloscope\STMProjects\osci\STM32F303K8TX_FLASH.ld" --specs=nosys.specs -Wl,-Map="osci.map" -Wl,--gc-sections -static --specs=nano.specs -mfpu=fpv4-sp-d16 -mfloat-abi=hard -mthumb -Wl,--start-group -lc -lm -Wl,--end-group
Finished building target: osci.elf
 
arm-none-eabi-objdump -h -S  osci.elf  > "osci.list"
arm-none-eabi-size   osci.elf 
   text	   data	    bss	    dec	    hex	filename
  20644	    112	   1616	  22372	   5764	osci.elf
Finished building: default.size.stdout
 
Finished building: osci.list
 
11:30:44 **** Incremental Build of configuration Debug for project osci ****
make -j4 all 
arm-none-eabi-gcc "../Core/Src/osci_transform.c" -mcpu=cortex-m4 -std=gnu11 -g3 '-DEXTERNAL_CLOCK_VALUE=8000000' '-DHSE_VALUE=8000000' '-DHSE_STARTUP_TIMEOUT=100' -DDEBUG '-DLSE_STARTUP_TIMEOUT=5000' '-DLSE_VALUE=32768' '-DVDD_VALUE=3300' '-DLSI_VALUE=40000' '-DHSI_VALUE=8000000' -DSTM32F303x8 -DUSE_FULL_LL_DRIVER '-DPREFETCH_ENABLE=1' -c -I../Drivers/CMSIS/Include -I../Drivers/STM32F3xx_HAL_Driver/Inc -I../Core/Inc -I../Drivers/CMSIS/Device/ST/STM32F3xx/Include -O0 -ffunction-sections -fdata-sections -Wall -fstack-usage -MMD -MP -MF"Core/Src/osci_transform.d" -MT"Core/Src/osci_transform.o" --specs=nano.specs -mfpu=fpv4-sp-d16 -mfloat-abi=hard -mthumb -o "Core/Src/osci_transform.o"
arm-none-eabi-gcc -o "osci.elf" @"objects.list"   -mcpu=cortex-m4 -T"C:\Users\dot\Documents\Skola\Semester7\VS\SemestralnyProjekt\git\Oscilloscope\STMProjects\osci\STM32F303K8TX_FLASH.ld" --specs=nosys.specs -Wl,-Map="osci.map" -Wl,--gc-sections -static --specs=nano.specs -mfpu=fpv4-sp-d16 -mfloat-abi=hard -mthumb -Wl,--start-group -lc -lm -Wl,--end-group
Finished building target: osci.elf
 
arm-none-eabi-objdump -h -S  osci.elf  > "osci.list"
arm-none-eabi-size   osci.elf 
   text	   data	    bss	    dec	    hex	filename
  20708	    112	   1616	  22436	   57a4	osci.elf
Finished building: default.size.stdout
 
Finished building: osci.list
 
11:52:04 **** Incremental Build of configuration Debug for project osci ****
make -j4 all 
arm-none-eabi-gcc "../Core/Src/osci_configurator.c" -mcpu=cortex-m4 -std=gnu11 -g3 '-DEXTERNAL_CLOCK_VALUE=8000000' '-DHSE_VALUE=8000000' '-DHSE_STARTUP_TIMEOUT=100' -DDEBUG '-DLSE_STARTUP_TIMEOUT=5000' '-DLSE_VALUE=32768' '-DVDD_VALUE=3300' '-DLSI_VALUE=40000' '-DHSI_VALUE=8000000' -DSTM32F303x8 -DUSE_FULL_LL_DRIVER '-DPREFETCH_ENABLE=1' -c -I../Drivers/CMSIS/Include -I../Drivers/STM32F3xx_HAL_Driver/Inc -I../Core/Inc -I../Drivers/CMSIS/Device/ST/STM32F3xx/Include -O0 -ffunction-sections -fdata-sections -Wall -fstack-usage -MMD -MP -MF"Core/Src/osci_configurator.d" -MT"Core/Src/osci_configurator.o" --specs=nano.specs -mfpu=fpv4-sp-d16 -mfloat-abi=hard -mthumb -o "Core/Src/osci_configurator.o"
arm-none-eabi-gcc -o "osci.elf" @"objects.list"   -mcpu=cortex-m4 -T"C:\Users\dot\Documents\Skola\Semester7\VS\SemestralnyProjekt\git\Oscilloscope\STMProjects\osci\STM32F303K8TX_FLASH.ld" --specs=nosys.specs -Wl,-Map="osci.map" -Wl,--gc-sections -static --specs=nano.specs -mfpu=fpv4-sp-d16 -mfloat-abi=hard -mthumb -Wl,--start-group -lc -lm -Wl,--end-group
Finished building target: osci.elf
 
arm-none-eabi-objdump -h -S  osci.elf  > "osci.list"
arm-none-eabi-size   osci.elf 
   text	   data	    bss	    dec	    hex	filename
  20748	    112	   1616	  22476	   57cc	osci.elf
Finished building: default.size.stdout
 
Finished building: osci.list
 
11:52:25 **** Incremental Build of configuration Debug for project osci ****
make -j4 all 
arm-none-eabi-size   osci.elf 
   text	   data	    bss	    dec	    hex	filename
  20748	    112	   1616	  22476	   57cc	osci.elf
Finished building: default.size.stdout
 
12:29:27 **** Incremental Build of configuration Debug for project osci ****
make -j4 all 
arm-none-eabi-size   osci.elf 
   text	   data	    bss	    dec	    hex	filename
  20748	    112	   1616	  22476	   57cc	osci.elf
Finished building: default.size.stdout
 
12:34:25 **** Incremental Build of configuration Debug for project osci ****
make -j4 all 
arm-none-eabi-gcc "../Core/Src/osci_configurator.c" -mcpu=cortex-m4 -std=gnu11 -g3 '-DEXTERNAL_CLOCK_VALUE=8000000' '-DHSE_VALUE=8000000' '-DHSE_STARTUP_TIMEOUT=100' -DDEBUG '-DLSE_STARTUP_TIMEOUT=5000' '-DLSE_VALUE=32768' '-DVDD_VALUE=3300' '-DLSI_VALUE=40000' '-DHSI_VALUE=8000000' -DSTM32F303x8 -DUSE_FULL_LL_DRIVER '-DPREFETCH_ENABLE=1' -c -I../Drivers/CMSIS/Include -I../Drivers/STM32F3xx_HAL_Driver/Inc -I../Core/Inc -I../Drivers/CMSIS/Device/ST/STM32F3xx/Include -O0 -ffunction-sections -fdata-sections -Wall -fstack-usage -MMD -MP -MF"Core/Src/osci_configurator.d" -MT"Core/Src/osci_configurator.o" --specs=nano.specs -mfpu=fpv4-sp-d16 -mfloat-abi=hard -mthumb -o "Core/Src/osci_configurator.o"
arm-none-eabi-gcc -o "osci.elf" @"objects.list"   -mcpu=cortex-m4 -T"C:\Users\dot\Documents\Skola\Semester7\VS\SemestralnyProjekt\git\Oscilloscope\STMProjects\osci\STM32F303K8TX_FLASH.ld" --specs=nosys.specs -Wl,-Map="osci.map" -Wl,--gc-sections -static --specs=nano.specs -mfpu=fpv4-sp-d16 -mfloat-abi=hard -mthumb -Wl,--start-group -lc -lm -Wl,--end-group
Finished building target: osci.elf
 
arm-none-eabi-objdump -h -S  osci.elf  > "osci.list"
arm-none-eabi-size   osci.elf 
   text	   data	    bss	    dec	    hex	filename
  20748	    112	   1616	  22476	   57cc	osci.elf
Finished building: default.size.stdout
 
Finished building: osci.list
 
12:45:23 **** Incremental Build of configuration Debug for project osci ****
make -j4 all 
arm-none-eabi-gcc "../Core/Src/osci_transceiver.c" -mcpu=cortex-m4 -std=gnu11 -g3 '-DEXTERNAL_CLOCK_VALUE=8000000' '-DHSE_VALUE=8000000' '-DHSE_STARTUP_TIMEOUT=100' -DDEBUG '-DLSE_STARTUP_TIMEOUT=5000' '-DLSE_VALUE=32768' '-DVDD_VALUE=3300' '-DLSI_VALUE=40000' '-DHSI_VALUE=8000000' -DSTM32F303x8 -DUSE_FULL_LL_DRIVER '-DPREFETCH_ENABLE=1' -c -I../Drivers/CMSIS/Include -I../Drivers/STM32F3xx_HAL_Driver/Inc -I../Core/Inc -I../Drivers/CMSIS/Device/ST/STM32F3xx/Include -O0 -ffunction-sections -fdata-sections -Wall -fstack-usage -MMD -MP -MF"Core/Src/osci_transceiver.d" -MT"Core/Src/osci_transceiver.o" --specs=nano.specs -mfpu=fpv4-sp-d16 -mfloat-abi=hard -mthumb -o "Core/Src/osci_transceiver.o"
arm-none-eabi-gcc -o "osci.elf" @"objects.list"   -mcpu=cortex-m4 -T"C:\Users\dot\Documents\Skola\Semester7\VS\SemestralnyProjekt\git\Oscilloscope\STMProjects\osci\STM32F303K8TX_FLASH.ld" --specs=nosys.specs -Wl,-Map="osci.map" -Wl,--gc-sections -static --specs=nano.specs -mfpu=fpv4-sp-d16 -mfloat-abi=hard -mthumb -Wl,--start-group -lc -lm -Wl,--end-group
Finished building target: osci.elf
 
arm-none-eabi-objdump -h -S  osci.elf  > "osci.list"
arm-none-eabi-size   osci.elf 
   text	   data	    bss	    dec	    hex	filename
  20748	    112	   1616	  22476	   57cc	osci.elf
Finished building: default.size.stdout
 
Finished building: osci.list
 
13:00:33 **** Incremental Build of configuration Debug for project osci ****
make -j4 all 
arm-none-eabi-gcc "../Core/Src/main.c" -mcpu=cortex-m4 -std=gnu11 -g3 '-DEXTERNAL_CLOCK_VALUE=8000000' '-DHSE_VALUE=8000000' '-DHSE_STARTUP_TIMEOUT=100' -DDEBUG '-DLSE_STARTUP_TIMEOUT=5000' '-DLSE_VALUE=32768' '-DVDD_VALUE=3300' '-DLSI_VALUE=40000' '-DHSI_VALUE=8000000' -DSTM32F303x8 -DUSE_FULL_LL_DRIVER '-DPREFETCH_ENABLE=1' -c -I../Drivers/CMSIS/Include -I../Drivers/STM32F3xx_HAL_Driver/Inc -I../Core/Inc -I../Drivers/CMSIS/Device/ST/STM32F3xx/Include -O0 -ffunction-sections -fdata-sections -Wall -fstack-usage -MMD -MP -MF"Core/Src/main.d" -MT"Core/Src/main.o" --specs=nano.specs -mfpu=fpv4-sp-d16 -mfloat-abi=hard -mthumb -o "Core/Src/main.o"
arm-none-eabi-gcc "../Core/Src/osci.c" -mcpu=cortex-m4 -std=gnu11 -g3 '-DEXTERNAL_CLOCK_VALUE=8000000' '-DHSE_VALUE=8000000' '-DHSE_STARTUP_TIMEOUT=100' -DDEBUG '-DLSE_STARTUP_TIMEOUT=5000' '-DLSE_VALUE=32768' '-DVDD_VALUE=3300' '-DLSI_VALUE=40000' '-DHSI_VALUE=8000000' -DSTM32F303x8 -DUSE_FULL_LL_DRIVER '-DPREFETCH_ENABLE=1' -c -I../Drivers/CMSIS/Include -I../Drivers/STM32F3xx_HAL_Driver/Inc -I../Core/Inc -I../Drivers/CMSIS/Device/ST/STM32F3xx/Include -O0 -ffunction-sections -fdata-sections -Wall -fstack-usage -MMD -MP -MF"Core/Src/osci.d" -MT"Core/Src/osci.o" --specs=nano.specs -mfpu=fpv4-sp-d16 -mfloat-abi=hard -mthumb -o "Core/Src/osci.o"
arm-none-eabi-gcc "../Core/Src/osci_adc.c" -mcpu=cortex-m4 -std=gnu11 -g3 '-DEXTERNAL_CLOCK_VALUE=8000000' '-DHSE_VALUE=8000000' '-DHSE_STARTUP_TIMEOUT=100' -DDEBUG '-DLSE_STARTUP_TIMEOUT=5000' '-DLSE_VALUE=32768' '-DVDD_VALUE=3300' '-DLSI_VALUE=40000' '-DHSI_VALUE=8000000' -DSTM32F303x8 -DUSE_FULL_LL_DRIVER '-DPREFETCH_ENABLE=1' -c -I../Drivers/CMSIS/Include -I../Drivers/STM32F3xx_HAL_Driver/Inc -I../Core/Inc -I../Drivers/CMSIS/Device/ST/STM32F3xx/Include -O0 -ffunction-sections -fdata-sections -Wall -fstack-usage -MMD -MP -MF"Core/Src/osci_adc.d" -MT"Core/Src/osci_adc.o" --specs=nano.specs -mfpu=fpv4-sp-d16 -mfloat-abi=hard -mthumb -o "Core/Src/osci_adc.o"
arm-none-eabi-gcc "../Core/Src/osci_callback.c" -mcpu=cortex-m4 -std=gnu11 -g3 '-DEXTERNAL_CLOCK_VALUE=8000000' '-DHSE_VALUE=8000000' '-DHSE_STARTUP_TIMEOUT=100' -DDEBUG '-DLSE_STARTUP_TIMEOUT=5000' '-DLSE_VALUE=32768' '-DVDD_VALUE=3300' '-DLSI_VALUE=40000' '-DHSI_VALUE=8000000' -DSTM32F303x8 -DUSE_FULL_LL_DRIVER '-DPREFETCH_ENABLE=1' -c -I../Drivers/CMSIS/Include -I../Drivers/STM32F3xx_HAL_Driver/Inc -I../Core/Inc -I../Drivers/CMSIS/Device/ST/STM32F3xx/Include -O0 -ffunction-sections -fdata-sections -Wall -fstack-usage -MMD -MP -MF"Core/Src/osci_callback.d" -MT"Core/Src/osci_callback.o" --specs=nano.specs -mfpu=fpv4-sp-d16 -mfloat-abi=hard -mthumb -o "Core/Src/osci_callback.o"
arm-none-eabi-gcc "../Core/Src/osci_channel_state_machine.c" -mcpu=cortex-m4 -std=gnu11 -g3 '-DEXTERNAL_CLOCK_VALUE=8000000' '-DHSE_VALUE=8000000' '-DHSE_STARTUP_TIMEOUT=100' -DDEBUG '-DLSE_STARTUP_TIMEOUT=5000' '-DLSE_VALUE=32768' '-DVDD_VALUE=3300' '-DLSI_VALUE=40000' '-DHSI_VALUE=8000000' -DSTM32F303x8 -DUSE_FULL_LL_DRIVER '-DPREFETCH_ENABLE=1' -c -I../Drivers/CMSIS/Include -I../Drivers/STM32F3xx_HAL_Driver/Inc -I../Core/Inc -I../Drivers/CMSIS/Device/ST/STM32F3xx/Include -O0 -ffunction-sections -fdata-sections -Wall -fstack-usage -MMD -MP -MF"Core/Src/osci_channel_state_machine.d" -MT"Core/Src/osci_channel_state_machine.o" --specs=nano.specs -mfpu=fpv4-sp-d16 -mfloat-abi=hard -mthumb -o "Core/Src/osci_channel_state_machine.o"
arm-none-eabi-gcc "../Core/Src/osci_configurator.c" -mcpu=cortex-m4 -std=gnu11 -g3 '-DEXTERNAL_CLOCK_VALUE=8000000' '-DHSE_VALUE=8000000' '-DHSE_STARTUP_TIMEOUT=100' -DDEBUG '-DLSE_STARTUP_TIMEOUT=5000' '-DLSE_VALUE=32768' '-DVDD_VALUE=3300' '-DLSI_VALUE=40000' '-DHSI_VALUE=8000000' -DSTM32F303x8 -DUSE_FULL_LL_DRIVER '-DPREFETCH_ENABLE=1' -c -I../Drivers/CMSIS/Include -I../Drivers/STM32F3xx_HAL_Driver/Inc -I../Core/Inc -I../Drivers/CMSIS/Device/ST/STM32F3xx/Include -O0 -ffunction-sections -fdata-sections -Wall -fstack-usage -MMD -MP -MF"Core/Src/osci_configurator.d" -MT"Core/Src/osci_configurator.o" --specs=nano.specs -mfpu=fpv4-sp-d16 -mfloat-abi=hard -mthumb -o "Core/Src/osci_configurator.o"
arm-none-eabi-gcc "../Core/Src/osci_dma.c" -mcpu=cortex-m4 -std=gnu11 -g3 '-DEXTERNAL_CLOCK_VALUE=8000000' '-DHSE_VALUE=8000000' '-DHSE_STARTUP_TIMEOUT=100' -DDEBUG '-DLSE_STARTUP_TIMEOUT=5000' '-DLSE_VALUE=32768' '-DVDD_VALUE=3300' '-DLSI_VALUE=40000' '-DHSI_VALUE=8000000' -DSTM32F303x8 -DUSE_FULL_LL_DRIVER '-DPREFETCH_ENABLE=1' -c -I../Drivers/CMSIS/Include -I../Drivers/STM32F3xx_HAL_Driver/Inc -I../Core/Inc -I../Drivers/CMSIS/Device/ST/STM32F3xx/Include -O0 -ffunction-sections -fdata-sections -Wall -fstack-usage -MMD -MP -MF"Core/Src/osci_dma.d" -MT"Core/Src/osci_dma.o" --specs=nano.specs -mfpu=fpv4-sp-d16 -mfloat-abi=hard -mthumb -o "Core/Src/osci_dma.o"
arm-none-eabi-gcc "../Core/Src/osci_timer.c" -mcpu=cortex-m4 -std=gnu11 -g3 '-DEXTERNAL_CLOCK_VALUE=8000000' '-DHSE_VALUE=8000000' '-DHSE_STARTUP_TIMEOUT=100' -DDEBUG '-DLSE_STARTUP_TIMEOUT=5000' '-DLSE_VALUE=32768' '-DVDD_VALUE=3300' '-DLSI_VALUE=40000' '-DHSI_VALUE=8000000' -DSTM32F303x8 -DUSE_FULL_LL_DRIVER '-DPREFETCH_ENABLE=1' -c -I../Drivers/CMSIS/Include -I../Drivers/STM32F3xx_HAL_Driver/Inc -I../Core/Inc -I../Drivers/CMSIS/Device/ST/STM32F3xx/Include -O0 -ffunction-sections -fdata-sections -Wall -fstack-usage -MMD -MP -MF"Core/Src/osci_timer.d" -MT"Core/Src/osci_timer.o" --specs=nano.specs -mfpu=fpv4-sp-d16 -mfloat-abi=hard -mthumb -o "Core/Src/osci_timer.o"
arm-none-eabi-gcc "../Core/Src/osci_transceiver.c" -mcpu=cortex-m4 -std=gnu11 -g3 '-DEXTERNAL_CLOCK_VALUE=8000000' '-DHSE_VALUE=8000000' '-DHSE_STARTUP_TIMEOUT=100' -DDEBUG '-DLSE_STARTUP_TIMEOUT=5000' '-DLSE_VALUE=32768' '-DVDD_VALUE=3300' '-DLSI_VALUE=40000' '-DHSI_VALUE=8000000' -DSTM32F303x8 -DUSE_FULL_LL_DRIVER '-DPREFETCH_ENABLE=1' -c -I../Drivers/CMSIS/Include -I../Drivers/STM32F3xx_HAL_Driver/Inc -I../Core/Inc -I../Drivers/CMSIS/Device/ST/STM32F3xx/Include -O0 -ffunction-sections -fdata-sections -Wall -fstack-usage -MMD -MP -MF"Core/Src/osci_transceiver.d" -MT"Core/Src/osci_transceiver.o" --specs=nano.specs -mfpu=fpv4-sp-d16 -mfloat-abi=hard -mthumb -o "Core/Src/osci_transceiver.o"
arm-none-eabi-gcc "../Core/Src/osci_transform.c" -mcpu=cortex-m4 -std=gnu11 -g3 '-DEXTERNAL_CLOCK_VALUE=8000000' '-DHSE_VALUE=8000000' '-DHSE_STARTUP_TIMEOUT=100' -DDEBUG '-DLSE_STARTUP_TIMEOUT=5000' '-DLSE_VALUE=32768' '-DVDD_VALUE=3300' '-DLSI_VALUE=40000' '-DHSI_VALUE=8000000' -DSTM32F303x8 -DUSE_FULL_LL_DRIVER '-DPREFETCH_ENABLE=1' -c -I../Drivers/CMSIS/Include -I../Drivers/STM32F3xx_HAL_Driver/Inc -I../Core/Inc -I../Drivers/CMSIS/Device/ST/STM32F3xx/Include -O0 -ffunction-sections -fdata-sections -Wall -fstack-usage -MMD -MP -MF"Core/Src/osci_transform.d" -MT"Core/Src/osci_transform.o" --specs=nano.specs -mfpu=fpv4-sp-d16 -mfloat-abi=hard -mthumb -o "Core/Src/osci_transform.o"
arm-none-eabi-gcc "../Core/Src/stm32f3xx_it.c" -mcpu=cortex-m4 -std=gnu11 -g3 '-DEXTERNAL_CLOCK_VALUE=8000000' '-DHSE_VALUE=8000000' '-DHSE_STARTUP_TIMEOUT=100' -DDEBUG '-DLSE_STARTUP_TIMEOUT=5000' '-DLSE_VALUE=32768' '-DVDD_VALUE=3300' '-DLSI_VALUE=40000' '-DHSI_VALUE=8000000' -DSTM32F303x8 -DUSE_FULL_LL_DRIVER '-DPREFETCH_ENABLE=1' -c -I../Drivers/CMSIS/Include -I../Drivers/STM32F3xx_HAL_Driver/Inc -I../Core/Inc -I../Drivers/CMSIS/Device/ST/STM32F3xx/Include -O0 -ffunction-sections -fdata-sections -Wall -fstack-usage -MMD -MP -MF"Core/Src/stm32f3xx_it.d" -MT"Core/Src/stm32f3xx_it.o" --specs=nano.specs -mfpu=fpv4-sp-d16 -mfloat-abi=hard -mthumb -o "Core/Src/stm32f3xx_it.o"
arm-none-eabi-gcc -o "osci.elf" @"objects.list"   -mcpu=cortex-m4 -T"C:\Users\dot\Documents\Skola\Semester7\VS\SemestralnyProjekt\git\Oscilloscope\STMProjects\osci\STM32F303K8TX_FLASH.ld" --specs=nosys.specs -Wl,-Map="osci.map" -Wl,--gc-sections -static --specs=nano.specs -mfpu=fpv4-sp-d16 -mfloat-abi=hard -mthumb -Wl,--start-group -lc -lm -Wl,--end-group
Finished building target: osci.elf
 
arm-none-eabi-objdump -h -S  osci.elf  > "osci.list"
arm-none-eabi-size   osci.elf 
   text	   data	    bss	    dec	    hex	filename
  20748	    112	   1616	  22476	   57cc	osci.elf
Finished building: default.size.stdout
 
Finished building: osci.list
 
13:08:14 **** Incremental Build of configuration Debug for project osci ****
make -j4 all 
arm-none-eabi-gcc "../Core/Src/osci_configurator.c" -mcpu=cortex-m4 -std=gnu11 -g3 '-DEXTERNAL_CLOCK_VALUE=8000000' '-DHSE_VALUE=8000000' '-DHSE_STARTUP_TIMEOUT=100' -DDEBUG '-DLSE_STARTUP_TIMEOUT=5000' '-DLSE_VALUE=32768' '-DVDD_VALUE=3300' '-DLSI_VALUE=40000' '-DHSI_VALUE=8000000' -DSTM32F303x8 -DUSE_FULL_LL_DRIVER '-DPREFETCH_ENABLE=1' -c -I../Drivers/CMSIS/Include -I../Drivers/STM32F3xx_HAL_Driver/Inc -I../Core/Inc -I../Drivers/CMSIS/Device/ST/STM32F3xx/Include -O0 -ffunction-sections -fdata-sections -Wall -fstack-usage -MMD -MP -MF"Core/Src/osci_configurator.d" -MT"Core/Src/osci_configurator.o" --specs=nano.specs -mfpu=fpv4-sp-d16 -mfloat-abi=hard -mthumb -o "Core/Src/osci_configurator.o"
arm-none-eabi-gcc -o "osci.elf" @"objects.list"   -mcpu=cortex-m4 -T"C:\Users\dot\Documents\Skola\Semester7\VS\SemestralnyProjekt\git\Oscilloscope\STMProjects\osci\STM32F303K8TX_FLASH.ld" --specs=nosys.specs -Wl,-Map="osci.map" -Wl,--gc-sections -static --specs=nano.specs -mfpu=fpv4-sp-d16 -mfloat-abi=hard -mthumb -Wl,--start-group -lc -lm -Wl,--end-group
Finished building target: osci.elf
 
arm-none-eabi-objdump -h -S  osci.elf  > "osci.list"
arm-none-eabi-size   osci.elf 
   text	   data	    bss	    dec	    hex	filename
  20804	    112	   1616	  22532	   5804	osci.elf
Finished building: default.size.stdout
 
Finished building: osci.list
 
13:16:07 **** Incremental Build of configuration Debug for project osci ****
make -j4 all 
arm-none-eabi-size   osci.elf 
   text	   data	    bss	    dec	    hex	filename
  20804	    112	   1616	  22532	   5804	osci.elf
Finished building: default.size.stdout
 
13:19:47 **** Incremental Build of configuration Debug for project osci ****
make -j4 all 
arm-none-eabi-size   osci.elf 
   text	   data	    bss	    dec	    hex	filename
  20804	    112	   1616	  22532	   5804	osci.elf
Finished building: default.size.stdout
 
13:32:53 **** Incremental Build of configuration Debug for project osci ****
make -j4 all 
arm-none-eabi-size   osci.elf 
   text	   data	    bss	    dec	    hex	filename
  20804	    112	   1616	  22532	   5804	osci.elf
Finished building: default.size.stdout
 
13:36:08 **** Incremental Build of configuration Debug for project osci ****
make -j4 all 
arm-none-eabi-gcc "../Core/Src/main.c" -mcpu=cortex-m4 -std=gnu11 -g3 '-DEXTERNAL_CLOCK_VALUE=8000000' '-DHSE_VALUE=8000000' '-DHSE_STARTUP_TIMEOUT=100' -DDEBUG '-DLSE_STARTUP_TIMEOUT=5000' '-DLSE_VALUE=32768' '-DVDD_VALUE=3300' '-DLSI_VALUE=40000' '-DHSI_VALUE=8000000' -DSTM32F303x8 -DUSE_FULL_LL_DRIVER '-DPREFETCH_ENABLE=1' -c -I../Drivers/CMSIS/Include -I../Drivers/STM32F3xx_HAL_Driver/Inc -I../Core/Inc -I../Drivers/CMSIS/Device/ST/STM32F3xx/Include -O0 -ffunction-sections -fdata-sections -Wall -fstack-usage -MMD -MP -MF"Core/Src/main.d" -MT"Core/Src/main.o" --specs=nano.specs -mfpu=fpv4-sp-d16 -mfloat-abi=hard -mthumb -o "Core/Src/main.o"
arm-none-eabi-gcc "../Core/Src/osci.c" -mcpu=cortex-m4 -std=gnu11 -g3 '-DEXTERNAL_CLOCK_VALUE=8000000' '-DHSE_VALUE=8000000' '-DHSE_STARTUP_TIMEOUT=100' -DDEBUG '-DLSE_STARTUP_TIMEOUT=5000' '-DLSE_VALUE=32768' '-DVDD_VALUE=3300' '-DLSI_VALUE=40000' '-DHSI_VALUE=8000000' -DSTM32F303x8 -DUSE_FULL_LL_DRIVER '-DPREFETCH_ENABLE=1' -c -I../Drivers/CMSIS/Include -I../Drivers/STM32F3xx_HAL_Driver/Inc -I../Core/Inc -I../Drivers/CMSIS/Device/ST/STM32F3xx/Include -O0 -ffunction-sections -fdata-sections -Wall -fstack-usage -MMD -MP -MF"Core/Src/osci.d" -MT"Core/Src/osci.o" --specs=nano.specs -mfpu=fpv4-sp-d16 -mfloat-abi=hard -mthumb -o "Core/Src/osci.o"
arm-none-eabi-gcc "../Core/Src/osci_adc.c" -mcpu=cortex-m4 -std=gnu11 -g3 '-DEXTERNAL_CLOCK_VALUE=8000000' '-DHSE_VALUE=8000000' '-DHSE_STARTUP_TIMEOUT=100' -DDEBUG '-DLSE_STARTUP_TIMEOUT=5000' '-DLSE_VALUE=32768' '-DVDD_VALUE=3300' '-DLSI_VALUE=40000' '-DHSI_VALUE=8000000' -DSTM32F303x8 -DUSE_FULL_LL_DRIVER '-DPREFETCH_ENABLE=1' -c -I../Drivers/CMSIS/Include -I../Drivers/STM32F3xx_HAL_Driver/Inc -I../Core/Inc -I../Drivers/CMSIS/Device/ST/STM32F3xx/Include -O0 -ffunction-sections -fdata-sections -Wall -fstack-usage -MMD -MP -MF"Core/Src/osci_adc.d" -MT"Core/Src/osci_adc.o" --specs=nano.specs -mfpu=fpv4-sp-d16 -mfloat-abi=hard -mthumb -o "Core/Src/osci_adc.o"
arm-none-eabi-gcc "../Core/Src/osci_callback.c" -mcpu=cortex-m4 -std=gnu11 -g3 '-DEXTERNAL_CLOCK_VALUE=8000000' '-DHSE_VALUE=8000000' '-DHSE_STARTUP_TIMEOUT=100' -DDEBUG '-DLSE_STARTUP_TIMEOUT=5000' '-DLSE_VALUE=32768' '-DVDD_VALUE=3300' '-DLSI_VALUE=40000' '-DHSI_VALUE=8000000' -DSTM32F303x8 -DUSE_FULL_LL_DRIVER '-DPREFETCH_ENABLE=1' -c -I../Drivers/CMSIS/Include -I../Drivers/STM32F3xx_HAL_Driver/Inc -I../Core/Inc -I../Drivers/CMSIS/Device/ST/STM32F3xx/Include -O0 -ffunction-sections -fdata-sections -Wall -fstack-usage -MMD -MP -MF"Core/Src/osci_callback.d" -MT"Core/Src/osci_callback.o" --specs=nano.specs -mfpu=fpv4-sp-d16 -mfloat-abi=hard -mthumb -o "Core/Src/osci_callback.o"
arm-none-eabi-gcc "../Core/Src/osci_channel_state_machine.c" -mcpu=cortex-m4 -std=gnu11 -g3 '-DEXTERNAL_CLOCK_VALUE=8000000' '-DHSE_VALUE=8000000' '-DHSE_STARTUP_TIMEOUT=100' -DDEBUG '-DLSE_STARTUP_TIMEOUT=5000' '-DLSE_VALUE=32768' '-DVDD_VALUE=3300' '-DLSI_VALUE=40000' '-DHSI_VALUE=8000000' -DSTM32F303x8 -DUSE_FULL_LL_DRIVER '-DPREFETCH_ENABLE=1' -c -I../Drivers/CMSIS/Include -I../Drivers/STM32F3xx_HAL_Driver/Inc -I../Core/Inc -I../Drivers/CMSIS/Device/ST/STM32F3xx/Include -O0 -ffunction-sections -fdata-sections -Wall -fstack-usage -MMD -MP -MF"Core/Src/osci_channel_state_machine.d" -MT"Core/Src/osci_channel_state_machine.o" --specs=nano.specs -mfpu=fpv4-sp-d16 -mfloat-abi=hard -mthumb -o "Core/Src/osci_channel_state_machine.o"
arm-none-eabi-gcc "../Core/Src/osci_configurator.c" -mcpu=cortex-m4 -std=gnu11 -g3 '-DEXTERNAL_CLOCK_VALUE=8000000' '-DHSE_VALUE=8000000' '-DHSE_STARTUP_TIMEOUT=100' -DDEBUG '-DLSE_STARTUP_TIMEOUT=5000' '-DLSE_VALUE=32768' '-DVDD_VALUE=3300' '-DLSI_VALUE=40000' '-DHSI_VALUE=8000000' -DSTM32F303x8 -DUSE_FULL_LL_DRIVER '-DPREFETCH_ENABLE=1' -c -I../Drivers/CMSIS/Include -I../Drivers/STM32F3xx_HAL_Driver/Inc -I../Core/Inc -I../Drivers/CMSIS/Device/ST/STM32F3xx/Include -O0 -ffunction-sections -fdata-sections -Wall -fstack-usage -MMD -MP -MF"Core/Src/osci_configurator.d" -MT"Core/Src/osci_configurator.o" --specs=nano.specs -mfpu=fpv4-sp-d16 -mfloat-abi=hard -mthumb -o "Core/Src/osci_configurator.o"
arm-none-eabi-gcc "../Core/Src/osci_dma.c" -mcpu=cortex-m4 -std=gnu11 -g3 '-DEXTERNAL_CLOCK_VALUE=8000000' '-DHSE_VALUE=8000000' '-DHSE_STARTUP_TIMEOUT=100' -DDEBUG '-DLSE_STARTUP_TIMEOUT=5000' '-DLSE_VALUE=32768' '-DVDD_VALUE=3300' '-DLSI_VALUE=40000' '-DHSI_VALUE=8000000' -DSTM32F303x8 -DUSE_FULL_LL_DRIVER '-DPREFETCH_ENABLE=1' -c -I../Drivers/CMSIS/Include -I../Drivers/STM32F3xx_HAL_Driver/Inc -I../Core/Inc -I../Drivers/CMSIS/Device/ST/STM32F3xx/Include -O0 -ffunction-sections -fdata-sections -Wall -fstack-usage -MMD -MP -MF"Core/Src/osci_dma.d" -MT"Core/Src/osci_dma.o" --specs=nano.specs -mfpu=fpv4-sp-d16 -mfloat-abi=hard -mthumb -o "Core/Src/osci_dma.o"
arm-none-eabi-gcc "../Core/Src/osci_timer.c" -mcpu=cortex-m4 -std=gnu11 -g3 '-DEXTERNAL_CLOCK_VALUE=8000000' '-DHSE_VALUE=8000000' '-DHSE_STARTUP_TIMEOUT=100' -DDEBUG '-DLSE_STARTUP_TIMEOUT=5000' '-DLSE_VALUE=32768' '-DVDD_VALUE=3300' '-DLSI_VALUE=40000' '-DHSI_VALUE=8000000' -DSTM32F303x8 -DUSE_FULL_LL_DRIVER '-DPREFETCH_ENABLE=1' -c -I../Drivers/CMSIS/Include -I../Drivers/STM32F3xx_HAL_Driver/Inc -I../Core/Inc -I../Drivers/CMSIS/Device/ST/STM32F3xx/Include -O0 -ffunction-sections -fdata-sections -Wall -fstack-usage -MMD -MP -MF"Core/Src/osci_timer.d" -MT"Core/Src/osci_timer.o" --specs=nano.specs -mfpu=fpv4-sp-d16 -mfloat-abi=hard -mthumb -o "Core/Src/osci_timer.o"
arm-none-eabi-gcc "../Core/Src/osci_transceiver.c" -mcpu=cortex-m4 -std=gnu11 -g3 '-DEXTERNAL_CLOCK_VALUE=8000000' '-DHSE_VALUE=8000000' '-DHSE_STARTUP_TIMEOUT=100' -DDEBUG '-DLSE_STARTUP_TIMEOUT=5000' '-DLSE_VALUE=32768' '-DVDD_VALUE=3300' '-DLSI_VALUE=40000' '-DHSI_VALUE=8000000' -DSTM32F303x8 -DUSE_FULL_LL_DRIVER '-DPREFETCH_ENABLE=1' -c -I../Drivers/CMSIS/Include -I../Drivers/STM32F3xx_HAL_Driver/Inc -I../Core/Inc -I../Drivers/CMSIS/Device/ST/STM32F3xx/Include -O0 -ffunction-sections -fdata-sections -Wall -fstack-usage -MMD -MP -MF"Core/Src/osci_transceiver.d" -MT"Core/Src/osci_transceiver.o" --specs=nano.specs -mfpu=fpv4-sp-d16 -mfloat-abi=hard -mthumb -o "Core/Src/osci_transceiver.o"
arm-none-eabi-gcc "../Core/Src/osci_transform.c" -mcpu=cortex-m4 -std=gnu11 -g3 '-DEXTERNAL_CLOCK_VALUE=8000000' '-DHSE_VALUE=8000000' '-DHSE_STARTUP_TIMEOUT=100' -DDEBUG '-DLSE_STARTUP_TIMEOUT=5000' '-DLSE_VALUE=32768' '-DVDD_VALUE=3300' '-DLSI_VALUE=40000' '-DHSI_VALUE=8000000' -DSTM32F303x8 -DUSE_FULL_LL_DRIVER '-DPREFETCH_ENABLE=1' -c -I../Drivers/CMSIS/Include -I../Drivers/STM32F3xx_HAL_Driver/Inc -I../Core/Inc -I../Drivers/CMSIS/Device/ST/STM32F3xx/Include -O0 -ffunction-sections -fdata-sections -Wall -fstack-usage -MMD -MP -MF"Core/Src/osci_transform.d" -MT"Core/Src/osci_transform.o" --specs=nano.specs -mfpu=fpv4-sp-d16 -mfloat-abi=hard -mthumb -o "Core/Src/osci_transform.o"
arm-none-eabi-gcc "../Core/Src/stm32f3xx_it.c" -mcpu=cortex-m4 -std=gnu11 -g3 '-DEXTERNAL_CLOCK_VALUE=8000000' '-DHSE_VALUE=8000000' '-DHSE_STARTUP_TIMEOUT=100' -DDEBUG '-DLSE_STARTUP_TIMEOUT=5000' '-DLSE_VALUE=32768' '-DVDD_VALUE=3300' '-DLSI_VALUE=40000' '-DHSI_VALUE=8000000' -DSTM32F303x8 -DUSE_FULL_LL_DRIVER '-DPREFETCH_ENABLE=1' -c -I../Drivers/CMSIS/Include -I../Drivers/STM32F3xx_HAL_Driver/Inc -I../Core/Inc -I../Drivers/CMSIS/Device/ST/STM32F3xx/Include -O0 -ffunction-sections -fdata-sections -Wall -fstack-usage -MMD -MP -MF"Core/Src/stm32f3xx_it.d" -MT"Core/Src/stm32f3xx_it.o" --specs=nano.specs -mfpu=fpv4-sp-d16 -mfloat-abi=hard -mthumb -o "Core/Src/stm32f3xx_it.o"
arm-none-eabi-gcc -o "osci.elf" @"objects.list"   -mcpu=cortex-m4 -T"C:\Users\dot\Documents\Skola\Semester7\VS\SemestralnyProjekt\git\Oscilloscope\STMProjects\osci\STM32F303K8TX_FLASH.ld" --specs=nosys.specs -Wl,-Map="osci.map" -Wl,--gc-sections -static --specs=nano.specs -mfpu=fpv4-sp-d16 -mfloat-abi=hard -mthumb -Wl,--start-group -lc -lm -Wl,--end-group
Finished building target: osci.elf
 
arm-none-eabi-objdump -h -S  osci.elf  > "osci.list"
arm-none-eabi-size   osci.elf 
   text	   data	    bss	    dec	    hex	filename
  20804	    112	   1616	  22532	   5804	osci.elf
Finished building: default.size.stdout
 
Finished building: osci.list
 
14:11:34 **** Incremental Build of configuration Debug for project osci ****
make -j4 all 
arm-none-eabi-gcc "../Core/Src/osci_transform.c" -mcpu=cortex-m4 -std=gnu11 -g3 '-DEXTERNAL_CLOCK_VALUE=8000000' '-DHSE_VALUE=8000000' '-DHSE_STARTUP_TIMEOUT=100' -DDEBUG '-DLSE_STARTUP_TIMEOUT=5000' '-DLSE_VALUE=32768' '-DVDD_VALUE=3300' '-DLSI_VALUE=40000' '-DHSI_VALUE=8000000' -DSTM32F303x8 -DUSE_FULL_LL_DRIVER '-DPREFETCH_ENABLE=1' -c -I../Drivers/CMSIS/Include -I../Drivers/STM32F3xx_HAL_Driver/Inc -I../Core/Inc -I../Drivers/CMSIS/Device/ST/STM32F3xx/Include -O0 -ffunction-sections -fdata-sections -Wall -fstack-usage -MMD -MP -MF"Core/Src/osci_transform.d" -MT"Core/Src/osci_transform.o" --specs=nano.specs -mfpu=fpv4-sp-d16 -mfloat-abi=hard -mthumb -o "Core/Src/osci_transform.o"
arm-none-eabi-gcc -o "osci.elf" @"objects.list"   -mcpu=cortex-m4 -T"C:\Users\dot\Documents\Skola\Semester7\VS\SemestralnyProjekt\git\Oscilloscope\STMProjects\osci\STM32F303K8TX_FLASH.ld" --specs=nosys.specs -Wl,-Map="osci.map" -Wl,--gc-sections -static --specs=nano.specs -mfpu=fpv4-sp-d16 -mfloat-abi=hard -mthumb -Wl,--start-group -lc -lm -Wl,--end-group
Finished building target: osci.elf
 
arm-none-eabi-objdump -h -S  osci.elf  > "osci.list"
arm-none-eabi-size   osci.elf 
   text	   data	    bss	    dec	    hex	filename
  22316	    112	   1616	  24044	   5dec	osci.elf
Finished building: default.size.stdout
 
Finished building: osci.list
 
14:12:41 **** Incremental Build of configuration Debug for project osci ****
make -j4 all 
arm-none-eabi-gcc "../Core/Src/osci_transform.c" -mcpu=cortex-m4 -std=gnu11 -g3 '-DEXTERNAL_CLOCK_VALUE=8000000' '-DHSE_VALUE=8000000' '-DHSE_STARTUP_TIMEOUT=100' -DDEBUG '-DLSE_STARTUP_TIMEOUT=5000' '-DLSE_VALUE=32768' '-DVDD_VALUE=3300' '-DLSI_VALUE=40000' '-DHSI_VALUE=8000000' -DSTM32F303x8 -DUSE_FULL_LL_DRIVER '-DPREFETCH_ENABLE=1' -c -I../Drivers/CMSIS/Include -I../Drivers/STM32F3xx_HAL_Driver/Inc -I../Core/Inc -I../Drivers/CMSIS/Device/ST/STM32F3xx/Include -O0 -ffunction-sections -fdata-sections -Wall -fstack-usage -MMD -MP -MF"Core/Src/osci_transform.d" -MT"Core/Src/osci_transform.o" --specs=nano.specs -mfpu=fpv4-sp-d16 -mfloat-abi=hard -mthumb -o "Core/Src/osci_transform.o"
arm-none-eabi-gcc -o "osci.elf" @"objects.list"   -mcpu=cortex-m4 -T"C:\Users\dot\Documents\Skola\Semester7\VS\SemestralnyProjekt\git\Oscilloscope\STMProjects\osci\STM32F303K8TX_FLASH.ld" --specs=nosys.specs -Wl,-Map="osci.map" -Wl,--gc-sections -static --specs=nano.specs -mfpu=fpv4-sp-d16 -mfloat-abi=hard -mthumb -Wl,--start-group -lc -lm -Wl,--end-group
Finished building target: osci.elf
 
arm-none-eabi-objdump -h -S  osci.elf  > "osci.list"
arm-none-eabi-size   osci.elf 
   text	   data	    bss	    dec	    hex	filename
  22316	    112	   1616	  24044	   5dec	osci.elf
Finished building: default.size.stdout
 
Finished building: osci.list
 
14:17:40 **** Incremental Build of configuration Debug for project osci ****
make -j4 all 
arm-none-eabi-gcc "../Core/Src/main.c" -mcpu=cortex-m4 -std=gnu11 -g3 '-DEXTERNAL_CLOCK_VALUE=8000000' '-DHSE_VALUE=8000000' '-DHSE_STARTUP_TIMEOUT=100' -DDEBUG '-DLSE_STARTUP_TIMEOUT=5000' '-DLSE_VALUE=32768' '-DVDD_VALUE=3300' '-DLSI_VALUE=40000' '-DHSI_VALUE=8000000' -DSTM32F303x8 -DUSE_FULL_LL_DRIVER '-DPREFETCH_ENABLE=1' -c -I../Drivers/CMSIS/Include -I../Drivers/STM32F3xx_HAL_Driver/Inc -I../Core/Inc -I../Drivers/CMSIS/Device/ST/STM32F3xx/Include -O0 -ffunction-sections -fdata-sections -Wall -fstack-usage -MMD -MP -MF"Core/Src/main.d" -MT"Core/Src/main.o" --specs=nano.specs -mfpu=fpv4-sp-d16 -mfloat-abi=hard -mthumb -o "Core/Src/main.o"
arm-none-eabi-gcc "../Core/Src/osci.c" -mcpu=cortex-m4 -std=gnu11 -g3 '-DEXTERNAL_CLOCK_VALUE=8000000' '-DHSE_VALUE=8000000' '-DHSE_STARTUP_TIMEOUT=100' -DDEBUG '-DLSE_STARTUP_TIMEOUT=5000' '-DLSE_VALUE=32768' '-DVDD_VALUE=3300' '-DLSI_VALUE=40000' '-DHSI_VALUE=8000000' -DSTM32F303x8 -DUSE_FULL_LL_DRIVER '-DPREFETCH_ENABLE=1' -c -I../Drivers/CMSIS/Include -I../Drivers/STM32F3xx_HAL_Driver/Inc -I../Core/Inc -I../Drivers/CMSIS/Device/ST/STM32F3xx/Include -O0 -ffunction-sections -fdata-sections -Wall -fstack-usage -MMD -MP -MF"Core/Src/osci.d" -MT"Core/Src/osci.o" --specs=nano.specs -mfpu=fpv4-sp-d16 -mfloat-abi=hard -mthumb -o "Core/Src/osci.o"
arm-none-eabi-gcc "../Core/Src/osci_adc.c" -mcpu=cortex-m4 -std=gnu11 -g3 '-DEXTERNAL_CLOCK_VALUE=8000000' '-DHSE_VALUE=8000000' '-DHSE_STARTUP_TIMEOUT=100' -DDEBUG '-DLSE_STARTUP_TIMEOUT=5000' '-DLSE_VALUE=32768' '-DVDD_VALUE=3300' '-DLSI_VALUE=40000' '-DHSI_VALUE=8000000' -DSTM32F303x8 -DUSE_FULL_LL_DRIVER '-DPREFETCH_ENABLE=1' -c -I../Drivers/CMSIS/Include -I../Drivers/STM32F3xx_HAL_Driver/Inc -I../Core/Inc -I../Drivers/CMSIS/Device/ST/STM32F3xx/Include -O0 -ffunction-sections -fdata-sections -Wall -fstack-usage -MMD -MP -MF"Core/Src/osci_adc.d" -MT"Core/Src/osci_adc.o" --specs=nano.specs -mfpu=fpv4-sp-d16 -mfloat-abi=hard -mthumb -o "Core/Src/osci_adc.o"
arm-none-eabi-gcc "../Core/Src/osci_callback.c" -mcpu=cortex-m4 -std=gnu11 -g3 '-DEXTERNAL_CLOCK_VALUE=8000000' '-DHSE_VALUE=8000000' '-DHSE_STARTUP_TIMEOUT=100' -DDEBUG '-DLSE_STARTUP_TIMEOUT=5000' '-DLSE_VALUE=32768' '-DVDD_VALUE=3300' '-DLSI_VALUE=40000' '-DHSI_VALUE=8000000' -DSTM32F303x8 -DUSE_FULL_LL_DRIVER '-DPREFETCH_ENABLE=1' -c -I../Drivers/CMSIS/Include -I../Drivers/STM32F3xx_HAL_Driver/Inc -I../Core/Inc -I../Drivers/CMSIS/Device/ST/STM32F3xx/Include -O0 -ffunction-sections -fdata-sections -Wall -fstack-usage -MMD -MP -MF"Core/Src/osci_callback.d" -MT"Core/Src/osci_callback.o" --specs=nano.specs -mfpu=fpv4-sp-d16 -mfloat-abi=hard -mthumb -o "Core/Src/osci_callback.o"
arm-none-eabi-gcc "../Core/Src/osci_channel_state_machine.c" -mcpu=cortex-m4 -std=gnu11 -g3 '-DEXTERNAL_CLOCK_VALUE=8000000' '-DHSE_VALUE=8000000' '-DHSE_STARTUP_TIMEOUT=100' -DDEBUG '-DLSE_STARTUP_TIMEOUT=5000' '-DLSE_VALUE=32768' '-DVDD_VALUE=3300' '-DLSI_VALUE=40000' '-DHSI_VALUE=8000000' -DSTM32F303x8 -DUSE_FULL_LL_DRIVER '-DPREFETCH_ENABLE=1' -c -I../Drivers/CMSIS/Include -I../Drivers/STM32F3xx_HAL_Driver/Inc -I../Core/Inc -I../Drivers/CMSIS/Device/ST/STM32F3xx/Include -O0 -ffunction-sections -fdata-sections -Wall -fstack-usage -MMD -MP -MF"Core/Src/osci_channel_state_machine.d" -MT"Core/Src/osci_channel_state_machine.o" --specs=nano.specs -mfpu=fpv4-sp-d16 -mfloat-abi=hard -mthumb -o "Core/Src/osci_channel_state_machine.o"
arm-none-eabi-gcc "../Core/Src/osci_configurator.c" -mcpu=cortex-m4 -std=gnu11 -g3 '-DEXTERNAL_CLOCK_VALUE=8000000' '-DHSE_VALUE=8000000' '-DHSE_STARTUP_TIMEOUT=100' -DDEBUG '-DLSE_STARTUP_TIMEOUT=5000' '-DLSE_VALUE=32768' '-DVDD_VALUE=3300' '-DLSI_VALUE=40000' '-DHSI_VALUE=8000000' -DSTM32F303x8 -DUSE_FULL_LL_DRIVER '-DPREFETCH_ENABLE=1' -c -I../Drivers/CMSIS/Include -I../Drivers/STM32F3xx_HAL_Driver/Inc -I../Core/Inc -I../Drivers/CMSIS/Device/ST/STM32F3xx/Include -O0 -ffunction-sections -fdata-sections -Wall -fstack-usage -MMD -MP -MF"Core/Src/osci_configurator.d" -MT"Core/Src/osci_configurator.o" --specs=nano.specs -mfpu=fpv4-sp-d16 -mfloat-abi=hard -mthumb -o "Core/Src/osci_configurator.o"
arm-none-eabi-gcc "../Core/Src/osci_dma.c" -mcpu=cortex-m4 -std=gnu11 -g3 '-DEXTERNAL_CLOCK_VALUE=8000000' '-DHSE_VALUE=8000000' '-DHSE_STARTUP_TIMEOUT=100' -DDEBUG '-DLSE_STARTUP_TIMEOUT=5000' '-DLSE_VALUE=32768' '-DVDD_VALUE=3300' '-DLSI_VALUE=40000' '-DHSI_VALUE=8000000' -DSTM32F303x8 -DUSE_FULL_LL_DRIVER '-DPREFETCH_ENABLE=1' -c -I../Drivers/CMSIS/Include -I../Drivers/STM32F3xx_HAL_Driver/Inc -I../Core/Inc -I../Drivers/CMSIS/Device/ST/STM32F3xx/Include -O0 -ffunction-sections -fdata-sections -Wall -fstack-usage -MMD -MP -MF"Core/Src/osci_dma.d" -MT"Core/Src/osci_dma.o" --specs=nano.specs -mfpu=fpv4-sp-d16 -mfloat-abi=hard -mthumb -o "Core/Src/osci_dma.o"
arm-none-eabi-gcc "../Core/Src/osci_timer.c" -mcpu=cortex-m4 -std=gnu11 -g3 '-DEXTERNAL_CLOCK_VALUE=8000000' '-DHSE_VALUE=8000000' '-DHSE_STARTUP_TIMEOUT=100' -DDEBUG '-DLSE_STARTUP_TIMEOUT=5000' '-DLSE_VALUE=32768' '-DVDD_VALUE=3300' '-DLSI_VALUE=40000' '-DHSI_VALUE=8000000' -DSTM32F303x8 -DUSE_FULL_LL_DRIVER '-DPREFETCH_ENABLE=1' -c -I../Drivers/CMSIS/Include -I../Drivers/STM32F3xx_HAL_Driver/Inc -I../Core/Inc -I../Drivers/CMSIS/Device/ST/STM32F3xx/Include -O0 -ffunction-sections -fdata-sections -Wall -fstack-usage -MMD -MP -MF"Core/Src/osci_timer.d" -MT"Core/Src/osci_timer.o" --specs=nano.specs -mfpu=fpv4-sp-d16 -mfloat-abi=hard -mthumb -o "Core/Src/osci_timer.o"
arm-none-eabi-gcc "../Core/Src/osci_transceiver.c" -mcpu=cortex-m4 -std=gnu11 -g3 '-DEXTERNAL_CLOCK_VALUE=8000000' '-DHSE_VALUE=8000000' '-DHSE_STARTUP_TIMEOUT=100' -DDEBUG '-DLSE_STARTUP_TIMEOUT=5000' '-DLSE_VALUE=32768' '-DVDD_VALUE=3300' '-DLSI_VALUE=40000' '-DHSI_VALUE=8000000' -DSTM32F303x8 -DUSE_FULL_LL_DRIVER '-DPREFETCH_ENABLE=1' -c -I../Drivers/CMSIS/Include -I../Drivers/STM32F3xx_HAL_Driver/Inc -I../Core/Inc -I../Drivers/CMSIS/Device/ST/STM32F3xx/Include -O0 -ffunction-sections -fdata-sections -Wall -fstack-usage -MMD -MP -MF"Core/Src/osci_transceiver.d" -MT"Core/Src/osci_transceiver.o" --specs=nano.specs -mfpu=fpv4-sp-d16 -mfloat-abi=hard -mthumb -o "Core/Src/osci_transceiver.o"
arm-none-eabi-gcc "../Core/Src/osci_transform.c" -mcpu=cortex-m4 -std=gnu11 -g3 '-DEXTERNAL_CLOCK_VALUE=8000000' '-DHSE_VALUE=8000000' '-DHSE_STARTUP_TIMEOUT=100' -DDEBUG '-DLSE_STARTUP_TIMEOUT=5000' '-DLSE_VALUE=32768' '-DVDD_VALUE=3300' '-DLSI_VALUE=40000' '-DHSI_VALUE=8000000' -DSTM32F303x8 -DUSE_FULL_LL_DRIVER '-DPREFETCH_ENABLE=1' -c -I../Drivers/CMSIS/Include -I../Drivers/STM32F3xx_HAL_Driver/Inc -I../Core/Inc -I../Drivers/CMSIS/Device/ST/STM32F3xx/Include -O0 -ffunction-sections -fdata-sections -Wall -fstack-usage -MMD -MP -MF"Core/Src/osci_transform.d" -MT"Core/Src/osci_transform.o" --specs=nano.specs -mfpu=fpv4-sp-d16 -mfloat-abi=hard -mthumb -o "Core/Src/osci_transform.o"
arm-none-eabi-gcc "../Core/Src/stm32f3xx_it.c" -mcpu=cortex-m4 -std=gnu11 -g3 '-DEXTERNAL_CLOCK_VALUE=8000000' '-DHSE_VALUE=8000000' '-DHSE_STARTUP_TIMEOUT=100' -DDEBUG '-DLSE_STARTUP_TIMEOUT=5000' '-DLSE_VALUE=32768' '-DVDD_VALUE=3300' '-DLSI_VALUE=40000' '-DHSI_VALUE=8000000' -DSTM32F303x8 -DUSE_FULL_LL_DRIVER '-DPREFETCH_ENABLE=1' -c -I../Drivers/CMSIS/Include -I../Drivers/STM32F3xx_HAL_Driver/Inc -I../Core/Inc -I../Drivers/CMSIS/Device/ST/STM32F3xx/Include -O0 -ffunction-sections -fdata-sections -Wall -fstack-usage -MMD -MP -MF"Core/Src/stm32f3xx_it.d" -MT"Core/Src/stm32f3xx_it.o" --specs=nano.specs -mfpu=fpv4-sp-d16 -mfloat-abi=hard -mthumb -o "Core/Src/stm32f3xx_it.o"
arm-none-eabi-gcc -o "osci.elf" @"objects.list"   -mcpu=cortex-m4 -T"C:\Users\dot\Documents\Skola\Semester7\VS\SemestralnyProjekt\git\Oscilloscope\STMProjects\osci\STM32F303K8TX_FLASH.ld" --specs=nosys.specs -Wl,-Map="osci.map" -Wl,--gc-sections -static --specs=nano.specs -mfpu=fpv4-sp-d16 -mfloat-abi=hard -mthumb -Wl,--start-group -lc -lm -Wl,--end-group
Finished building target: osci.elf
 
arm-none-eabi-objdump -h -S  osci.elf  > "osci.list"
arm-none-eabi-size   osci.elf 
   text	   data	    bss	    dec	    hex	filename
  21052	    112	   1616	  22780	   58fc	osci.elf
Finished building: default.size.stdout
 
Finished building: osci.list
 
14:19:06 **** Incremental Build of configuration Debug for project osci ****
make -j4 all 
arm-none-eabi-gcc "../Core/Src/osci_configurator.c" -mcpu=cortex-m4 -std=gnu11 -g3 '-DEXTERNAL_CLOCK_VALUE=8000000' '-DHSE_VALUE=8000000' '-DHSE_STARTUP_TIMEOUT=100' -DDEBUG '-DLSE_STARTUP_TIMEOUT=5000' '-DLSE_VALUE=32768' '-DVDD_VALUE=3300' '-DLSI_VALUE=40000' '-DHSI_VALUE=8000000' -DSTM32F303x8 -DUSE_FULL_LL_DRIVER '-DPREFETCH_ENABLE=1' -c -I../Drivers/CMSIS/Include -I../Drivers/STM32F3xx_HAL_Driver/Inc -I../Core/Inc -I../Drivers/CMSIS/Device/ST/STM32F3xx/Include -O0 -ffunction-sections -fdata-sections -Wall -fstack-usage -MMD -MP -MF"Core/Src/osci_configurator.d" -MT"Core/Src/osci_configurator.o" --specs=nano.specs -mfpu=fpv4-sp-d16 -mfloat-abi=hard -mthumb -o "Core/Src/osci_configurator.o"
arm-none-eabi-gcc -o "osci.elf" @"objects.list"   -mcpu=cortex-m4 -T"C:\Users\dot\Documents\Skola\Semester7\VS\SemestralnyProjekt\git\Oscilloscope\STMProjects\osci\STM32F303K8TX_FLASH.ld" --specs=nosys.specs -Wl,-Map="osci.map" -Wl,--gc-sections -static --specs=nano.specs -mfpu=fpv4-sp-d16 -mfloat-abi=hard -mthumb -Wl,--start-group -lc -lm -Wl,--end-group
Finished building target: osci.elf
 
arm-none-eabi-objdump -h -S  osci.elf  > "osci.list"
arm-none-eabi-size   osci.elf 
   text	   data	    bss	    dec	    hex	filename
  21084	    112	   1616	  22812	   591c	osci.elf
Finished building: default.size.stdout
 
Finished building: osci.list
 
14:21:41 **** Incremental Build of configuration Debug for project osci ****
make -j4 all 
arm-none-eabi-gcc "../Core/Src/osci_transform.c" -mcpu=cortex-m4 -std=gnu11 -g3 '-DEXTERNAL_CLOCK_VALUE=8000000' '-DHSE_VALUE=8000000' '-DHSE_STARTUP_TIMEOUT=100' -DDEBUG '-DLSE_STARTUP_TIMEOUT=5000' '-DLSE_VALUE=32768' '-DVDD_VALUE=3300' '-DLSI_VALUE=40000' '-DHSI_VALUE=8000000' -DSTM32F303x8 -DUSE_FULL_LL_DRIVER '-DPREFETCH_ENABLE=1' -c -I../Drivers/CMSIS/Include -I../Drivers/STM32F3xx_HAL_Driver/Inc -I../Core/Inc -I../Drivers/CMSIS/Device/ST/STM32F3xx/Include -O0 -ffunction-sections -fdata-sections -Wall -fstack-usage -MMD -MP -MF"Core/Src/osci_transform.d" -MT"Core/Src/osci_transform.o" --specs=nano.specs -mfpu=fpv4-sp-d16 -mfloat-abi=hard -mthumb -o "Core/Src/osci_transform.o"
arm-none-eabi-gcc -o "osci.elf" @"objects.list"   -mcpu=cortex-m4 -T"C:\Users\dot\Documents\Skola\Semester7\VS\SemestralnyProjekt\git\Oscilloscope\STMProjects\osci\STM32F303K8TX_FLASH.ld" --specs=nosys.specs -Wl,-Map="osci.map" -Wl,--gc-sections -static --specs=nano.specs -mfpu=fpv4-sp-d16 -mfloat-abi=hard -mthumb -Wl,--start-group -lc -lm -Wl,--end-group
Finished building target: osci.elf
 
arm-none-eabi-objdump -h -S  osci.elf  > "osci.list"
arm-none-eabi-size   osci.elf 
   text	   data	    bss	    dec	    hex	filename
  20884	    112	   1616	  22612	   5854	osci.elf
Finished building: default.size.stdout
 
Finished building: osci.list
 
14:25:22 **** Incremental Build of configuration Debug for project osci ****
make -j4 all 
arm-none-eabi-size   osci.elf 
   text	   data	    bss	    dec	    hex	filename
  20884	    112	   1616	  22612	   5854	osci.elf
Finished building: default.size.stdout
 
14:32:57 **** Incremental Build of configuration Debug for project osci ****
make -j4 all 
arm-none-eabi-gcc "../Core/Src/main.c" -mcpu=cortex-m4 -std=gnu11 -g3 '-DEXTERNAL_CLOCK_VALUE=8000000' '-DHSE_VALUE=8000000' '-DHSE_STARTUP_TIMEOUT=100' -DDEBUG '-DLSE_STARTUP_TIMEOUT=5000' '-DLSE_VALUE=32768' '-DVDD_VALUE=3300' '-DLSI_VALUE=40000' '-DHSI_VALUE=8000000' -DSTM32F303x8 -DUSE_FULL_LL_DRIVER '-DPREFETCH_ENABLE=1' -c -I../Drivers/CMSIS/Include -I../Drivers/STM32F3xx_HAL_Driver/Inc -I../Core/Inc -I../Drivers/CMSIS/Device/ST/STM32F3xx/Include -O0 -ffunction-sections -fdata-sections -Wall -fstack-usage -MMD -MP -MF"Core/Src/main.d" -MT"Core/Src/main.o" --specs=nano.specs -mfpu=fpv4-sp-d16 -mfloat-abi=hard -mthumb -o "Core/Src/main.o"
arm-none-eabi-gcc "../Core/Src/osci.c" -mcpu=cortex-m4 -std=gnu11 -g3 '-DEXTERNAL_CLOCK_VALUE=8000000' '-DHSE_VALUE=8000000' '-DHSE_STARTUP_TIMEOUT=100' -DDEBUG '-DLSE_STARTUP_TIMEOUT=5000' '-DLSE_VALUE=32768' '-DVDD_VALUE=3300' '-DLSI_VALUE=40000' '-DHSI_VALUE=8000000' -DSTM32F303x8 -DUSE_FULL_LL_DRIVER '-DPREFETCH_ENABLE=1' -c -I../Drivers/CMSIS/Include -I../Drivers/STM32F3xx_HAL_Driver/Inc -I../Core/Inc -I../Drivers/CMSIS/Device/ST/STM32F3xx/Include -O0 -ffunction-sections -fdata-sections -Wall -fstack-usage -MMD -MP -MF"Core/Src/osci.d" -MT"Core/Src/osci.o" --specs=nano.specs -mfpu=fpv4-sp-d16 -mfloat-abi=hard -mthumb -o "Core/Src/osci.o"
arm-none-eabi-gcc "../Core/Src/osci_adc.c" -mcpu=cortex-m4 -std=gnu11 -g3 '-DEXTERNAL_CLOCK_VALUE=8000000' '-DHSE_VALUE=8000000' '-DHSE_STARTUP_TIMEOUT=100' -DDEBUG '-DLSE_STARTUP_TIMEOUT=5000' '-DLSE_VALUE=32768' '-DVDD_VALUE=3300' '-DLSI_VALUE=40000' '-DHSI_VALUE=8000000' -DSTM32F303x8 -DUSE_FULL_LL_DRIVER '-DPREFETCH_ENABLE=1' -c -I../Drivers/CMSIS/Include -I../Drivers/STM32F3xx_HAL_Driver/Inc -I../Core/Inc -I../Drivers/CMSIS/Device/ST/STM32F3xx/Include -O0 -ffunction-sections -fdata-sections -Wall -fstack-usage -MMD -MP -MF"Core/Src/osci_adc.d" -MT"Core/Src/osci_adc.o" --specs=nano.specs -mfpu=fpv4-sp-d16 -mfloat-abi=hard -mthumb -o "Core/Src/osci_adc.o"
arm-none-eabi-gcc "../Core/Src/osci_callback.c" -mcpu=cortex-m4 -std=gnu11 -g3 '-DEXTERNAL_CLOCK_VALUE=8000000' '-DHSE_VALUE=8000000' '-DHSE_STARTUP_TIMEOUT=100' -DDEBUG '-DLSE_STARTUP_TIMEOUT=5000' '-DLSE_VALUE=32768' '-DVDD_VALUE=3300' '-DLSI_VALUE=40000' '-DHSI_VALUE=8000000' -DSTM32F303x8 -DUSE_FULL_LL_DRIVER '-DPREFETCH_ENABLE=1' -c -I../Drivers/CMSIS/Include -I../Drivers/STM32F3xx_HAL_Driver/Inc -I../Core/Inc -I../Drivers/CMSIS/Device/ST/STM32F3xx/Include -O0 -ffunction-sections -fdata-sections -Wall -fstack-usage -MMD -MP -MF"Core/Src/osci_callback.d" -MT"Core/Src/osci_callback.o" --specs=nano.specs -mfpu=fpv4-sp-d16 -mfloat-abi=hard -mthumb -o "Core/Src/osci_callback.o"
arm-none-eabi-gcc "../Core/Src/osci_channel_state_machine.c" -mcpu=cortex-m4 -std=gnu11 -g3 '-DEXTERNAL_CLOCK_VALUE=8000000' '-DHSE_VALUE=8000000' '-DHSE_STARTUP_TIMEOUT=100' -DDEBUG '-DLSE_STARTUP_TIMEOUT=5000' '-DLSE_VALUE=32768' '-DVDD_VALUE=3300' '-DLSI_VALUE=40000' '-DHSI_VALUE=8000000' -DSTM32F303x8 -DUSE_FULL_LL_DRIVER '-DPREFETCH_ENABLE=1' -c -I../Drivers/CMSIS/Include -I../Drivers/STM32F3xx_HAL_Driver/Inc -I../Core/Inc -I../Drivers/CMSIS/Device/ST/STM32F3xx/Include -O0 -ffunction-sections -fdata-sections -Wall -fstack-usage -MMD -MP -MF"Core/Src/osci_channel_state_machine.d" -MT"Core/Src/osci_channel_state_machine.o" --specs=nano.specs -mfpu=fpv4-sp-d16 -mfloat-abi=hard -mthumb -o "Core/Src/osci_channel_state_machine.o"
arm-none-eabi-gcc "../Core/Src/osci_configurator.c" -mcpu=cortex-m4 -std=gnu11 -g3 '-DEXTERNAL_CLOCK_VALUE=8000000' '-DHSE_VALUE=8000000' '-DHSE_STARTUP_TIMEOUT=100' -DDEBUG '-DLSE_STARTUP_TIMEOUT=5000' '-DLSE_VALUE=32768' '-DVDD_VALUE=3300' '-DLSI_VALUE=40000' '-DHSI_VALUE=8000000' -DSTM32F303x8 -DUSE_FULL_LL_DRIVER '-DPREFETCH_ENABLE=1' -c -I../Drivers/CMSIS/Include -I../Drivers/STM32F3xx_HAL_Driver/Inc -I../Core/Inc -I../Drivers/CMSIS/Device/ST/STM32F3xx/Include -O0 -ffunction-sections -fdata-sections -Wall -fstack-usage -MMD -MP -MF"Core/Src/osci_configurator.d" -MT"Core/Src/osci_configurator.o" --specs=nano.specs -mfpu=fpv4-sp-d16 -mfloat-abi=hard -mthumb -o "Core/Src/osci_configurator.o"
arm-none-eabi-gcc "../Core/Src/osci_dma.c" -mcpu=cortex-m4 -std=gnu11 -g3 '-DEXTERNAL_CLOCK_VALUE=8000000' '-DHSE_VALUE=8000000' '-DHSE_STARTUP_TIMEOUT=100' -DDEBUG '-DLSE_STARTUP_TIMEOUT=5000' '-DLSE_VALUE=32768' '-DVDD_VALUE=3300' '-DLSI_VALUE=40000' '-DHSI_VALUE=8000000' -DSTM32F303x8 -DUSE_FULL_LL_DRIVER '-DPREFETCH_ENABLE=1' -c -I../Drivers/CMSIS/Include -I../Drivers/STM32F3xx_HAL_Driver/Inc -I../Core/Inc -I../Drivers/CMSIS/Device/ST/STM32F3xx/Include -O0 -ffunction-sections -fdata-sections -Wall -fstack-usage -MMD -MP -MF"Core/Src/osci_dma.d" -MT"Core/Src/osci_dma.o" --specs=nano.specs -mfpu=fpv4-sp-d16 -mfloat-abi=hard -mthumb -o "Core/Src/osci_dma.o"
arm-none-eabi-gcc "../Core/Src/osci_timer.c" -mcpu=cortex-m4 -std=gnu11 -g3 '-DEXTERNAL_CLOCK_VALUE=8000000' '-DHSE_VALUE=8000000' '-DHSE_STARTUP_TIMEOUT=100' -DDEBUG '-DLSE_STARTUP_TIMEOUT=5000' '-DLSE_VALUE=32768' '-DVDD_VALUE=3300' '-DLSI_VALUE=40000' '-DHSI_VALUE=8000000' -DSTM32F303x8 -DUSE_FULL_LL_DRIVER '-DPREFETCH_ENABLE=1' -c -I../Drivers/CMSIS/Include -I../Drivers/STM32F3xx_HAL_Driver/Inc -I../Core/Inc -I../Drivers/CMSIS/Device/ST/STM32F3xx/Include -O0 -ffunction-sections -fdata-sections -Wall -fstack-usage -MMD -MP -MF"Core/Src/osci_timer.d" -MT"Core/Src/osci_timer.o" --specs=nano.specs -mfpu=fpv4-sp-d16 -mfloat-abi=hard -mthumb -o "Core/Src/osci_timer.o"
arm-none-eabi-gcc "../Core/Src/osci_transceiver.c" -mcpu=cortex-m4 -std=gnu11 -g3 '-DEXTERNAL_CLOCK_VALUE=8000000' '-DHSE_VALUE=8000000' '-DHSE_STARTUP_TIMEOUT=100' -DDEBUG '-DLSE_STARTUP_TIMEOUT=5000' '-DLSE_VALUE=32768' '-DVDD_VALUE=3300' '-DLSI_VALUE=40000' '-DHSI_VALUE=8000000' -DSTM32F303x8 -DUSE_FULL_LL_DRIVER '-DPREFETCH_ENABLE=1' -c -I../Drivers/CMSIS/Include -I../Drivers/STM32F3xx_HAL_Driver/Inc -I../Core/Inc -I../Drivers/CMSIS/Device/ST/STM32F3xx/Include -O0 -ffunction-sections -fdata-sections -Wall -fstack-usage -MMD -MP -MF"Core/Src/osci_transceiver.d" -MT"Core/Src/osci_transceiver.o" --specs=nano.specs -mfpu=fpv4-sp-d16 -mfloat-abi=hard -mthumb -o "Core/Src/osci_transceiver.o"
arm-none-eabi-gcc "../Core/Src/osci_transform.c" -mcpu=cortex-m4 -std=gnu11 -g3 '-DEXTERNAL_CLOCK_VALUE=8000000' '-DHSE_VALUE=8000000' '-DHSE_STARTUP_TIMEOUT=100' -DDEBUG '-DLSE_STARTUP_TIMEOUT=5000' '-DLSE_VALUE=32768' '-DVDD_VALUE=3300' '-DLSI_VALUE=40000' '-DHSI_VALUE=8000000' -DSTM32F303x8 -DUSE_FULL_LL_DRIVER '-DPREFETCH_ENABLE=1' -c -I../Drivers/CMSIS/Include -I../Drivers/STM32F3xx_HAL_Driver/Inc -I../Core/Inc -I../Drivers/CMSIS/Device/ST/STM32F3xx/Include -O0 -ffunction-sections -fdata-sections -Wall -fstack-usage -MMD -MP -MF"Core/Src/osci_transform.d" -MT"Core/Src/osci_transform.o" --specs=nano.specs -mfpu=fpv4-sp-d16 -mfloat-abi=hard -mthumb -o "Core/Src/osci_transform.o"
arm-none-eabi-gcc "../Core/Src/stm32f3xx_it.c" -mcpu=cortex-m4 -std=gnu11 -g3 '-DEXTERNAL_CLOCK_VALUE=8000000' '-DHSE_VALUE=8000000' '-DHSE_STARTUP_TIMEOUT=100' -DDEBUG '-DLSE_STARTUP_TIMEOUT=5000' '-DLSE_VALUE=32768' '-DVDD_VALUE=3300' '-DLSI_VALUE=40000' '-DHSI_VALUE=8000000' -DSTM32F303x8 -DUSE_FULL_LL_DRIVER '-DPREFETCH_ENABLE=1' -c -I../Drivers/CMSIS/Include -I../Drivers/STM32F3xx_HAL_Driver/Inc -I../Core/Inc -I../Drivers/CMSIS/Device/ST/STM32F3xx/Include -O0 -ffunction-sections -fdata-sections -Wall -fstack-usage -MMD -MP -MF"Core/Src/stm32f3xx_it.d" -MT"Core/Src/stm32f3xx_it.o" --specs=nano.specs -mfpu=fpv4-sp-d16 -mfloat-abi=hard -mthumb -o "Core/Src/stm32f3xx_it.o"
arm-none-eabi-gcc -o "osci.elf" @"objects.list"   -mcpu=cortex-m4 -T"C:\Users\dot\Documents\Skola\Semester7\VS\SemestralnyProjekt\git\Oscilloscope\STMProjects\osci\STM32F303K8TX_FLASH.ld" --specs=nosys.specs -Wl,-Map="osci.map" -Wl,--gc-sections -static --specs=nano.specs -mfpu=fpv4-sp-d16 -mfloat-abi=hard -mthumb -Wl,--start-group -lc -lm -Wl,--end-group
Finished building target: osci.elf
 
arm-none-eabi-objdump -h -S  osci.elf  > "osci.list"
arm-none-eabi-size   osci.elf 
   text	   data	    bss	    dec	    hex	filename
  20884	    112	   1616	  22612	   5854	osci.elf
Finished building: default.size.stdout
 
Finished building: osci.list
 
14:43:51 **** Incremental Build of configuration Debug for project osci ****
make -j4 all 
arm-none-eabi-gcc "../Core/Src/main.c" -mcpu=cortex-m4 -std=gnu11 -g3 '-DEXTERNAL_CLOCK_VALUE=8000000' '-DHSE_VALUE=8000000' '-DHSE_STARTUP_TIMEOUT=100' -DDEBUG '-DLSE_STARTUP_TIMEOUT=5000' '-DLSE_VALUE=32768' '-DVDD_VALUE=3300' '-DLSI_VALUE=40000' '-DHSI_VALUE=8000000' -DSTM32F303x8 -DUSE_FULL_LL_DRIVER '-DPREFETCH_ENABLE=1' -c -I../Drivers/CMSIS/Include -I../Drivers/STM32F3xx_HAL_Driver/Inc -I../Core/Inc -I../Drivers/CMSIS/Device/ST/STM32F3xx/Include -O0 -ffunction-sections -fdata-sections -Wall -fstack-usage -MMD -MP -MF"Core/Src/main.d" -MT"Core/Src/main.o" --specs=nano.specs -mfpu=fpv4-sp-d16 -mfloat-abi=hard -mthumb -o "Core/Src/main.o"
arm-none-eabi-gcc "../Core/Src/osci.c" -mcpu=cortex-m4 -std=gnu11 -g3 '-DEXTERNAL_CLOCK_VALUE=8000000' '-DHSE_VALUE=8000000' '-DHSE_STARTUP_TIMEOUT=100' -DDEBUG '-DLSE_STARTUP_TIMEOUT=5000' '-DLSE_VALUE=32768' '-DVDD_VALUE=3300' '-DLSI_VALUE=40000' '-DHSI_VALUE=8000000' -DSTM32F303x8 -DUSE_FULL_LL_DRIVER '-DPREFETCH_ENABLE=1' -c -I../Drivers/CMSIS/Include -I../Drivers/STM32F3xx_HAL_Driver/Inc -I../Core/Inc -I../Drivers/CMSIS/Device/ST/STM32F3xx/Include -O0 -ffunction-sections -fdata-sections -Wall -fstack-usage -MMD -MP -MF"Core/Src/osci.d" -MT"Core/Src/osci.o" --specs=nano.specs -mfpu=fpv4-sp-d16 -mfloat-abi=hard -mthumb -o "Core/Src/osci.o"
arm-none-eabi-gcc "../Core/Src/osci_adc.c" -mcpu=cortex-m4 -std=gnu11 -g3 '-DEXTERNAL_CLOCK_VALUE=8000000' '-DHSE_VALUE=8000000' '-DHSE_STARTUP_TIMEOUT=100' -DDEBUG '-DLSE_STARTUP_TIMEOUT=5000' '-DLSE_VALUE=32768' '-DVDD_VALUE=3300' '-DLSI_VALUE=40000' '-DHSI_VALUE=8000000' -DSTM32F303x8 -DUSE_FULL_LL_DRIVER '-DPREFETCH_ENABLE=1' -c -I../Drivers/CMSIS/Include -I../Drivers/STM32F3xx_HAL_Driver/Inc -I../Core/Inc -I../Drivers/CMSIS/Device/ST/STM32F3xx/Include -O0 -ffunction-sections -fdata-sections -Wall -fstack-usage -MMD -MP -MF"Core/Src/osci_adc.d" -MT"Core/Src/osci_adc.o" --specs=nano.specs -mfpu=fpv4-sp-d16 -mfloat-abi=hard -mthumb -o "Core/Src/osci_adc.o"
arm-none-eabi-gcc "../Core/Src/osci_callback.c" -mcpu=cortex-m4 -std=gnu11 -g3 '-DEXTERNAL_CLOCK_VALUE=8000000' '-DHSE_VALUE=8000000' '-DHSE_STARTUP_TIMEOUT=100' -DDEBUG '-DLSE_STARTUP_TIMEOUT=5000' '-DLSE_VALUE=32768' '-DVDD_VALUE=3300' '-DLSI_VALUE=40000' '-DHSI_VALUE=8000000' -DSTM32F303x8 -DUSE_FULL_LL_DRIVER '-DPREFETCH_ENABLE=1' -c -I../Drivers/CMSIS/Include -I../Drivers/STM32F3xx_HAL_Driver/Inc -I../Core/Inc -I../Drivers/CMSIS/Device/ST/STM32F3xx/Include -O0 -ffunction-sections -fdata-sections -Wall -fstack-usage -MMD -MP -MF"Core/Src/osci_callback.d" -MT"Core/Src/osci_callback.o" --specs=nano.specs -mfpu=fpv4-sp-d16 -mfloat-abi=hard -mthumb -o "Core/Src/osci_callback.o"
arm-none-eabi-gcc "../Core/Src/osci_channel_state_machine.c" -mcpu=cortex-m4 -std=gnu11 -g3 '-DEXTERNAL_CLOCK_VALUE=8000000' '-DHSE_VALUE=8000000' '-DHSE_STARTUP_TIMEOUT=100' -DDEBUG '-DLSE_STARTUP_TIMEOUT=5000' '-DLSE_VALUE=32768' '-DVDD_VALUE=3300' '-DLSI_VALUE=40000' '-DHSI_VALUE=8000000' -DSTM32F303x8 -DUSE_FULL_LL_DRIVER '-DPREFETCH_ENABLE=1' -c -I../Drivers/CMSIS/Include -I../Drivers/STM32F3xx_HAL_Driver/Inc -I../Core/Inc -I../Drivers/CMSIS/Device/ST/STM32F3xx/Include -O0 -ffunction-sections -fdata-sections -Wall -fstack-usage -MMD -MP -MF"Core/Src/osci_channel_state_machine.d" -MT"Core/Src/osci_channel_state_machine.o" --specs=nano.specs -mfpu=fpv4-sp-d16 -mfloat-abi=hard -mthumb -o "Core/Src/osci_channel_state_machine.o"
arm-none-eabi-gcc "../Core/Src/osci_configurator.c" -mcpu=cortex-m4 -std=gnu11 -g3 '-DEXTERNAL_CLOCK_VALUE=8000000' '-DHSE_VALUE=8000000' '-DHSE_STARTUP_TIMEOUT=100' -DDEBUG '-DLSE_STARTUP_TIMEOUT=5000' '-DLSE_VALUE=32768' '-DVDD_VALUE=3300' '-DLSI_VALUE=40000' '-DHSI_VALUE=8000000' -DSTM32F303x8 -DUSE_FULL_LL_DRIVER '-DPREFETCH_ENABLE=1' -c -I../Drivers/CMSIS/Include -I../Drivers/STM32F3xx_HAL_Driver/Inc -I../Core/Inc -I../Drivers/CMSIS/Device/ST/STM32F3xx/Include -O0 -ffunction-sections -fdata-sections -Wall -fstack-usage -MMD -MP -MF"Core/Src/osci_configurator.d" -MT"Core/Src/osci_configurator.o" --specs=nano.specs -mfpu=fpv4-sp-d16 -mfloat-abi=hard -mthumb -o "Core/Src/osci_configurator.o"
arm-none-eabi-gcc "../Core/Src/osci_dma.c" -mcpu=cortex-m4 -std=gnu11 -g3 '-DEXTERNAL_CLOCK_VALUE=8000000' '-DHSE_VALUE=8000000' '-DHSE_STARTUP_TIMEOUT=100' -DDEBUG '-DLSE_STARTUP_TIMEOUT=5000' '-DLSE_VALUE=32768' '-DVDD_VALUE=3300' '-DLSI_VALUE=40000' '-DHSI_VALUE=8000000' -DSTM32F303x8 -DUSE_FULL_LL_DRIVER '-DPREFETCH_ENABLE=1' -c -I../Drivers/CMSIS/Include -I../Drivers/STM32F3xx_HAL_Driver/Inc -I../Core/Inc -I../Drivers/CMSIS/Device/ST/STM32F3xx/Include -O0 -ffunction-sections -fdata-sections -Wall -fstack-usage -MMD -MP -MF"Core/Src/osci_dma.d" -MT"Core/Src/osci_dma.o" --specs=nano.specs -mfpu=fpv4-sp-d16 -mfloat-abi=hard -mthumb -o "Core/Src/osci_dma.o"
arm-none-eabi-gcc "../Core/Src/osci_timer.c" -mcpu=cortex-m4 -std=gnu11 -g3 '-DEXTERNAL_CLOCK_VALUE=8000000' '-DHSE_VALUE=8000000' '-DHSE_STARTUP_TIMEOUT=100' -DDEBUG '-DLSE_STARTUP_TIMEOUT=5000' '-DLSE_VALUE=32768' '-DVDD_VALUE=3300' '-DLSI_VALUE=40000' '-DHSI_VALUE=8000000' -DSTM32F303x8 -DUSE_FULL_LL_DRIVER '-DPREFETCH_ENABLE=1' -c -I../Drivers/CMSIS/Include -I../Drivers/STM32F3xx_HAL_Driver/Inc -I../Core/Inc -I../Drivers/CMSIS/Device/ST/STM32F3xx/Include -O0 -ffunction-sections -fdata-sections -Wall -fstack-usage -MMD -MP -MF"Core/Src/osci_timer.d" -MT"Core/Src/osci_timer.o" --specs=nano.specs -mfpu=fpv4-sp-d16 -mfloat-abi=hard -mthumb -o "Core/Src/osci_timer.o"
arm-none-eabi-gcc "../Core/Src/osci_transceiver.c" -mcpu=cortex-m4 -std=gnu11 -g3 '-DEXTERNAL_CLOCK_VALUE=8000000' '-DHSE_VALUE=8000000' '-DHSE_STARTUP_TIMEOUT=100' -DDEBUG '-DLSE_STARTUP_TIMEOUT=5000' '-DLSE_VALUE=32768' '-DVDD_VALUE=3300' '-DLSI_VALUE=40000' '-DHSI_VALUE=8000000' -DSTM32F303x8 -DUSE_FULL_LL_DRIVER '-DPREFETCH_ENABLE=1' -c -I../Drivers/CMSIS/Include -I../Drivers/STM32F3xx_HAL_Driver/Inc -I../Core/Inc -I../Drivers/CMSIS/Device/ST/STM32F3xx/Include -O0 -ffunction-sections -fdata-sections -Wall -fstack-usage -MMD -MP -MF"Core/Src/osci_transceiver.d" -MT"Core/Src/osci_transceiver.o" --specs=nano.specs -mfpu=fpv4-sp-d16 -mfloat-abi=hard -mthumb -o "Core/Src/osci_transceiver.o"
arm-none-eabi-gcc "../Core/Src/osci_transform.c" -mcpu=cortex-m4 -std=gnu11 -g3 '-DEXTERNAL_CLOCK_VALUE=8000000' '-DHSE_VALUE=8000000' '-DHSE_STARTUP_TIMEOUT=100' -DDEBUG '-DLSE_STARTUP_TIMEOUT=5000' '-DLSE_VALUE=32768' '-DVDD_VALUE=3300' '-DLSI_VALUE=40000' '-DHSI_VALUE=8000000' -DSTM32F303x8 -DUSE_FULL_LL_DRIVER '-DPREFETCH_ENABLE=1' -c -I../Drivers/CMSIS/Include -I../Drivers/STM32F3xx_HAL_Driver/Inc -I../Core/Inc -I../Drivers/CMSIS/Device/ST/STM32F3xx/Include -O0 -ffunction-sections -fdata-sections -Wall -fstack-usage -MMD -MP -MF"Core/Src/osci_transform.d" -MT"Core/Src/osci_transform.o" --specs=nano.specs -mfpu=fpv4-sp-d16 -mfloat-abi=hard -mthumb -o "Core/Src/osci_transform.o"
arm-none-eabi-gcc "../Core/Src/stm32f3xx_it.c" -mcpu=cortex-m4 -std=gnu11 -g3 '-DEXTERNAL_CLOCK_VALUE=8000000' '-DHSE_VALUE=8000000' '-DHSE_STARTUP_TIMEOUT=100' -DDEBUG '-DLSE_STARTUP_TIMEOUT=5000' '-DLSE_VALUE=32768' '-DVDD_VALUE=3300' '-DLSI_VALUE=40000' '-DHSI_VALUE=8000000' -DSTM32F303x8 -DUSE_FULL_LL_DRIVER '-DPREFETCH_ENABLE=1' -c -I../Drivers/CMSIS/Include -I../Drivers/STM32F3xx_HAL_Driver/Inc -I../Core/Inc -I../Drivers/CMSIS/Device/ST/STM32F3xx/Include -O0 -ffunction-sections -fdata-sections -Wall -fstack-usage -MMD -MP -MF"Core/Src/stm32f3xx_it.d" -MT"Core/Src/stm32f3xx_it.o" --specs=nano.specs -mfpu=fpv4-sp-d16 -mfloat-abi=hard -mthumb -o "Core/Src/stm32f3xx_it.o"
arm-none-eabi-gcc -o "osci.elf" @"objects.list"   -mcpu=cortex-m4 -T"C:\Users\dot\Documents\Skola\Semester7\VS\SemestralnyProjekt\git\Oscilloscope\STMProjects\osci\STM32F303K8TX_FLASH.ld" --specs=nosys.specs -Wl,-Map="osci.map" -Wl,--gc-sections -static --specs=nano.specs -mfpu=fpv4-sp-d16 -mfloat-abi=hard -mthumb -Wl,--start-group -lc -lm -Wl,--end-group
Finished building target: osci.elf
 
arm-none-eabi-objdump -h -S  osci.elf  > "osci.list"
arm-none-eabi-size   osci.elf 
   text	   data	    bss	    dec	    hex	filename
  20884	    112	   1616	  22612	   5854	osci.elf
Finished building: default.size.stdout
 
Finished building: osci.list
 
14:50:32 **** Incremental Build of configuration Debug for project osci ****
make -j4 all 
arm-none-eabi-size   osci.elf 
   text	   data	    bss	    dec	    hex	filename
  20884	    112	   1616	  22612	   5854	osci.elf
Finished building: default.size.stdout
 
15:02:20 **** Incremental Build of configuration Debug for project osci ****
make -j4 all 
arm-none-eabi-gcc "../Core/Src/osci_channel_state_machine.c" -mcpu=cortex-m4 -std=gnu11 -g3 '-DEXTERNAL_CLOCK_VALUE=8000000' '-DHSE_VALUE=8000000' '-DHSE_STARTUP_TIMEOUT=100' -DDEBUG '-DLSE_STARTUP_TIMEOUT=5000' '-DLSE_VALUE=32768' '-DVDD_VALUE=3300' '-DLSI_VALUE=40000' '-DHSI_VALUE=8000000' -DSTM32F303x8 -DUSE_FULL_LL_DRIVER '-DPREFETCH_ENABLE=1' -c -I../Drivers/CMSIS/Include -I../Drivers/STM32F3xx_HAL_Driver/Inc -I../Core/Inc -I../Drivers/CMSIS/Device/ST/STM32F3xx/Include -O0 -ffunction-sections -fdata-sections -Wall -fstack-usage -MMD -MP -MF"Core/Src/osci_channel_state_machine.d" -MT"Core/Src/osci_channel_state_machine.o" --specs=nano.specs -mfpu=fpv4-sp-d16 -mfloat-abi=hard -mthumb -o "Core/Src/osci_channel_state_machine.o"
arm-none-eabi-gcc -o "osci.elf" @"objects.list"   -mcpu=cortex-m4 -T"C:\Users\dot\Documents\Skola\Semester7\VS\SemestralnyProjekt\git\Oscilloscope\STMProjects\osci\STM32F303K8TX_FLASH.ld" --specs=nosys.specs -Wl,-Map="osci.map" -Wl,--gc-sections -static --specs=nano.specs -mfpu=fpv4-sp-d16 -mfloat-abi=hard -mthumb -Wl,--start-group -lc -lm -Wl,--end-group
Finished building target: osci.elf
 
arm-none-eabi-objdump -h -S  osci.elf  > "osci.list"
arm-none-eabi-size   osci.elf 
   text	   data	    bss	    dec	    hex	filename
  21008	    112	   1616	  22736	   58d0	osci.elf
Finished building: default.size.stdout
 
Finished building: osci.list
 
15:07:32 **** Incremental Build of configuration Debug for project osci ****
make -j4 all 
arm-none-eabi-size   osci.elf 
   text	   data	    bss	    dec	    hex	filename
  21008	    112	   1616	  22736	   58d0	osci.elf
Finished building: default.size.stdout
 
15:20:21 **** Incremental Build of configuration Debug for project osci ****
make -j4 all 
arm-none-eabi-gcc "../Core/Src/osci_configurator.c" -mcpu=cortex-m4 -std=gnu11 -g3 '-DEXTERNAL_CLOCK_VALUE=8000000' '-DHSE_VALUE=8000000' '-DHSE_STARTUP_TIMEOUT=100' -DDEBUG '-DLSE_STARTUP_TIMEOUT=5000' '-DLSE_VALUE=32768' '-DVDD_VALUE=3300' '-DLSI_VALUE=40000' '-DHSI_VALUE=8000000' -DSTM32F303x8 -DUSE_FULL_LL_DRIVER '-DPREFETCH_ENABLE=1' -c -I../Drivers/CMSIS/Include -I../Drivers/STM32F3xx_HAL_Driver/Inc -I../Core/Inc -I../Drivers/CMSIS/Device/ST/STM32F3xx/Include -O0 -ffunction-sections -fdata-sections -Wall -fstack-usage -MMD -MP -MF"Core/Src/osci_configurator.d" -MT"Core/Src/osci_configurator.o" --specs=nano.specs -mfpu=fpv4-sp-d16 -mfloat-abi=hard -mthumb -o "Core/Src/osci_configurator.o"
arm-none-eabi-gcc "../Core/Src/osci_transceiver.c" -mcpu=cortex-m4 -std=gnu11 -g3 '-DEXTERNAL_CLOCK_VALUE=8000000' '-DHSE_VALUE=8000000' '-DHSE_STARTUP_TIMEOUT=100' -DDEBUG '-DLSE_STARTUP_TIMEOUT=5000' '-DLSE_VALUE=32768' '-DVDD_VALUE=3300' '-DLSI_VALUE=40000' '-DHSI_VALUE=8000000' -DSTM32F303x8 -DUSE_FULL_LL_DRIVER '-DPREFETCH_ENABLE=1' -c -I../Drivers/CMSIS/Include -I../Drivers/STM32F3xx_HAL_Driver/Inc -I../Core/Inc -I../Drivers/CMSIS/Device/ST/STM32F3xx/Include -O0 -ffunction-sections -fdata-sections -Wall -fstack-usage -MMD -MP -MF"Core/Src/osci_transceiver.d" -MT"Core/Src/osci_transceiver.o" --specs=nano.specs -mfpu=fpv4-sp-d16 -mfloat-abi=hard -mthumb -o "Core/Src/osci_transceiver.o"
arm-none-eabi-gcc -o "osci.elf" @"objects.list"   -mcpu=cortex-m4 -T"C:\Users\dot\Documents\Skola\Semester7\VS\SemestralnyProjekt\git\Oscilloscope\STMProjects\osci\STM32F303K8TX_FLASH.ld" --specs=nosys.specs -Wl,-Map="osci.map" -Wl,--gc-sections -static --specs=nano.specs -mfpu=fpv4-sp-d16 -mfloat-abi=hard -mthumb -Wl,--start-group -lc -lm -Wl,--end-group
Finished building target: osci.elf
 
arm-none-eabi-objdump -h -S  osci.elf  > "osci.list"
arm-none-eabi-size   osci.elf 
   text	   data	    bss	    dec	    hex	filename
  21008	    112	   1616	  22736	   58d0	osci.elf
Finished building: default.size.stdout
 
Finished building: osci.list
 
15:20:50 **** Incremental Build of configuration Debug for project osci ****
make -j4 all 
arm-none-eabi-size   osci.elf 
   text	   data	    bss	    dec	    hex	filename
  21008	    112	   1616	  22736	   58d0	osci.elf
Finished building: default.size.stdout
 
15:25:52 **** Incremental Build of configuration Debug for project osci ****
make -j4 all 
arm-none-eabi-size   osci.elf 
   text	   data	    bss	    dec	    hex	filename
  21008	    112	   1616	  22736	   58d0	osci.elf
Finished building: default.size.stdout
 
16:49:46 **** Incremental Build of configuration Debug for project osci ****
make -j4 all 
arm-none-eabi-size   osci.elf 
   text	   data	    bss	    dec	    hex	filename
  21008	    112	   1616	  22736	   58d0	osci.elf
Finished building: default.size.stdout
 
16:59:04 **** Incremental Build of configuration Debug for project osci ****
make -j4 all 
arm-none-eabi-size   osci.elf 
   text	   data	    bss	    dec	    hex	filename
  21008	    112	   1616	  22736	   58d0	osci.elf
Finished building: default.size.stdout
 
16:59:20 **** Incremental Build of configuration Debug for project osci ****
make -j4 all 
arm-none-eabi-size   osci.elf 
   text	   data	    bss	    dec	    hex	filename
  21008	    112	   1616	  22736	   58d0	osci.elf
Finished building: default.size.stdout
 
17:01:48 **** Incremental Build of configuration Debug for project osci ****
make -j4 all 
arm-none-eabi-size   osci.elf 
   text	   data	    bss	    dec	    hex	filename
  21008	    112	   1616	  22736	   58d0	osci.elf
Finished building: default.size.stdout
 
17:12:36 **** Incremental Build of configuration Debug for project osci ****
make -j4 all 
arm-none-eabi-size   osci.elf 
   text	   data	    bss	    dec	    hex	filename
  21008	    112	   1616	  22736	   58d0	osci.elf
Finished building: default.size.stdout
 
17:14:47 **** Incremental Build of configuration Debug for project osci ****
make -j4 all 
arm-none-eabi-size   osci.elf 
   text	   data	    bss	    dec	    hex	filename
  21008	    112	   1616	  22736	   58d0	osci.elf
Finished building: default.size.stdout
 
17:20:44 **** Incremental Build of configuration Debug for project osci ****
make -j4 all 
arm-none-eabi-size   osci.elf 
   text	   data	    bss	    dec	    hex	filename
  21008	    112	   1616	  22736	   58d0	osci.elf
Finished building: default.size.stdout
 
17:32:27 **** Incremental Build of configuration Debug for project osci ****
make -j4 all 
arm-none-eabi-size   osci.elf 
   text	   data	    bss	    dec	    hex	filename
  21008	    112	   1616	  22736	   58d0	osci.elf
Finished building: default.size.stdout
 
17:58:28 **** Incremental Build of configuration Debug for project osci ****
make -j4 all 
arm-none-eabi-gcc "../Core/Src/main.c" -mcpu=cortex-m4 -std=gnu11 -g3 '-DEXTERNAL_CLOCK_VALUE=8000000' '-DHSE_VALUE=8000000' '-DHSE_STARTUP_TIMEOUT=100' -DDEBUG '-DLSE_STARTUP_TIMEOUT=5000' '-DLSE_VALUE=32768' '-DVDD_VALUE=3300' '-DLSI_VALUE=40000' '-DHSI_VALUE=8000000' -DSTM32F303x8 -DUSE_FULL_LL_DRIVER '-DPREFETCH_ENABLE=1' -c -I../Drivers/CMSIS/Include -I../Drivers/STM32F3xx_HAL_Driver/Inc -I../Core/Inc -I../Drivers/CMSIS/Device/ST/STM32F3xx/Include -O0 -ffunction-sections -fdata-sections -Wall -fstack-usage -MMD -MP -MF"Core/Src/main.d" -MT"Core/Src/main.o" --specs=nano.specs -mfpu=fpv4-sp-d16 -mfloat-abi=hard -mthumb -o "Core/Src/main.o"
arm-none-eabi-gcc "../Core/Src/osci.c" -mcpu=cortex-m4 -std=gnu11 -g3 '-DEXTERNAL_CLOCK_VALUE=8000000' '-DHSE_VALUE=8000000' '-DHSE_STARTUP_TIMEOUT=100' -DDEBUG '-DLSE_STARTUP_TIMEOUT=5000' '-DLSE_VALUE=32768' '-DVDD_VALUE=3300' '-DLSI_VALUE=40000' '-DHSI_VALUE=8000000' -DSTM32F303x8 -DUSE_FULL_LL_DRIVER '-DPREFETCH_ENABLE=1' -c -I../Drivers/CMSIS/Include -I../Drivers/STM32F3xx_HAL_Driver/Inc -I../Core/Inc -I../Drivers/CMSIS/Device/ST/STM32F3xx/Include -O0 -ffunction-sections -fdata-sections -Wall -fstack-usage -MMD -MP -MF"Core/Src/osci.d" -MT"Core/Src/osci.o" --specs=nano.specs -mfpu=fpv4-sp-d16 -mfloat-abi=hard -mthumb -o "Core/Src/osci.o"
arm-none-eabi-gcc "../Core/Src/osci_adc.c" -mcpu=cortex-m4 -std=gnu11 -g3 '-DEXTERNAL_CLOCK_VALUE=8000000' '-DHSE_VALUE=8000000' '-DHSE_STARTUP_TIMEOUT=100' -DDEBUG '-DLSE_STARTUP_TIMEOUT=5000' '-DLSE_VALUE=32768' '-DVDD_VALUE=3300' '-DLSI_VALUE=40000' '-DHSI_VALUE=8000000' -DSTM32F303x8 -DUSE_FULL_LL_DRIVER '-DPREFETCH_ENABLE=1' -c -I../Drivers/CMSIS/Include -I../Drivers/STM32F3xx_HAL_Driver/Inc -I../Core/Inc -I../Drivers/CMSIS/Device/ST/STM32F3xx/Include -O0 -ffunction-sections -fdata-sections -Wall -fstack-usage -MMD -MP -MF"Core/Src/osci_adc.d" -MT"Core/Src/osci_adc.o" --specs=nano.specs -mfpu=fpv4-sp-d16 -mfloat-abi=hard -mthumb -o "Core/Src/osci_adc.o"
arm-none-eabi-gcc "../Core/Src/osci_callback.c" -mcpu=cortex-m4 -std=gnu11 -g3 '-DEXTERNAL_CLOCK_VALUE=8000000' '-DHSE_VALUE=8000000' '-DHSE_STARTUP_TIMEOUT=100' -DDEBUG '-DLSE_STARTUP_TIMEOUT=5000' '-DLSE_VALUE=32768' '-DVDD_VALUE=3300' '-DLSI_VALUE=40000' '-DHSI_VALUE=8000000' -DSTM32F303x8 -DUSE_FULL_LL_DRIVER '-DPREFETCH_ENABLE=1' -c -I../Drivers/CMSIS/Include -I../Drivers/STM32F3xx_HAL_Driver/Inc -I../Core/Inc -I../Drivers/CMSIS/Device/ST/STM32F3xx/Include -O0 -ffunction-sections -fdata-sections -Wall -fstack-usage -MMD -MP -MF"Core/Src/osci_callback.d" -MT"Core/Src/osci_callback.o" --specs=nano.specs -mfpu=fpv4-sp-d16 -mfloat-abi=hard -mthumb -o "Core/Src/osci_callback.o"
arm-none-eabi-gcc "../Core/Src/osci_channel_state_machine.c" -mcpu=cortex-m4 -std=gnu11 -g3 '-DEXTERNAL_CLOCK_VALUE=8000000' '-DHSE_VALUE=8000000' '-DHSE_STARTUP_TIMEOUT=100' -DDEBUG '-DLSE_STARTUP_TIMEOUT=5000' '-DLSE_VALUE=32768' '-DVDD_VALUE=3300' '-DLSI_VALUE=40000' '-DHSI_VALUE=8000000' -DSTM32F303x8 -DUSE_FULL_LL_DRIVER '-DPREFETCH_ENABLE=1' -c -I../Drivers/CMSIS/Include -I../Drivers/STM32F3xx_HAL_Driver/Inc -I../Core/Inc -I../Drivers/CMSIS/Device/ST/STM32F3xx/Include -O0 -ffunction-sections -fdata-sections -Wall -fstack-usage -MMD -MP -MF"Core/Src/osci_channel_state_machine.d" -MT"Core/Src/osci_channel_state_machine.o" --specs=nano.specs -mfpu=fpv4-sp-d16 -mfloat-abi=hard -mthumb -o "Core/Src/osci_channel_state_machine.o"
[...]
arm-none-eabi-gcc -o "osci.elf" @"objects.list"   -mcpu=cortex-m4 -T"C:\Users\dot\Documents\Skola\Semester7\VS\SemestralnyProjekt\git\Oscilloscope\STMProjects\osci\STM32F303K8TX_FLASH.ld" --specs=nosys.specs -Wl,-Map="osci.map" -Wl,--gc-sections -static --specs=nano.specs -mfpu=fpv4-sp-d16 -mfloat-abi=hard -mthumb -Wl,--start-group -lc -lm -Wl,--end-group
Finished building target: osci.elf
 
arm-none-eabi-objdump -h -S  osci.elf  > "osci.list"
arm-none-eabi-size   osci.elf 
   text	   data	    bss	    dec	    hex	filename
  21296	    112	   1616	  23024	   59f0	osci.elf
Finished building: default.size.stdout
 
Finished building: osci.list
 
10:12:12 **** Incremental Build of configuration Debug for project osci ****
make -j4 all 
arm-none-eabi-gcc "../Core/Src/adc.c" -mcpu=cortex-m4 -std=gnu11 -g3 '-DEXTERNAL_CLOCK_VALUE=8000000' '-DHSE_VALUE=8000000' '-DHSE_STARTUP_TIMEOUT=100' -DDEBUG '-DLSE_STARTUP_TIMEOUT=5000' '-DLSE_VALUE=32768' '-DVDD_VALUE=3300' '-DLSI_VALUE=40000' '-DHSI_VALUE=8000000' -DSTM32F303x8 -DUSE_FULL_LL_DRIVER '-DPREFETCH_ENABLE=1' -c -I../Drivers/CMSIS/Include -I../Drivers/STM32F3xx_HAL_Driver/Inc -I../Core/Inc -I../Drivers/CMSIS/Device/ST/STM32F3xx/Include -O0 -ffunction-sections -fdata-sections -Wall -fstack-usage -MMD -MP -MF"Core/Src/adc.d" -MT"Core/Src/adc.o" --specs=nano.specs -mfpu=fpv4-sp-d16 -mfloat-abi=hard -mthumb -o "Core/Src/adc.o"
arm-none-eabi-gcc "../Core/Src/dma.c" -mcpu=cortex-m4 -std=gnu11 -g3 '-DEXTERNAL_CLOCK_VALUE=8000000' '-DHSE_VALUE=8000000' '-DHSE_STARTUP_TIMEOUT=100' -DDEBUG '-DLSE_STARTUP_TIMEOUT=5000' '-DLSE_VALUE=32768' '-DVDD_VALUE=3300' '-DLSI_VALUE=40000' '-DHSI_VALUE=8000000' -DSTM32F303x8 -DUSE_FULL_LL_DRIVER '-DPREFETCH_ENABLE=1' -c -I../Drivers/CMSIS/Include -I../Drivers/STM32F3xx_HAL_Driver/Inc -I../Core/Inc -I../Drivers/CMSIS/Device/ST/STM32F3xx/Include -O0 -ffunction-sections -fdata-sections -Wall -fstack-usage -MMD -MP -MF"Core/Src/dma.d" -MT"Core/Src/dma.o" --specs=nano.specs -mfpu=fpv4-sp-d16 -mfloat-abi=hard -mthumb -o "Core/Src/dma.o"
arm-none-eabi-gcc "../Core/Src/gpio.c" -mcpu=cortex-m4 -std=gnu11 -g3 '-DEXTERNAL_CLOCK_VALUE=8000000' '-DHSE_VALUE=8000000' '-DHSE_STARTUP_TIMEOUT=100' -DDEBUG '-DLSE_STARTUP_TIMEOUT=5000' '-DLSE_VALUE=32768' '-DVDD_VALUE=3300' '-DLSI_VALUE=40000' '-DHSI_VALUE=8000000' -DSTM32F303x8 -DUSE_FULL_LL_DRIVER '-DPREFETCH_ENABLE=1' -c -I../Drivers/CMSIS/Include -I../Drivers/STM32F3xx_HAL_Driver/Inc -I../Core/Inc -I../Drivers/CMSIS/Device/ST/STM32F3xx/Include -O0 -ffunction-sections -fdata-sections -Wall -fstack-usage -MMD -MP -MF"Core/Src/gpio.d" -MT"Core/Src/gpio.o" --specs=nano.specs -mfpu=fpv4-sp-d16 -mfloat-abi=hard -mthumb -o "Core/Src/gpio.o"
arm-none-eabi-gcc "../Core/Src/main.c" -mcpu=cortex-m4 -std=gnu11 -g3 '-DEXTERNAL_CLOCK_VALUE=8000000' '-DHSE_VALUE=8000000' '-DHSE_STARTUP_TIMEOUT=100' -DDEBUG '-DLSE_STARTUP_TIMEOUT=5000' '-DLSE_VALUE=32768' '-DVDD_VALUE=3300' '-DLSI_VALUE=40000' '-DHSI_VALUE=8000000' -DSTM32F303x8 -DUSE_FULL_LL_DRIVER '-DPREFETCH_ENABLE=1' -c -I../Drivers/CMSIS/Include -I../Drivers/STM32F3xx_HAL_Driver/Inc -I../Core/Inc -I../Drivers/CMSIS/Device/ST/STM32F3xx/Include -O0 -ffunction-sections -fdata-sections -Wall -fstack-usage -MMD -MP -MF"Core/Src/main.d" -MT"Core/Src/main.o" --specs=nano.specs -mfpu=fpv4-sp-d16 -mfloat-abi=hard -mthumb -o "Core/Src/main.o"
arm-none-eabi-gcc "../Core/Src/osci_adc.c" -mcpu=cortex-m4 -std=gnu11 -g3 '-DEXTERNAL_CLOCK_VALUE=8000000' '-DHSE_VALUE=8000000' '-DHSE_STARTUP_TIMEOUT=100' -DDEBUG '-DLSE_STARTUP_TIMEOUT=5000' '-DLSE_VALUE=32768' '-DVDD_VALUE=3300' '-DLSI_VALUE=40000' '-DHSI_VALUE=8000000' -DSTM32F303x8 -DUSE_FULL_LL_DRIVER '-DPREFETCH_ENABLE=1' -c -I../Drivers/CMSIS/Include -I../Drivers/STM32F3xx_HAL_Driver/Inc -I../Core/Inc -I../Drivers/CMSIS/Device/ST/STM32F3xx/Include -O0 -ffunction-sections -fdata-sections -Wall -fstack-usage -MMD -MP -MF"Core/Src/osci_adc.d" -MT"Core/Src/osci_adc.o" --specs=nano.specs -mfpu=fpv4-sp-d16 -mfloat-abi=hard -mthumb -o "Core/Src/osci_adc.o"
arm-none-eabi-gcc "../Core/Src/osci_channel_state_machine.c" -mcpu=cortex-m4 -std=gnu11 -g3 '-DEXTERNAL_CLOCK_VALUE=8000000' '-DHSE_VALUE=8000000' '-DHSE_STARTUP_TIMEOUT=100' -DDEBUG '-DLSE_STARTUP_TIMEOUT=5000' '-DLSE_VALUE=32768' '-DVDD_VALUE=3300' '-DLSI_VALUE=40000' '-DHSI_VALUE=8000000' -DSTM32F303x8 -DUSE_FULL_LL_DRIVER '-DPREFETCH_ENABLE=1' -c -I../Drivers/CMSIS/Include -I../Drivers/STM32F3xx_HAL_Driver/Inc -I../Core/Inc -I../Drivers/CMSIS/Device/ST/STM32F3xx/Include -O0 -ffunction-sections -fdata-sections -Wall -fstack-usage -MMD -MP -MF"Core/Src/osci_channel_state_machine.d" -MT"Core/Src/osci_channel_state_machine.o" --specs=nano.specs -mfpu=fpv4-sp-d16 -mfloat-abi=hard -mthumb -o "Core/Src/osci_channel_state_machine.o"
arm-none-eabi-gcc "../Core/Src/osci_configurator.c" -mcpu=cortex-m4 -std=gnu11 -g3 '-DEXTERNAL_CLOCK_VALUE=8000000' '-DHSE_VALUE=8000000' '-DHSE_STARTUP_TIMEOUT=100' -DDEBUG '-DLSE_STARTUP_TIMEOUT=5000' '-DLSE_VALUE=32768' '-DVDD_VALUE=3300' '-DLSI_VALUE=40000' '-DHSI_VALUE=8000000' -DSTM32F303x8 -DUSE_FULL_LL_DRIVER '-DPREFETCH_ENABLE=1' -c -I../Drivers/CMSIS/Include -I../Drivers/STM32F3xx_HAL_Driver/Inc -I../Core/Inc -I../Drivers/CMSIS/Device/ST/STM32F3xx/Include -O0 -ffunction-sections -fdata-sections -Wall -fstack-usage -MMD -MP -MF"Core/Src/osci_configurator.d" -MT"Core/Src/osci_configurator.o" --specs=nano.specs -mfpu=fpv4-sp-d16 -mfloat-abi=hard -mthumb -o "Core/Src/osci_configurator.o"
arm-none-eabi-gcc "../Core/Src/sys.c" -mcpu=cortex-m4 -std=gnu11 -g3 '-DEXTERNAL_CLOCK_VALUE=8000000' '-DHSE_VALUE=8000000' '-DHSE_STARTUP_TIMEOUT=100' -DDEBUG '-DLSE_STARTUP_TIMEOUT=5000' '-DLSE_VALUE=32768' '-DVDD_VALUE=3300' '-DLSI_VALUE=40000' '-DHSI_VALUE=8000000' -DSTM32F303x8 -DUSE_FULL_LL_DRIVER '-DPREFETCH_ENABLE=1' -c -I../Drivers/CMSIS/Include -I../Drivers/STM32F3xx_HAL_Driver/Inc -I../Core/Inc -I../Drivers/CMSIS/Device/ST/STM32F3xx/Include -O0 -ffunction-sections -fdata-sections -Wall -fstack-usage -MMD -MP -MF"Core/Src/sys.d" -MT"Core/Src/sys.o" --specs=nano.specs -mfpu=fpv4-sp-d16 -mfloat-abi=hard -mthumb -o "Core/Src/sys.o"
arm-none-eabi-gcc "../Core/Src/tim.c" -mcpu=cortex-m4 -std=gnu11 -g3 '-DEXTERNAL_CLOCK_VALUE=8000000' '-DHSE_VALUE=8000000' '-DHSE_STARTUP_TIMEOUT=100' -DDEBUG '-DLSE_STARTUP_TIMEOUT=5000' '-DLSE_VALUE=32768' '-DVDD_VALUE=3300' '-DLSI_VALUE=40000' '-DHSI_VALUE=8000000' -DSTM32F303x8 -DUSE_FULL_LL_DRIVER '-DPREFETCH_ENABLE=1' -c -I../Drivers/CMSIS/Include -I../Drivers/STM32F3xx_HAL_Driver/Inc -I../Core/Inc -I../Drivers/CMSIS/Device/ST/STM32F3xx/Include -O0 -ffunction-sections -fdata-sections -Wall -fstack-usage -MMD -MP -MF"Core/Src/tim.d" -MT"Core/Src/tim.o" --specs=nano.specs -mfpu=fpv4-sp-d16 -mfloat-abi=hard -mthumb -o "Core/Src/tim.o"
arm-none-eabi-gcc "../Core/Src/usart.c" -mcpu=cortex-m4 -std=gnu11 -g3 '-DEXTERNAL_CLOCK_VALUE=8000000' '-DHSE_VALUE=8000000' '-DHSE_STARTUP_TIMEOUT=100' -DDEBUG '-DLSE_STARTUP_TIMEOUT=5000' '-DLSE_VALUE=32768' '-DVDD_VALUE=3300' '-DLSI_VALUE=40000' '-DHSI_VALUE=8000000' -DSTM32F303x8 -DUSE_FULL_LL_DRIVER '-DPREFETCH_ENABLE=1' -c -I../Drivers/CMSIS/Include -I../Drivers/STM32F3xx_HAL_Driver/Inc -I../Core/Inc -I../Drivers/CMSIS/Device/ST/STM32F3xx/Include -O0 -ffunction-sections -fdata-sections -Wall -fstack-usage -MMD -MP -MF"Core/Src/usart.d" -MT"Core/Src/usart.o" --specs=nano.specs -mfpu=fpv4-sp-d16 -mfloat-abi=hard -mthumb -o "Core/Src/usart.o"
arm-none-eabi-gcc "../Core/Src/osci_transceiver.c" -mcpu=cortex-m4 -std=gnu11 -g3 '-DEXTERNAL_CLOCK_VALUE=8000000' '-DHSE_VALUE=8000000' '-DHSE_STARTUP_TIMEOUT=100' -DDEBUG '-DLSE_STARTUP_TIMEOUT=5000' '-DLSE_VALUE=32768' '-DVDD_VALUE=3300' '-DLSI_VALUE=40000' '-DHSI_VALUE=8000000' -DSTM32F303x8 -DUSE_FULL_LL_DRIVER '-DPREFETCH_ENABLE=1' -c -I../Drivers/CMSIS/Include -I../Drivers/STM32F3xx_HAL_Driver/Inc -I../Core/Inc -I../Drivers/CMSIS/Device/ST/STM32F3xx/Include -O0 -ffunction-sections -fdata-sections -Wall -fstack-usage -MMD -MP -MF"Core/Src/osci_transceiver.d" -MT"Core/Src/osci_transceiver.o" --specs=nano.specs -mfpu=fpv4-sp-d16 -mfloat-abi=hard -mthumb -o "Core/Src/osci_transceiver.o"
arm-none-eabi-gcc -o "osci.elf" @"objects.list"   -mcpu=cortex-m4 -T"C:\Users\dot\Documents\Skola\Semester7\VS\SemestralnyProjekt\git\Oscilloscope\STMProjects\osci\STM32F303K8TX_FLASH.ld" --specs=nosys.specs -Wl,-Map="osci.map" -Wl,--gc-sections -static --specs=nano.specs -mfpu=fpv4-sp-d16 -mfloat-abi=hard -mthumb -Wl,--start-group -lc -lm -Wl,--end-group
Finished building target: osci.elf
 
arm-none-eabi-objdump -h -S  osci.elf  > "osci.list"
arm-none-eabi-size   osci.elf 
   text	   data	    bss	    dec	    hex	filename
  21256	    112	   1616	  22984	   59c8	osci.elf
Finished building: default.size.stdout
 
Finished building: osci.list
 
10:28:45 **** Incremental Build of configuration Debug for project osci ****
make -j4 all 
arm-none-eabi-size   osci.elf 
   text	   data	    bss	    dec	    hex	filename
  21256	    112	   1616	  22984	   59c8	osci.elf
Finished building: default.size.stdout
 
10:31:30 **** Incremental Build of configuration Debug for project osci ****
make -j4 all 
arm-none-eabi-gcc "../Core/Src/osci_adc.c" -mcpu=cortex-m4 -std=gnu11 -g3 '-DEXTERNAL_CLOCK_VALUE=8000000' '-DHSE_VALUE=8000000' '-DHSE_STARTUP_TIMEOUT=100' -DDEBUG '-DLSE_STARTUP_TIMEOUT=5000' '-DLSE_VALUE=32768' '-DVDD_VALUE=3300' '-DLSI_VALUE=40000' '-DHSI_VALUE=8000000' -DSTM32F303x8 -DUSE_FULL_LL_DRIVER '-DPREFETCH_ENABLE=1' -c -I../Drivers/CMSIS/Include -I../Drivers/STM32F3xx_HAL_Driver/Inc -I../Core/Inc -I../Drivers/CMSIS/Device/ST/STM32F3xx/Include -O0 -ffunction-sections -fdata-sections -Wall -fstack-usage -MMD -MP -MF"Core/Src/osci_adc.d" -MT"Core/Src/osci_adc.o" --specs=nano.specs -mfpu=fpv4-sp-d16 -mfloat-abi=hard -mthumb -o "Core/Src/osci_adc.o"
../Core/Src/osci_adc.c: In function 'OSCI_adc_init':
../Core/Src/osci_adc.c:20:26: error: 'ADCx' undeclared (first use in this function); did you mean 'ADC1'?
  LL_ADC_StartCalibration(ADCx, LL_ADC_SINGLE_ENDED);
                          ^~~~
                          ADC1
../Core/Src/osci_adc.c:20:26: note: each undeclared identifier is reported only once for each function it appears in
make: *** [Core/Src/subdir.mk:88: Core/Src/osci_adc.o] Error 1
"make -j4 all" terminated with exit code 2. Build might be incomplete.
10:31:54 **** Incremental Build of configuration Debug for project osci ****
make -j4 all 
arm-none-eabi-gcc "../Core/Src/osci_adc.c" -mcpu=cortex-m4 -std=gnu11 -g3 '-DEXTERNAL_CLOCK_VALUE=8000000' '-DHSE_VALUE=8000000' '-DHSE_STARTUP_TIMEOUT=100' -DDEBUG '-DLSE_STARTUP_TIMEOUT=5000' '-DLSE_VALUE=32768' '-DVDD_VALUE=3300' '-DLSI_VALUE=40000' '-DHSI_VALUE=8000000' -DSTM32F303x8 -DUSE_FULL_LL_DRIVER '-DPREFETCH_ENABLE=1' -c -I../Drivers/CMSIS/Include -I../Drivers/STM32F3xx_HAL_Driver/Inc -I../Core/Inc -I../Drivers/CMSIS/Device/ST/STM32F3xx/Include -O0 -ffunction-sections -fdata-sections -Wall -fstack-usage -MMD -MP -MF"Core/Src/osci_adc.d" -MT"Core/Src/osci_adc.o" --specs=nano.specs -mfpu=fpv4-sp-d16 -mfloat-abi=hard -mthumb -o "Core/Src/osci_adc.o"
arm-none-eabi-gcc -o "osci.elf" @"objects.list"   -mcpu=cortex-m4 -T"C:\Users\dot\Documents\Skola\Semester7\VS\SemestralnyProjekt\git\Oscilloscope\STMProjects\osci\STM32F303K8TX_FLASH.ld" --specs=nosys.specs -Wl,-Map="osci.map" -Wl,--gc-sections -static --specs=nano.specs -mfpu=fpv4-sp-d16 -mfloat-abi=hard -mthumb -Wl,--start-group -lc -lm -Wl,--end-group
Finished building target: osci.elf
 
arm-none-eabi-objdump -h -S  osci.elf  > "osci.list"
arm-none-eabi-size   osci.elf 
   text	   data	    bss	    dec	    hex	filename
  21376	    112	   1616	  23104	   5a40	osci.elf
Finished building: default.size.stdout
 
Finished building: osci.list
 
10:36:28 **** Incremental Build of configuration Debug for project osci ****
make -j4 all 
arm-none-eabi-gcc "../Core/Src/main.c" -mcpu=cortex-m4 -std=gnu11 -g3 '-DEXTERNAL_CLOCK_VALUE=8000000' '-DHSE_VALUE=8000000' '-DHSE_STARTUP_TIMEOUT=100' -DDEBUG '-DLSE_STARTUP_TIMEOUT=5000' '-DLSE_VALUE=32768' '-DVDD_VALUE=3300' '-DLSI_VALUE=40000' '-DHSI_VALUE=8000000' -DSTM32F303x8 -DUSE_FULL_LL_DRIVER '-DPREFETCH_ENABLE=1' -c -I../Drivers/CMSIS/Include -I../Drivers/STM32F3xx_HAL_Driver/Inc -I../Core/Inc -I../Drivers/CMSIS/Device/ST/STM32F3xx/Include -O0 -ffunction-sections -fdata-sections -Wall -fstack-usage -MMD -MP -MF"Core/Src/main.d" -MT"Core/Src/main.o" --specs=nano.specs -mfpu=fpv4-sp-d16 -mfloat-abi=hard -mthumb -o "Core/Src/main.o"
arm-none-eabi-gcc "../Core/Src/osci.c" -mcpu=cortex-m4 -std=gnu11 -g3 '-DEXTERNAL_CLOCK_VALUE=8000000' '-DHSE_VALUE=8000000' '-DHSE_STARTUP_TIMEOUT=100' -DDEBUG '-DLSE_STARTUP_TIMEOUT=5000' '-DLSE_VALUE=32768' '-DVDD_VALUE=3300' '-DLSI_VALUE=40000' '-DHSI_VALUE=8000000' -DSTM32F303x8 -DUSE_FULL_LL_DRIVER '-DPREFETCH_ENABLE=1' -c -I../Drivers/CMSIS/Include -I../Drivers/STM32F3xx_HAL_Driver/Inc -I../Core/Inc -I../Drivers/CMSIS/Device/ST/STM32F3xx/Include -O0 -ffunction-sections -fdata-sections -Wall -fstack-usage -MMD -MP -MF"Core/Src/osci.d" -MT"Core/Src/osci.o" --specs=nano.specs -mfpu=fpv4-sp-d16 -mfloat-abi=hard -mthumb -o "Core/Src/osci.o"
arm-none-eabi-gcc "../Core/Src/osci_adc.c" -mcpu=cortex-m4 -std=gnu11 -g3 '-DEXTERNAL_CLOCK_VALUE=8000000' '-DHSE_VALUE=8000000' '-DHSE_STARTUP_TIMEOUT=100' -DDEBUG '-DLSE_STARTUP_TIMEOUT=5000' '-DLSE_VALUE=32768' '-DVDD_VALUE=3300' '-DLSI_VALUE=40000' '-DHSI_VALUE=8000000' -DSTM32F303x8 -DUSE_FULL_LL_DRIVER '-DPREFETCH_ENABLE=1' -c -I../Drivers/CMSIS/Include -I../Drivers/STM32F3xx_HAL_Driver/Inc -I../Core/Inc -I../Drivers/CMSIS/Device/ST/STM32F3xx/Include -O0 -ffunction-sections -fdata-sections -Wall -fstack-usage -MMD -MP -MF"Core/Src/osci_adc.d" -MT"Core/Src/osci_adc.o" --specs=nano.specs -mfpu=fpv4-sp-d16 -mfloat-abi=hard -mthumb -o "Core/Src/osci_adc.o"
arm-none-eabi-gcc "../Core/Src/osci_callback.c" -mcpu=cortex-m4 -std=gnu11 -g3 '-DEXTERNAL_CLOCK_VALUE=8000000' '-DHSE_VALUE=8000000' '-DHSE_STARTUP_TIMEOUT=100' -DDEBUG '-DLSE_STARTUP_TIMEOUT=5000' '-DLSE_VALUE=32768' '-DVDD_VALUE=3300' '-DLSI_VALUE=40000' '-DHSI_VALUE=8000000' -DSTM32F303x8 -DUSE_FULL_LL_DRIVER '-DPREFETCH_ENABLE=1' -c -I../Drivers/CMSIS/Include -I../Drivers/STM32F3xx_HAL_Driver/Inc -I../Core/Inc -I../Drivers/CMSIS/Device/ST/STM32F3xx/Include -O0 -ffunction-sections -fdata-sections -Wall -fstack-usage -MMD -MP -MF"Core/Src/osci_callback.d" -MT"Core/Src/osci_callback.o" --specs=nano.specs -mfpu=fpv4-sp-d16 -mfloat-abi=hard -mthumb -o "Core/Src/osci_callback.o"
arm-none-eabi-gcc "../Core/Src/osci_channel_state_machine.c" -mcpu=cortex-m4 -std=gnu11 -g3 '-DEXTERNAL_CLOCK_VALUE=8000000' '-DHSE_VALUE=8000000' '-DHSE_STARTUP_TIMEOUT=100' -DDEBUG '-DLSE_STARTUP_TIMEOUT=5000' '-DLSE_VALUE=32768' '-DVDD_VALUE=3300' '-DLSI_VALUE=40000' '-DHSI_VALUE=8000000' -DSTM32F303x8 -DUSE_FULL_LL_DRIVER '-DPREFETCH_ENABLE=1' -c -I../Drivers/CMSIS/Include -I../Drivers/STM32F3xx_HAL_Driver/Inc -I../Core/Inc -I../Drivers/CMSIS/Device/ST/STM32F3xx/Include -O0 -ffunction-sections -fdata-sections -Wall -fstack-usage -MMD -MP -MF"Core/Src/osci_channel_state_machine.d" -MT"Core/Src/osci_channel_state_machine.o" --specs=nano.specs -mfpu=fpv4-sp-d16 -mfloat-abi=hard -mthumb -o "Core/Src/osci_channel_state_machine.o"
arm-none-eabi-gcc "../Core/Src/osci_configurator.c" -mcpu=cortex-m4 -std=gnu11 -g3 '-DEXTERNAL_CLOCK_VALUE=8000000' '-DHSE_VALUE=8000000' '-DHSE_STARTUP_TIMEOUT=100' -DDEBUG '-DLSE_STARTUP_TIMEOUT=5000' '-DLSE_VALUE=32768' '-DVDD_VALUE=3300' '-DLSI_VALUE=40000' '-DHSI_VALUE=8000000' -DSTM32F303x8 -DUSE_FULL_LL_DRIVER '-DPREFETCH_ENABLE=1' -c -I../Drivers/CMSIS/Include -I../Drivers/STM32F3xx_HAL_Driver/Inc -I../Core/Inc -I../Drivers/CMSIS/Device/ST/STM32F3xx/Include -O0 -ffunction-sections -fdata-sections -Wall -fstack-usage -MMD -MP -MF"Core/Src/osci_configurator.d" -MT"Core/Src/osci_configurator.o" --specs=nano.specs -mfpu=fpv4-sp-d16 -mfloat-abi=hard -mthumb -o "Core/Src/osci_configurator.o"
arm-none-eabi-gcc "../Core/Src/osci_dma.c" -mcpu=cortex-m4 -std=gnu11 -g3 '-DEXTERNAL_CLOCK_VALUE=8000000' '-DHSE_VALUE=8000000' '-DHSE_STARTUP_TIMEOUT=100' -DDEBUG '-DLSE_STARTUP_TIMEOUT=5000' '-DLSE_VALUE=32768' '-DVDD_VALUE=3300' '-DLSI_VALUE=40000' '-DHSI_VALUE=8000000' -DSTM32F303x8 -DUSE_FULL_LL_DRIVER '-DPREFETCH_ENABLE=1' -c -I../Drivers/CMSIS/Include -I../Drivers/STM32F3xx_HAL_Driver/Inc -I../Core/Inc -I../Drivers/CMSIS/Device/ST/STM32F3xx/Include -O0 -ffunction-sections -fdata-sections -Wall -fstack-usage -MMD -MP -MF"Core/Src/osci_dma.d" -MT"Core/Src/osci_dma.o" --specs=nano.specs -mfpu=fpv4-sp-d16 -mfloat-abi=hard -mthumb -o "Core/Src/osci_dma.o"
arm-none-eabi-gcc "../Core/Src/osci_timer.c" -mcpu=cortex-m4 -std=gnu11 -g3 '-DEXTERNAL_CLOCK_VALUE=8000000' '-DHSE_VALUE=8000000' '-DHSE_STARTUP_TIMEOUT=100' -DDEBUG '-DLSE_STARTUP_TIMEOUT=5000' '-DLSE_VALUE=32768' '-DVDD_VALUE=3300' '-DLSI_VALUE=40000' '-DHSI_VALUE=8000000' -DSTM32F303x8 -DUSE_FULL_LL_DRIVER '-DPREFETCH_ENABLE=1' -c -I../Drivers/CMSIS/Include -I../Drivers/STM32F3xx_HAL_Driver/Inc -I../Core/Inc -I../Drivers/CMSIS/Device/ST/STM32F3xx/Include -O0 -ffunction-sections -fdata-sections -Wall -fstack-usage -MMD -MP -MF"Core/Src/osci_timer.d" -MT"Core/Src/osci_timer.o" --specs=nano.specs -mfpu=fpv4-sp-d16 -mfloat-abi=hard -mthumb -o "Core/Src/osci_timer.o"
arm-none-eabi-gcc "../Core/Src/osci_transceiver.c" -mcpu=cortex-m4 -std=gnu11 -g3 '-DEXTERNAL_CLOCK_VALUE=8000000' '-DHSE_VALUE=8000000' '-DHSE_STARTUP_TIMEOUT=100' -DDEBUG '-DLSE_STARTUP_TIMEOUT=5000' '-DLSE_VALUE=32768' '-DVDD_VALUE=3300' '-DLSI_VALUE=40000' '-DHSI_VALUE=8000000' -DSTM32F303x8 -DUSE_FULL_LL_DRIVER '-DPREFETCH_ENABLE=1' -c -I../Drivers/CMSIS/Include -I../Drivers/STM32F3xx_HAL_Driver/Inc -I../Core/Inc -I../Drivers/CMSIS/Device/ST/STM32F3xx/Include -O0 -ffunction-sections -fdata-sections -Wall -fstack-usage -MMD -MP -MF"Core/Src/osci_transceiver.d" -MT"Core/Src/osci_transceiver.o" --specs=nano.specs -mfpu=fpv4-sp-d16 -mfloat-abi=hard -mthumb -o "Core/Src/osci_transceiver.o"
arm-none-eabi-gcc "../Core/Src/osci_transform.c" -mcpu=cortex-m4 -std=gnu11 -g3 '-DEXTERNAL_CLOCK_VALUE=8000000' '-DHSE_VALUE=8000000' '-DHSE_STARTUP_TIMEOUT=100' -DDEBUG '-DLSE_STARTUP_TIMEOUT=5000' '-DLSE_VALUE=32768' '-DVDD_VALUE=3300' '-DLSI_VALUE=40000' '-DHSI_VALUE=8000000' -DSTM32F303x8 -DUSE_FULL_LL_DRIVER '-DPREFETCH_ENABLE=1' -c -I../Drivers/CMSIS/Include -I../Drivers/STM32F3xx_HAL_Driver/Inc -I../Core/Inc -I../Drivers/CMSIS/Device/ST/STM32F3xx/Include -O0 -ffunction-sections -fdata-sections -Wall -fstack-usage -MMD -MP -MF"Core/Src/osci_transform.d" -MT"Core/Src/osci_transform.o" --specs=nano.specs -mfpu=fpv4-sp-d16 -mfloat-abi=hard -mthumb -o "Core/Src/osci_transform.o"
arm-none-eabi-gcc "../Core/Src/stm32f3xx_it.c" -mcpu=cortex-m4 -std=gnu11 -g3 '-DEXTERNAL_CLOCK_VALUE=8000000' '-DHSE_VALUE=8000000' '-DHSE_STARTUP_TIMEOUT=100' -DDEBUG '-DLSE_STARTUP_TIMEOUT=5000' '-DLSE_VALUE=32768' '-DVDD_VALUE=3300' '-DLSI_VALUE=40000' '-DHSI_VALUE=8000000' -DSTM32F303x8 -DUSE_FULL_LL_DRIVER '-DPREFETCH_ENABLE=1' -c -I../Drivers/CMSIS/Include -I../Drivers/STM32F3xx_HAL_Driver/Inc -I../Core/Inc -I../Drivers/CMSIS/Device/ST/STM32F3xx/Include -O0 -ffunction-sections -fdata-sections -Wall -fstack-usage -MMD -MP -MF"Core/Src/stm32f3xx_it.d" -MT"Core/Src/stm32f3xx_it.o" --specs=nano.specs -mfpu=fpv4-sp-d16 -mfloat-abi=hard -mthumb -o "Core/Src/stm32f3xx_it.o"
arm-none-eabi-gcc -o "osci.elf" @"objects.list"   -mcpu=cortex-m4 -T"C:\Users\dot\Documents\Skola\Semester7\VS\SemestralnyProjekt\git\Oscilloscope\STMProjects\osci\STM32F303K8TX_FLASH.ld" --specs=nosys.specs -Wl,-Map="osci.map" -Wl,--gc-sections -static --specs=nano.specs -mfpu=fpv4-sp-d16 -mfloat-abi=hard -mthumb -Wl,--start-group -lc -lm -Wl,--end-group
Finished building target: osci.elf
 
arm-none-eabi-objdump -h -S  osci.elf  > "osci.list"
arm-none-eabi-size   osci.elf 
   text	   data	    bss	    dec	    hex	filename
  21352	    112	   1616	  23080	   5a28	osci.elf
Finished building: default.size.stdout
 
Finished building: osci.list
 
