16:41:35 **** Incremental Build of configuration Debug for project osci_test_signal_generator ****
make -j4 all 
arm-none-eabi-g++ "../Core/Src/SignalAdjuster.cpp" -mcpu=cortex-m4 -std=gnu++14 -g3 '-DEXTERNAL_CLOCK_VALUE=8000000' '-DHSE_VALUE=8000000' '-DHSE_STARTUP_TIMEOUT=100' -DDEBUG '-DLSE_STARTUP_TIMEOUT=5000' '-DLSE_VALUE=32768' '-DVDD_VALUE=3300' '-DLSI_VALUE=40000' '-DHSI_VALUE=8000000' -DSTM32F303x8 -DUSE_FULL_LL_DRIVER '-DPREFETCH_ENABLE=1' -c -I../Drivers/CMSIS/Include -I../Drivers/STM32F3xx_HAL_Driver/Inc -I../Core/Inc -I../Drivers/CMSIS/Device/ST/STM32F3xx/Include -O0 -ffunction-sections -fdata-sections -fno-exceptions -fno-rtti -fno-threadsafe-statics -fno-use-cxa-atexit -Wall -fstack-usage -MMD -MP -MF"Core/Src/SignalAdjuster.d" -MT"Core/Src/SignalAdjuster.o" --specs=nano.specs -mfpu=fpv4-sp-d16 -mfloat-abi=hard -mthumb -o "Core/Src/SignalAdjuster.o"
arm-none-eabi-g++ "../Core/Src/cppmain.cpp" -mcpu=cortex-m4 -std=gnu++14 -g3 '-DEXTERNAL_CLOCK_VALUE=8000000' '-DHSE_VALUE=8000000' '-DHSE_STARTUP_TIMEOUT=100' -DDEBUG '-DLSE_STARTUP_TIMEOUT=5000' '-DLSE_VALUE=32768' '-DVDD_VALUE=3300' '-DLSI_VALUE=40000' '-DHSI_VALUE=8000000' -DSTM32F303x8 -DUSE_FULL_LL_DRIVER '-DPREFETCH_ENABLE=1' -c -I../Drivers/CMSIS/Include -I../Drivers/STM32F3xx_HAL_Driver/Inc -I../Core/Inc -I../Drivers/CMSIS/Device/ST/STM32F3xx/Include -O0 -ffunction-sections -fdata-sections -fno-exceptions -fno-rtti -fno-threadsafe-statics -fno-use-cxa-atexit -Wall -fstack-usage -MMD -MP -MF"Core/Src/cppmain.d" -MT"Core/Src/cppmain.o" --specs=nano.specs -mfpu=fpv4-sp-d16 -mfloat-abi=hard -mthumb -o "Core/Src/cppmain.o"
arm-none-eabi-gcc "../Core/Src/usart.c" -mcpu=cortex-m4 -std=gnu11 -g3 '-DEXTERNAL_CLOCK_VALUE=8000000' '-DHSE_VALUE=8000000' '-DHSE_STARTUP_TIMEOUT=100' -DDEBUG '-DLSE_STARTUP_TIMEOUT=5000' '-DLSE_VALUE=32768' '-DVDD_VALUE=3300' '-DLSI_VALUE=40000' '-DHSI_VALUE=8000000' -DSTM32F303x8 -DUSE_FULL_LL_DRIVER '-DPREFETCH_ENABLE=1' -c -I../Drivers/CMSIS/Include -I../Drivers/STM32F3xx_HAL_Driver/Inc -I../Core/Inc -I../Drivers/CMSIS/Device/ST/STM32F3xx/Include -O0 -ffunction-sections -fdata-sections -Wall -fstack-usage -MMD -MP -MF"Core/Src/usart.d" -MT"Core/Src/usart.o" --specs=nano.specs -mfpu=fpv4-sp-d16 -mfloat-abi=hard -mthumb -o "Core/Src/usart.o"
arm-none-eabi-g++ -o "osci_test_signal_generator.elf" @"objects.list"   -mcpu=cortex-m4 -T"C:\Users\dot\Documents\Skola\Semester7\VS\SemestralnyProjekt\git\Oscilloscope\STMProjects\osci_test_signal_generator\STM32F303K8TX_FLASH.ld" --specs=nosys.specs -Wl,-Map="osci_test_signal_generator.map" -Wl,--gc-sections -static --specs=nano.specs -mfpu=fpv4-sp-d16 -mfloat-abi=hard -mthumb -Wl,--start-group -lc -lm -lstdc++ -lsupc++ -Wl,--end-group
Finished building target: osci_test_signal_generator.elf
 
arm-none-eabi-size   osci_test_signal_generator.elf 
arm-none-eabi-objdump -h -S  osci_test_signal_generator.elf  > "osci_test_signal_generator.list"
   text	   data	    bss	    dec	    hex	filename
  13640	     12	   1580	  15232	   3b80	osci_test_signal_generator.elf
Finished building: default.size.stdout
 
Finished building: osci_test_signal_generator.list
 
16:42:18 **** Incremental Build of configuration Debug for project osci_test_signal_generator ****
make -j4 all 
arm-none-eabi-size   osci_test_signal_generator.elf 
   text	   data	    bss	    dec	    hex	filename
  13640	     12	   1580	  15232	   3b80	osci_test_signal_generator.elf
Finished building: default.size.stdout
 
16:44:16 **** Incremental Build of configuration Debug for project osci_test_signal_generator ****
make -j4 all 
arm-none-eabi-g++ "../Core/Src/SignalAdjuster.cpp" -mcpu=cortex-m4 -std=gnu++14 -g3 '-DEXTERNAL_CLOCK_VALUE=8000000' '-DHSE_VALUE=8000000' '-DHSE_STARTUP_TIMEOUT=100' -DDEBUG '-DLSE_STARTUP_TIMEOUT=5000' '-DLSE_VALUE=32768' '-DVDD_VALUE=3300' '-DLSI_VALUE=40000' '-DHSI_VALUE=8000000' -DSTM32F303x8 -DUSE_FULL_LL_DRIVER '-DPREFETCH_ENABLE=1' -c -I../Drivers/CMSIS/Include -I../Drivers/STM32F3xx_HAL_Driver/Inc -I../Core/Inc -I../Drivers/CMSIS/Device/ST/STM32F3xx/Include -O0 -ffunction-sections -fdata-sections -fno-exceptions -fno-rtti -fno-threadsafe-statics -fno-use-cxa-atexit -Wall -fstack-usage -MMD -MP -MF"Core/Src/SignalAdjuster.d" -MT"Core/Src/SignalAdjuster.o" --specs=nano.specs -mfpu=fpv4-sp-d16 -mfloat-abi=hard -mthumb -o "Core/Src/SignalAdjuster.o"
arm-none-eabi-g++ -o "osci_test_signal_generator.elf" @"objects.list"   -mcpu=cortex-m4 -T"C:\Users\dot\Documents\Skola\Semester7\VS\SemestralnyProjekt\git\Oscilloscope\STMProjects\osci_test_signal_generator\STM32F303K8TX_FLASH.ld" --specs=nosys.specs -Wl,-Map="osci_test_signal_generator.map" -Wl,--gc-sections -static --specs=nano.specs -mfpu=fpv4-sp-d16 -mfloat-abi=hard -mthumb -Wl,--start-group -lc -lm -lstdc++ -lsupc++ -Wl,--end-group
Finished building target: osci_test_signal_generator.elf
 
arm-none-eabi-objdump -h -S  osci_test_signal_generator.elf  > "osci_test_signal_generator.list"
arm-none-eabi-size   osci_test_signal_generator.elf 
   text	   data	    bss	    dec	    hex	filename
  13640	     12	   1580	  15232	   3b80	osci_test_signal_generator.elf
Finished building: default.size.stdout
 
Finished building: osci_test_signal_generator.list
 
16:46:30 **** Incremental Build of configuration Debug for project osci_test_signal_generator ****
make -j4 all 
arm-none-eabi-g++ "../Core/Src/SignalAdjuster.cpp" -mcpu=cortex-m4 -std=gnu++14 -g3 '-DEXTERNAL_CLOCK_VALUE=8000000' '-DHSE_VALUE=8000000' '-DHSE_STARTUP_TIMEOUT=100' -DDEBUG '-DLSE_STARTUP_TIMEOUT=5000' '-DLSE_VALUE=32768' '-DVDD_VALUE=3300' '-DLSI_VALUE=40000' '-DHSI_VALUE=8000000' -DSTM32F303x8 -DUSE_FULL_LL_DRIVER '-DPREFETCH_ENABLE=1' -c -I../Drivers/CMSIS/Include -I../Drivers/STM32F3xx_HAL_Driver/Inc -I../Core/Inc -I../Drivers/CMSIS/Device/ST/STM32F3xx/Include -O0 -ffunction-sections -fdata-sections -fno-exceptions -fno-rtti -fno-threadsafe-statics -fno-use-cxa-atexit -Wall -fstack-usage -MMD -MP -MF"Core/Src/SignalAdjuster.d" -MT"Core/Src/SignalAdjuster.o" --specs=nano.specs -mfpu=fpv4-sp-d16 -mfloat-abi=hard -mthumb -o "Core/Src/SignalAdjuster.o"
arm-none-eabi-g++ "../Core/Src/cppmain.cpp" -mcpu=cortex-m4 -std=gnu++14 -g3 '-DEXTERNAL_CLOCK_VALUE=8000000' '-DHSE_VALUE=8000000' '-DHSE_STARTUP_TIMEOUT=100' -DDEBUG '-DLSE_STARTUP_TIMEOUT=5000' '-DLSE_VALUE=32768' '-DVDD_VALUE=3300' '-DLSI_VALUE=40000' '-DHSI_VALUE=8000000' -DSTM32F303x8 -DUSE_FULL_LL_DRIVER '-DPREFETCH_ENABLE=1' -c -I../Drivers/CMSIS/Include -I../Drivers/STM32F3xx_HAL_Driver/Inc -I../Core/Inc -I../Drivers/CMSIS/Device/ST/STM32F3xx/Include -O0 -ffunction-sections -fdata-sections -fno-exceptions -fno-rtti -fno-threadsafe-statics -fno-use-cxa-atexit -Wall -fstack-usage -MMD -MP -MF"Core/Src/cppmain.d" -MT"Core/Src/cppmain.o" --specs=nano.specs -mfpu=fpv4-sp-d16 -mfloat-abi=hard -mthumb -o "Core/Src/cppmain.o"
arm-none-eabi-g++ -o "osci_test_signal_generator.elf" @"objects.list"   -mcpu=cortex-m4 -T"C:\Users\dot\Documents\Skola\Semester7\VS\SemestralnyProjekt\git\Oscilloscope\STMProjects\osci_test_signal_generator\STM32F303K8TX_FLASH.ld" --specs=nosys.specs -Wl,-Map="osci_test_signal_generator.map" -Wl,--gc-sections -static --specs=nano.specs -mfpu=fpv4-sp-d16 -mfloat-abi=hard -mthumb -Wl,--start-group -lc -lm -lstdc++ -lsupc++ -Wl,--end-group
Finished building target: osci_test_signal_generator.elf
 
arm-none-eabi-objdump -h -S  osci_test_signal_generator.elf  > "osci_test_signal_generator.list"
arm-none-eabi-size   osci_test_signal_generator.elf 
   text	   data	    bss	    dec	    hex	filename
  13636	     12	   1580	  15228	   3b7c	osci_test_signal_generator.elf
Finished building: default.size.stdout
 
Finished building: osci_test_signal_generator.list
 
16:49:23 **** Incremental Build of configuration Debug for project osci_test_signal_generator ****
make -j4 all 
arm-none-eabi-g++ "../Core/Src/SignalAdjuster.cpp" -mcpu=cortex-m4 -std=gnu++14 -g3 '-DEXTERNAL_CLOCK_VALUE=8000000' '-DHSE_VALUE=8000000' '-DHSE_STARTUP_TIMEOUT=100' -DDEBUG '-DLSE_STARTUP_TIMEOUT=5000' '-DLSE_VALUE=32768' '-DVDD_VALUE=3300' '-DLSI_VALUE=40000' '-DHSI_VALUE=8000000' -DSTM32F303x8 -DUSE_FULL_LL_DRIVER '-DPREFETCH_ENABLE=1' -c -I../Drivers/CMSIS/Include -I../Drivers/STM32F3xx_HAL_Driver/Inc -I../Core/Inc -I../Drivers/CMSIS/Device/ST/STM32F3xx/Include -O0 -ffunction-sections -fdata-sections -fno-exceptions -fno-rtti -fno-threadsafe-statics -fno-use-cxa-atexit -Wall -fstack-usage -MMD -MP -MF"Core/Src/SignalAdjuster.d" -MT"Core/Src/SignalAdjuster.o" --specs=nano.specs -mfpu=fpv4-sp-d16 -mfloat-abi=hard -mthumb -o "Core/Src/SignalAdjuster.o"
arm-none-eabi-g++ -o "osci_test_signal_generator.elf" @"objects.list"   -mcpu=cortex-m4 -T"C:\Users\dot\Documents\Skola\Semester7\VS\SemestralnyProjekt\git\Oscilloscope\STMProjects\osci_test_signal_generator\STM32F303K8TX_FLASH.ld" --specs=nosys.specs -Wl,-Map="osci_test_signal_generator.map" -Wl,--gc-sections -static --specs=nano.specs -mfpu=fpv4-sp-d16 -mfloat-abi=hard -mthumb -Wl,--start-group -lc -lm -lstdc++ -lsupc++ -Wl,--end-group
Finished building target: osci_test_signal_generator.elf
 
arm-none-eabi-objdump -h -S  osci_test_signal_generator.elf  > "osci_test_signal_generator.list"
arm-none-eabi-size   osci_test_signal_generator.elf 
   text	   data	    bss	    dec	    hex	filename
  13644	     12	   1580	  15236	   3b84	osci_test_signal_generator.elf
Finished building: default.size.stdout
 
Finished building: osci_test_signal_generator.list
 
16:52:16 **** Incremental Build of configuration Debug for project osci_test_signal_generator ****
make -j4 all 
arm-none-eabi-g++ "../Core/Src/cppmain.cpp" -mcpu=cortex-m4 -std=gnu++14 -g3 '-DEXTERNAL_CLOCK_VALUE=8000000' '-DHSE_VALUE=8000000' '-DHSE_STARTUP_TIMEOUT=100' -DDEBUG '-DLSE_STARTUP_TIMEOUT=5000' '-DLSE_VALUE=32768' '-DVDD_VALUE=3300' '-DLSI_VALUE=40000' '-DHSI_VALUE=8000000' -DSTM32F303x8 -DUSE_FULL_LL_DRIVER '-DPREFETCH_ENABLE=1' -c -I../Drivers/CMSIS/Include -I../Drivers/STM32F3xx_HAL_Driver/Inc -I../Core/Inc -I../Drivers/CMSIS/Device/ST/STM32F3xx/Include -O0 -ffunction-sections -fdata-sections -fno-exceptions -fno-rtti -fno-threadsafe-statics -fno-use-cxa-atexit -Wall -fstack-usage -MMD -MP -MF"Core/Src/cppmain.d" -MT"Core/Src/cppmain.o" --specs=nano.specs -mfpu=fpv4-sp-d16 -mfloat-abi=hard -mthumb -o "Core/Src/cppmain.o"
arm-none-eabi-g++ -o "osci_test_signal_generator.elf" @"objects.list"   -mcpu=cortex-m4 -T"C:\Users\dot\Documents\Skola\Semester7\VS\SemestralnyProjekt\git\Oscilloscope\STMProjects\osci_test_signal_generator\STM32F303K8TX_FLASH.ld" --specs=nosys.specs -Wl,-Map="osci_test_signal_generator.map" -Wl,--gc-sections -static --specs=nano.specs -mfpu=fpv4-sp-d16 -mfloat-abi=hard -mthumb -Wl,--start-group -lc -lm -lstdc++ -lsupc++ -Wl,--end-group
Finished building target: osci_test_signal_generator.elf
 
arm-none-eabi-objdump -h -S  osci_test_signal_generator.elf  > "osci_test_signal_generator.list"
arm-none-eabi-size   osci_test_signal_generator.elf 
   text	   data	    bss	    dec	    hex	filename
  13644	     12	   1580	  15236	   3b84	osci_test_signal_generator.elf
Finished building: default.size.stdout
 
Finished building: osci_test_signal_generator.list
 
16:58:17 **** Incremental Build of configuration Debug for project osci_test_signal_generator ****
make -j4 all 
arm-none-eabi-g++ "../Core/Src/SignalAdjuster.cpp" -mcpu=cortex-m4 -std=gnu++14 -g3 '-DEXTERNAL_CLOCK_VALUE=8000000' '-DHSE_VALUE=8000000' '-DHSE_STARTUP_TIMEOUT=100' -DDEBUG '-DLSE_STARTUP_TIMEOUT=5000' '-DLSE_VALUE=32768' '-DVDD_VALUE=3300' '-DLSI_VALUE=40000' '-DHSI_VALUE=8000000' -DSTM32F303x8 -DUSE_FULL_LL_DRIVER '-DPREFETCH_ENABLE=1' -c -I../Drivers/CMSIS/Include -I../Drivers/STM32F3xx_HAL_Driver/Inc -I../Core/Inc -I../Drivers/CMSIS/Device/ST/STM32F3xx/Include -O0 -ffunction-sections -fdata-sections -fno-exceptions -fno-rtti -fno-threadsafe-statics -fno-use-cxa-atexit -Wall -fstack-usage -MMD -MP -MF"Core/Src/SignalAdjuster.d" -MT"Core/Src/SignalAdjuster.o" --specs=nano.specs -mfpu=fpv4-sp-d16 -mfloat-abi=hard -mthumb -o "Core/Src/SignalAdjuster.o"
arm-none-eabi-g++ "../Core/Src/cppmain.cpp" -mcpu=cortex-m4 -std=gnu++14 -g3 '-DEXTERNAL_CLOCK_VALUE=8000000' '-DHSE_VALUE=8000000' '-DHSE_STARTUP_TIMEOUT=100' -DDEBUG '-DLSE_STARTUP_TIMEOUT=5000' '-DLSE_VALUE=32768' '-DVDD_VALUE=3300' '-DLSI_VALUE=40000' '-DHSI_VALUE=8000000' -DSTM32F303x8 -DUSE_FULL_LL_DRIVER '-DPREFETCH_ENABLE=1' -c -I../Drivers/CMSIS/Include -I../Drivers/STM32F3xx_HAL_Driver/Inc -I../Core/Inc -I../Drivers/CMSIS/Device/ST/STM32F3xx/Include -O0 -ffunction-sections -fdata-sections -fno-exceptions -fno-rtti -fno-threadsafe-statics -fno-use-cxa-atexit -Wall -fstack-usage -MMD -MP -MF"Core/Src/cppmain.d" -MT"Core/Src/cppmain.o" --specs=nano.specs -mfpu=fpv4-sp-d16 -mfloat-abi=hard -mthumb -o "Core/Src/cppmain.o"
arm-none-eabi-g++ -o "osci_test_signal_generator.elf" @"objects.list"   -mcpu=cortex-m4 -T"C:\Users\dot\Documents\Skola\Semester7\VS\SemestralnyProjekt\git\Oscilloscope\STMProjects\osci_test_signal_generator\STM32F303K8TX_FLASH.ld" --specs=nosys.specs -Wl,-Map="osci_test_signal_generator.map" -Wl,--gc-sections -static --specs=nano.specs -mfpu=fpv4-sp-d16 -mfloat-abi=hard -mthumb -Wl,--start-group -lc -lm -lstdc++ -lsupc++ -Wl,--end-group
Finished building target: osci_test_signal_generator.elf
 
arm-none-eabi-objdump -h -S  osci_test_signal_generator.elf  > "osci_test_signal_generator.list"
arm-none-eabi-size   osci_test_signal_generator.elf 
   text	   data	    bss	    dec	    hex	filename
  13644	     12	   1580	  15236	   3b84	osci_test_signal_generator.elf
Finished building: default.size.stdout
 
Finished building: osci_test_signal_generator.list
 
17:00:39 **** Incremental Build of configuration Debug for project osci_test_signal_generator ****
make -j4 all 
arm-none-eabi-g++ "../Core/Src/SignalAdjuster.cpp" -mcpu=cortex-m4 -std=gnu++14 -g3 '-DEXTERNAL_CLOCK_VALUE=8000000' '-DHSE_VALUE=8000000' '-DHSE_STARTUP_TIMEOUT=100' -DDEBUG '-DLSE_STARTUP_TIMEOUT=5000' '-DLSE_VALUE=32768' '-DVDD_VALUE=3300' '-DLSI_VALUE=40000' '-DHSI_VALUE=8000000' -DSTM32F303x8 -DUSE_FULL_LL_DRIVER '-DPREFETCH_ENABLE=1' -c -I../Drivers/CMSIS/Include -I../Drivers/STM32F3xx_HAL_Driver/Inc -I../Core/Inc -I../Drivers/CMSIS/Device/ST/STM32F3xx/Include -O0 -ffunction-sections -fdata-sections -fno-exceptions -fno-rtti -fno-threadsafe-statics -fno-use-cxa-atexit -Wall -fstack-usage -MMD -MP -MF"Core/Src/SignalAdjuster.d" -MT"Core/Src/SignalAdjuster.o" --specs=nano.specs -mfpu=fpv4-sp-d16 -mfloat-abi=hard -mthumb -o "Core/Src/SignalAdjuster.o"
arm-none-eabi-g++ "../Core/Src/cppmain.cpp" -mcpu=cortex-m4 -std=gnu++14 -g3 '-DEXTERNAL_CLOCK_VALUE=8000000' '-DHSE_VALUE=8000000' '-DHSE_STARTUP_TIMEOUT=100' -DDEBUG '-DLSE_STARTUP_TIMEOUT=5000' '-DLSE_VALUE=32768' '-DVDD_VALUE=3300' '-DLSI_VALUE=40000' '-DHSI_VALUE=8000000' -DSTM32F303x8 -DUSE_FULL_LL_DRIVER '-DPREFETCH_ENABLE=1' -c -I../Drivers/CMSIS/Include -I../Drivers/STM32F3xx_HAL_Driver/Inc -I../Core/Inc -I../Drivers/CMSIS/Device/ST/STM32F3xx/Include -O0 -ffunction-sections -fdata-sections -fno-exceptions -fno-rtti -fno-threadsafe-statics -fno-use-cxa-atexit -Wall -fstack-usage -MMD -MP -MF"Core/Src/cppmain.d" -MT"Core/Src/cppmain.o" --specs=nano.specs -mfpu=fpv4-sp-d16 -mfloat-abi=hard -mthumb -o "Core/Src/cppmain.o"
arm-none-eabi-g++ -o "osci_test_signal_generator.elf" @"objects.list"   -mcpu=cortex-m4 -T"C:\Users\dot\Documents\Skola\Semester7\VS\SemestralnyProjekt\git\Oscilloscope\STMProjects\osci_test_signal_generator\STM32F303K8TX_FLASH.ld" --specs=nosys.specs -Wl,-Map="osci_test_signal_generator.map" -Wl,--gc-sections -static --specs=nano.specs -mfpu=fpv4-sp-d16 -mfloat-abi=hard -mthumb -Wl,--start-group -lc -lm -lstdc++ -lsupc++ -Wl,--end-group
Finished building target: osci_test_signal_generator.elf
 
arm-none-eabi-objdump -h -S  osci_test_signal_generator.elf  > "osci_test_signal_generator.list"
arm-none-eabi-size   osci_test_signal_generator.elf 
   text	   data	    bss	    dec	    hex	filename
  13648	     12	   1580	  15240	   3b88	osci_test_signal_generator.elf
Finished building: default.size.stdout
 
Finished building: osci_test_signal_generator.list
 
17:01:48 **** Incremental Build of configuration Debug for project osci_test_signal_generator ****
make -j4 all 
arm-none-eabi-g++ "../Core/Src/SignalAdjuster.cpp" -mcpu=cortex-m4 -std=gnu++14 -g3 '-DEXTERNAL_CLOCK_VALUE=8000000' '-DHSE_VALUE=8000000' '-DHSE_STARTUP_TIMEOUT=100' -DDEBUG '-DLSE_STARTUP_TIMEOUT=5000' '-DLSE_VALUE=32768' '-DVDD_VALUE=3300' '-DLSI_VALUE=40000' '-DHSI_VALUE=8000000' -DSTM32F303x8 -DUSE_FULL_LL_DRIVER '-DPREFETCH_ENABLE=1' -c -I../Drivers/CMSIS/Include -I../Drivers/STM32F3xx_HAL_Driver/Inc -I../Core/Inc -I../Drivers/CMSIS/Device/ST/STM32F3xx/Include -O0 -ffunction-sections -fdata-sections -fno-exceptions -fno-rtti -fno-threadsafe-statics -fno-use-cxa-atexit -Wall -fstack-usage -MMD -MP -MF"Core/Src/SignalAdjuster.d" -MT"Core/Src/SignalAdjuster.o" --specs=nano.specs -mfpu=fpv4-sp-d16 -mfloat-abi=hard -mthumb -o "Core/Src/SignalAdjuster.o"
arm-none-eabi-g++ "../Core/Src/cppmain.cpp" -mcpu=cortex-m4 -std=gnu++14 -g3 '-DEXTERNAL_CLOCK_VALUE=8000000' '-DHSE_VALUE=8000000' '-DHSE_STARTUP_TIMEOUT=100' -DDEBUG '-DLSE_STARTUP_TIMEOUT=5000' '-DLSE_VALUE=32768' '-DVDD_VALUE=3300' '-DLSI_VALUE=40000' '-DHSI_VALUE=8000000' -DSTM32F303x8 -DUSE_FULL_LL_DRIVER '-DPREFETCH_ENABLE=1' -c -I../Drivers/CMSIS/Include -I../Drivers/STM32F3xx_HAL_Driver/Inc -I../Core/Inc -I../Drivers/CMSIS/Device/ST/STM32F3xx/Include -O0 -ffunction-sections -fdata-sections -fno-exceptions -fno-rtti -fno-threadsafe-statics -fno-use-cxa-atexit -Wall -fstack-usage -MMD -MP -MF"Core/Src/cppmain.d" -MT"Core/Src/cppmain.o" --specs=nano.specs -mfpu=fpv4-sp-d16 -mfloat-abi=hard -mthumb -o "Core/Src/cppmain.o"
arm-none-eabi-g++ -o "osci_test_signal_generator.elf" @"objects.list"   -mcpu=cortex-m4 -T"C:\Users\dot\Documents\Skola\Semester7\VS\SemestralnyProjekt\git\Oscilloscope\STMProjects\osci_test_signal_generator\STM32F303K8TX_FLASH.ld" --specs=nosys.specs -Wl,-Map="osci_test_signal_generator.map" -Wl,--gc-sections -static --specs=nano.specs -mfpu=fpv4-sp-d16 -mfloat-abi=hard -mthumb -Wl,--start-group -lc -lm -lstdc++ -lsupc++ -Wl,--end-group
Finished building target: osci_test_signal_generator.elf
 
arm-none-eabi-objdump -h -S  osci_test_signal_generator.elf  > "osci_test_signal_generator.list"
arm-none-eabi-size   osci_test_signal_generator.elf 
   text	   data	    bss	    dec	    hex	filename
  13648	     12	   1580	  15240	   3b88	osci_test_signal_generator.elf
Finished building: default.size.stdout
 
Finished building: osci_test_signal_generator.list
 
17:02:44 **** Incremental Build of configuration Debug for project osci_test_signal_generator ****
make -j4 all 
arm-none-eabi-g++ "../Core/Src/SignalAdjuster.cpp" -mcpu=cortex-m4 -std=gnu++14 -g3 '-DEXTERNAL_CLOCK_VALUE=8000000' '-DHSE_VALUE=8000000' '-DHSE_STARTUP_TIMEOUT=100' -DDEBUG '-DLSE_STARTUP_TIMEOUT=5000' '-DLSE_VALUE=32768' '-DVDD_VALUE=3300' '-DLSI_VALUE=40000' '-DHSI_VALUE=8000000' -DSTM32F303x8 -DUSE_FULL_LL_DRIVER '-DPREFETCH_ENABLE=1' -c -I../Drivers/CMSIS/Include -I../Drivers/STM32F3xx_HAL_Driver/Inc -I../Core/Inc -I../Drivers/CMSIS/Device/ST/STM32F3xx/Include -O0 -ffunction-sections -fdata-sections -fno-exceptions -fno-rtti -fno-threadsafe-statics -fno-use-cxa-atexit -Wall -fstack-usage -MMD -MP -MF"Core/Src/SignalAdjuster.d" -MT"Core/Src/SignalAdjuster.o" --specs=nano.specs -mfpu=fpv4-sp-d16 -mfloat-abi=hard -mthumb -o "Core/Src/SignalAdjuster.o"
arm-none-eabi-g++ "../Core/Src/cppmain.cpp" -mcpu=cortex-m4 -std=gnu++14 -g3 '-DEXTERNAL_CLOCK_VALUE=8000000' '-DHSE_VALUE=8000000' '-DHSE_STARTUP_TIMEOUT=100' -DDEBUG '-DLSE_STARTUP_TIMEOUT=5000' '-DLSE_VALUE=32768' '-DVDD_VALUE=3300' '-DLSI_VALUE=40000' '-DHSI_VALUE=8000000' -DSTM32F303x8 -DUSE_FULL_LL_DRIVER '-DPREFETCH_ENABLE=1' -c -I../Drivers/CMSIS/Include -I../Drivers/STM32F3xx_HAL_Driver/Inc -I../Core/Inc -I../Drivers/CMSIS/Device/ST/STM32F3xx/Include -O0 -ffunction-sections -fdata-sections -fno-exceptions -fno-rtti -fno-threadsafe-statics -fno-use-cxa-atexit -Wall -fstack-usage -MMD -MP -MF"Core/Src/cppmain.d" -MT"Core/Src/cppmain.o" --specs=nano.specs -mfpu=fpv4-sp-d16 -mfloat-abi=hard -mthumb -o "Core/Src/cppmain.o"
arm-none-eabi-g++ -o "osci_test_signal_generator.elf" @"objects.list"   -mcpu=cortex-m4 -T"C:\Users\dot\Documents\Skola\Semester7\VS\SemestralnyProjekt\git\Oscilloscope\STMProjects\osci_test_signal_generator\STM32F303K8TX_FLASH.ld" --specs=nosys.specs -Wl,-Map="osci_test_signal_generator.map" -Wl,--gc-sections -static --specs=nano.specs -mfpu=fpv4-sp-d16 -mfloat-abi=hard -mthumb -Wl,--start-group -lc -lm -lstdc++ -lsupc++ -Wl,--end-group
Finished building target: osci_test_signal_generator.elf
 
arm-none-eabi-objdump -h -S  osci_test_signal_generator.elf  > "osci_test_signal_generator.list"
arm-none-eabi-size   osci_test_signal_generator.elf 
   text	   data	    bss	    dec	    hex	filename
  13652	     12	   1580	  15244	   3b8c	osci_test_signal_generator.elf
Finished building: default.size.stdout
 
Finished building: osci_test_signal_generator.list
 
17:04:09 **** Incremental Build of configuration Debug for project osci_test_signal_generator ****
make -j4 all 
arm-none-eabi-g++ "../Core/Src/SignalAdjuster.cpp" -mcpu=cortex-m4 -std=gnu++14 -g3 '-DEXTERNAL_CLOCK_VALUE=8000000' '-DHSE_VALUE=8000000' '-DHSE_STARTUP_TIMEOUT=100' -DDEBUG '-DLSE_STARTUP_TIMEOUT=5000' '-DLSE_VALUE=32768' '-DVDD_VALUE=3300' '-DLSI_VALUE=40000' '-DHSI_VALUE=8000000' -DSTM32F303x8 -DUSE_FULL_LL_DRIVER '-DPREFETCH_ENABLE=1' -c -I../Drivers/CMSIS/Include -I../Drivers/STM32F3xx_HAL_Driver/Inc -I../Core/Inc -I../Drivers/CMSIS/Device/ST/STM32F3xx/Include -O0 -ffunction-sections -fdata-sections -fno-exceptions -fno-rtti -fno-threadsafe-statics -fno-use-cxa-atexit -Wall -fstack-usage -MMD -MP -MF"Core/Src/SignalAdjuster.d" -MT"Core/Src/SignalAdjuster.o" --specs=nano.specs -mfpu=fpv4-sp-d16 -mfloat-abi=hard -mthumb -o "Core/Src/SignalAdjuster.o"
arm-none-eabi-g++ "../Core/Src/cppmain.cpp" -mcpu=cortex-m4 -std=gnu++14 -g3 '-DEXTERNAL_CLOCK_VALUE=8000000' '-DHSE_VALUE=8000000' '-DHSE_STARTUP_TIMEOUT=100' -DDEBUG '-DLSE_STARTUP_TIMEOUT=5000' '-DLSE_VALUE=32768' '-DVDD_VALUE=3300' '-DLSI_VALUE=40000' '-DHSI_VALUE=8000000' -DSTM32F303x8 -DUSE_FULL_LL_DRIVER '-DPREFETCH_ENABLE=1' -c -I../Drivers/CMSIS/Include -I../Drivers/STM32F3xx_HAL_Driver/Inc -I../Core/Inc -I../Drivers/CMSIS/Device/ST/STM32F3xx/Include -O0 -ffunction-sections -fdata-sections -fno-exceptions -fno-rtti -fno-threadsafe-statics -fno-use-cxa-atexit -Wall -fstack-usage -MMD -MP -MF"Core/Src/cppmain.d" -MT"Core/Src/cppmain.o" --specs=nano.specs -mfpu=fpv4-sp-d16 -mfloat-abi=hard -mthumb -o "Core/Src/cppmain.o"
arm-none-eabi-g++ -o "osci_test_signal_generator.elf" @"objects.list"   -mcpu=cortex-m4 -T"C:\Users\dot\Documents\Skola\Semester7\VS\SemestralnyProjekt\git\Oscilloscope\STMProjects\osci_test_signal_generator\STM32F303K8TX_FLASH.ld" --specs=nosys.specs -Wl,-Map="osci_test_signal_generator.map" -Wl,--gc-sections -static --specs=nano.specs -mfpu=fpv4-sp-d16 -mfloat-abi=hard -mthumb -Wl,--start-group -lc -lm -lstdc++ -lsupc++ -Wl,--end-group
Finished building target: osci_test_signal_generator.elf
 
arm-none-eabi-objdump -h -S  osci_test_signal_generator.elf  > "osci_test_signal_generator.list"
arm-none-eabi-size   osci_test_signal_generator.elf 
   text	   data	    bss	    dec	    hex	filename
  13612	     12	   1580	  15204	   3b64	osci_test_signal_generator.elf
Finished building: default.size.stdout
 
Finished building: osci_test_signal_generator.list
 
17:05:08 **** Incremental Build of configuration Debug for project osci_test_signal_generator ****
make -j4 all 
arm-none-eabi-g++ "../Core/Src/SignalAdjuster.cpp" -mcpu=cortex-m4 -std=gnu++14 -g3 '-DEXTERNAL_CLOCK_VALUE=8000000' '-DHSE_VALUE=8000000' '-DHSE_STARTUP_TIMEOUT=100' -DDEBUG '-DLSE_STARTUP_TIMEOUT=5000' '-DLSE_VALUE=32768' '-DVDD_VALUE=3300' '-DLSI_VALUE=40000' '-DHSI_VALUE=8000000' -DSTM32F303x8 -DUSE_FULL_LL_DRIVER '-DPREFETCH_ENABLE=1' -c -I../Drivers/CMSIS/Include -I../Drivers/STM32F3xx_HAL_Driver/Inc -I../Core/Inc -I../Drivers/CMSIS/Device/ST/STM32F3xx/Include -O0 -ffunction-sections -fdata-sections -fno-exceptions -fno-rtti -fno-threadsafe-statics -fno-use-cxa-atexit -Wall -fstack-usage -MMD -MP -MF"Core/Src/SignalAdjuster.d" -MT"Core/Src/SignalAdjuster.o" --specs=nano.specs -mfpu=fpv4-sp-d16 -mfloat-abi=hard -mthumb -o "Core/Src/SignalAdjuster.o"
arm-none-eabi-g++ "../Core/Src/cppmain.cpp" -mcpu=cortex-m4 -std=gnu++14 -g3 '-DEXTERNAL_CLOCK_VALUE=8000000' '-DHSE_VALUE=8000000' '-DHSE_STARTUP_TIMEOUT=100' -DDEBUG '-DLSE_STARTUP_TIMEOUT=5000' '-DLSE_VALUE=32768' '-DVDD_VALUE=3300' '-DLSI_VALUE=40000' '-DHSI_VALUE=8000000' -DSTM32F303x8 -DUSE_FULL_LL_DRIVER '-DPREFETCH_ENABLE=1' -c -I../Drivers/CMSIS/Include -I../Drivers/STM32F3xx_HAL_Driver/Inc -I../Core/Inc -I../Drivers/CMSIS/Device/ST/STM32F3xx/Include -O0 -ffunction-sections -fdata-sections -fno-exceptions -fno-rtti -fno-threadsafe-statics -fno-use-cxa-atexit -Wall -fstack-usage -MMD -MP -MF"Core/Src/cppmain.d" -MT"Core/Src/cppmain.o" --specs=nano.specs -mfpu=fpv4-sp-d16 -mfloat-abi=hard -mthumb -o "Core/Src/cppmain.o"
arm-none-eabi-g++ -o "osci_test_signal_generator.elf" @"objects.list"   -mcpu=cortex-m4 -T"C:\Users\dot\Documents\Skola\Semester7\VS\SemestralnyProjekt\git\Oscilloscope\STMProjects\osci_test_signal_generator\STM32F303K8TX_FLASH.ld" --specs=nosys.specs -Wl,-Map="osci_test_signal_generator.map" -Wl,--gc-sections -static --specs=nano.specs -mfpu=fpv4-sp-d16 -mfloat-abi=hard -mthumb -Wl,--start-group -lc -lm -lstdc++ -lsupc++ -Wl,--end-group
Finished building target: osci_test_signal_generator.elf
 
arm-none-eabi-objdump -h -S  osci_test_signal_generator.elf  > "osci_test_signal_generator.list"
arm-none-eabi-size   osci_test_signal_generator.elf 
   text	   data	    bss	    dec	    hex	filename
  13612	     12	   1580	  15204	   3b64	osci_test_signal_generator.elf
Finished building: default.size.stdout
 
Finished building: osci_test_signal_generator.list
 
17:06:33 **** Incremental Build of configuration Debug for project osci_test_signal_generator ****
make -j4 all 
arm-none-eabi-g++ "../Core/Src/SignalAdjuster.cpp" -mcpu=cortex-m4 -std=gnu++14 -g3 '-DEXTERNAL_CLOCK_VALUE=8000000' '-DHSE_VALUE=8000000' '-DHSE_STARTUP_TIMEOUT=100' -DDEBUG '-DLSE_STARTUP_TIMEOUT=5000' '-DLSE_VALUE=32768' '-DVDD_VALUE=3300' '-DLSI_VALUE=40000' '-DHSI_VALUE=8000000' -DSTM32F303x8 -DUSE_FULL_LL_DRIVER '-DPREFETCH_ENABLE=1' -c -I../Drivers/CMSIS/Include -I../Drivers/STM32F3xx_HAL_Driver/Inc -I../Core/Inc -I../Drivers/CMSIS/Device/ST/STM32F3xx/Include -O0 -ffunction-sections -fdata-sections -fno-exceptions -fno-rtti -fno-threadsafe-statics -fno-use-cxa-atexit -Wall -fstack-usage -MMD -MP -MF"Core/Src/SignalAdjuster.d" -MT"Core/Src/SignalAdjuster.o" --specs=nano.specs -mfpu=fpv4-sp-d16 -mfloat-abi=hard -mthumb -o "Core/Src/SignalAdjuster.o"
arm-none-eabi-g++ "../Core/Src/cppmain.cpp" -mcpu=cortex-m4 -std=gnu++14 -g3 '-DEXTERNAL_CLOCK_VALUE=8000000' '-DHSE_VALUE=8000000' '-DHSE_STARTUP_TIMEOUT=100' -DDEBUG '-DLSE_STARTUP_TIMEOUT=5000' '-DLSE_VALUE=32768' '-DVDD_VALUE=3300' '-DLSI_VALUE=40000' '-DHSI_VALUE=8000000' -DSTM32F303x8 -DUSE_FULL_LL_DRIVER '-DPREFETCH_ENABLE=1' -c -I../Drivers/CMSIS/Include -I../Drivers/STM32F3xx_HAL_Driver/Inc -I../Core/Inc -I../Drivers/CMSIS/Device/ST/STM32F3xx/Include -O0 -ffunction-sections -fdata-sections -fno-exceptions -fno-rtti -fno-threadsafe-statics -fno-use-cxa-atexit -Wall -fstack-usage -MMD -MP -MF"Core/Src/cppmain.d" -MT"Core/Src/cppmain.o" --specs=nano.specs -mfpu=fpv4-sp-d16 -mfloat-abi=hard -mthumb -o "Core/Src/cppmain.o"
arm-none-eabi-g++ -o "osci_test_signal_generator.elf" @"objects.list"   -mcpu=cortex-m4 -T"C:\Users\dot\Documents\Skola\Semester7\VS\SemestralnyProjekt\git\Oscilloscope\STMProjects\osci_test_signal_generator\STM32F303K8TX_FLASH.ld" --specs=nosys.specs -Wl,-Map="osci_test_signal_generator.map" -Wl,--gc-sections -static --specs=nano.specs -mfpu=fpv4-sp-d16 -mfloat-abi=hard -mthumb -Wl,--start-group -lc -lm -lstdc++ -lsupc++ -Wl,--end-group
Finished building target: osci_test_signal_generator.elf
 
arm-none-eabi-objdump -h -S  osci_test_signal_generator.elf  > "osci_test_signal_generator.list"
arm-none-eabi-size   osci_test_signal_generator.elf 
   text	   data	    bss	    dec	    hex	filename
  13612	     12	   1580	  15204	   3b64	osci_test_signal_generator.elf
Finished building: default.size.stdout
 
Finished building: osci_test_signal_generator.list
 
17:07:49 **** Incremental Build of configuration Debug for project osci_test_signal_generator ****
make -j4 all 
arm-none-eabi-g++ "../Core/Src/SignalAdjuster.cpp" -mcpu=cortex-m4 -std=gnu++14 -g3 '-DEXTERNAL_CLOCK_VALUE=8000000' '-DHSE_VALUE=8000000' '-DHSE_STARTUP_TIMEOUT=100' -DDEBUG '-DLSE_STARTUP_TIMEOUT=5000' '-DLSE_VALUE=32768' '-DVDD_VALUE=3300' '-DLSI_VALUE=40000' '-DHSI_VALUE=8000000' -DSTM32F303x8 -DUSE_FULL_LL_DRIVER '-DPREFETCH_ENABLE=1' -c -I../Drivers/CMSIS/Include -I../Drivers/STM32F3xx_HAL_Driver/Inc -I../Core/Inc -I../Drivers/CMSIS/Device/ST/STM32F3xx/Include -O0 -ffunction-sections -fdata-sections -fno-exceptions -fno-rtti -fno-threadsafe-statics -fno-use-cxa-atexit -Wall -fstack-usage -MMD -MP -MF"Core/Src/SignalAdjuster.d" -MT"Core/Src/SignalAdjuster.o" --specs=nano.specs -mfpu=fpv4-sp-d16 -mfloat-abi=hard -mthumb -o "Core/Src/SignalAdjuster.o"
arm-none-eabi-g++ "../Core/Src/cppmain.cpp" -mcpu=cortex-m4 -std=gnu++14 -g3 '-DEXTERNAL_CLOCK_VALUE=8000000' '-DHSE_VALUE=8000000' '-DHSE_STARTUP_TIMEOUT=100' -DDEBUG '-DLSE_STARTUP_TIMEOUT=5000' '-DLSE_VALUE=32768' '-DVDD_VALUE=3300' '-DLSI_VALUE=40000' '-DHSI_VALUE=8000000' -DSTM32F303x8 -DUSE_FULL_LL_DRIVER '-DPREFETCH_ENABLE=1' -c -I../Drivers/CMSIS/Include -I../Drivers/STM32F3xx_HAL_Driver/Inc -I../Core/Inc -I../Drivers/CMSIS/Device/ST/STM32F3xx/Include -O0 -ffunction-sections -fdata-sections -fno-exceptions -fno-rtti -fno-threadsafe-statics -fno-use-cxa-atexit -Wall -fstack-usage -MMD -MP -MF"Core/Src/cppmain.d" -MT"Core/Src/cppmain.o" --specs=nano.specs -mfpu=fpv4-sp-d16 -mfloat-abi=hard -mthumb -o "Core/Src/cppmain.o"
arm-none-eabi-g++ -o "osci_test_signal_generator.elf" @"objects.list"   -mcpu=cortex-m4 -T"C:\Users\dot\Documents\Skola\Semester7\VS\SemestralnyProjekt\git\Oscilloscope\STMProjects\osci_test_signal_generator\STM32F303K8TX_FLASH.ld" --specs=nosys.specs -Wl,-Map="osci_test_signal_generator.map" -Wl,--gc-sections -static --specs=nano.specs -mfpu=fpv4-sp-d16 -mfloat-abi=hard -mthumb -Wl,--start-group -lc -lm -lstdc++ -lsupc++ -Wl,--end-group
Finished building target: osci_test_signal_generator.elf
 
arm-none-eabi-objdump -h -S  osci_test_signal_generator.elf  > "osci_test_signal_generator.list"
arm-none-eabi-size   osci_test_signal_generator.elf 
   text	   data	    bss	    dec	    hex	filename
  13612	     12	   1580	  15204	   3b64	osci_test_signal_generator.elf
Finished building: default.size.stdout
 
Finished building: osci_test_signal_generator.list
 
07:17:16 **** Build of configuration Debug for project osci ****
make -j4 all 
arm-none-eabi-size   osci.elf 
   text	   data	    bss	    dec	    hex	filename
  22732	    112	   1616	  24460	   5f8c	osci.elf
Finished building: default.size.stdout
 
07:19:26 **** Incremental Build of configuration Debug for project osci ****
make -j4 all 
arm-none-eabi-size   osci.elf 
   text	   data	    bss	    dec	    hex	filename
  22732	    112	   1616	  24460	   5f8c	osci.elf
Finished building: default.size.stdout
 
07:24:25 **** Incremental Build of configuration Debug for project osci ****
make -j4 all 
arm-none-eabi-gcc "../Core/Src/osci_transceiver.c" -mcpu=cortex-m4 -std=gnu11 -g3 '-DEXTERNAL_CLOCK_VALUE=8000000' '-DHSE_VALUE=8000000' '-DHSE_STARTUP_TIMEOUT=100' -DDEBUG '-DLSE_STARTUP_TIMEOUT=5000' '-DLSE_VALUE=32768' '-DVDD_VALUE=3300' '-DLSI_VALUE=40000' '-DHSI_VALUE=8000000' -DSTM32F303x8 -DUSE_FULL_LL_DRIVER '-DPREFETCH_ENABLE=1' -c -I../Drivers/CMSIS/Include -I../Drivers/STM32F3xx_HAL_Driver/Inc -I../Core/Inc -I../Drivers/STM32F3xx_HAL_Driver/Inc/Legacy -I../Drivers/CMSIS/Device/ST/STM32F3xx/Include -O0 -ffunction-sections -fdata-sections -Wall -fstack-usage -MMD -MP -MF"Core/Src/osci_transceiver.d" -MT"Core/Src/osci_transceiver.o" --specs=nano.specs -mfpu=fpv4-sp-d16 -mfloat-abi=hard -mthumb -o "Core/Src/osci_transceiver.o"
arm-none-eabi-gcc -o "osci.elf" @"objects.list"   -mcpu=cortex-m4 -T"C:\Users\dot\Documents\Skola\Semester7\VS\SemestralnyProjekt\git\Oscilloscope\STMProjects\osci\STM32F303K8TX_FLASH.ld" --specs=nosys.specs -Wl,-Map="osci.map" -Wl,--gc-sections -static --specs=nano.specs -mfpu=fpv4-sp-d16 -mfloat-abi=hard -mthumb -Wl,--start-group -lc -lm -Wl,--end-group
Finished building target: osci.elf
 
arm-none-eabi-objdump -h -S  osci.elf  > "osci.list"
arm-none-eabi-size   osci.elf 
   text	   data	    bss	    dec	    hex	filename
  22796	    112	   1616	  24524	   5fcc	osci.elf
Finished building: default.size.stdout
 
Finished building: osci.list
 
07:27:53 **** Incremental Build of configuration Debug for project osci ****
make -j4 all 
arm-none-eabi-gcc "../Core/Src/osci_transceiver.c" -mcpu=cortex-m4 -std=gnu11 -g3 '-DEXTERNAL_CLOCK_VALUE=8000000' '-DHSE_VALUE=8000000' '-DHSE_STARTUP_TIMEOUT=100' -DDEBUG '-DLSE_STARTUP_TIMEOUT=5000' '-DLSE_VALUE=32768' '-DVDD_VALUE=3300' '-DLSI_VALUE=40000' '-DHSI_VALUE=8000000' -DSTM32F303x8 -DUSE_FULL_LL_DRIVER '-DPREFETCH_ENABLE=1' -c -I../Drivers/CMSIS/Include -I../Drivers/STM32F3xx_HAL_Driver/Inc -I../Core/Inc -I../Drivers/STM32F3xx_HAL_Driver/Inc/Legacy -I../Drivers/CMSIS/Device/ST/STM32F3xx/Include -O0 -ffunction-sections -fdata-sections -Wall -fstack-usage -MMD -MP -MF"Core/Src/osci_transceiver.d" -MT"Core/Src/osci_transceiver.o" --specs=nano.specs -mfpu=fpv4-sp-d16 -mfloat-abi=hard -mthumb -o "Core/Src/osci_transceiver.o"
arm-none-eabi-gcc -o "osci.elf" @"objects.list"   -mcpu=cortex-m4 -T"C:\Users\dot\Documents\Skola\Semester7\VS\SemestralnyProjekt\git\Oscilloscope\STMProjects\osci\STM32F303K8TX_FLASH.ld" --specs=nosys.specs -Wl,-Map="osci.map" -Wl,--gc-sections -static --specs=nano.specs -mfpu=fpv4-sp-d16 -mfloat-abi=hard -mthumb -Wl,--start-group -lc -lm -Wl,--end-group
Finished building target: osci.elf
 
arm-none-eabi-objdump -h -S  osci.elf  > "osci.list"
arm-none-eabi-size   osci.elf 
   text	   data	    bss	    dec	    hex	filename
  22796	    112	   1616	  24524	   5fcc	osci.elf
Finished building: default.size.stdout
 
Finished building: osci.list
 
08:10:50 **** Incremental Build of configuration Debug for project osci ****
make -j4 all 
arm-none-eabi-size   osci.elf 
   text	   data	    bss	    dec	    hex	filename
  22796	    112	   1616	  24524	   5fcc	osci.elf
Finished building: default.size.stdout
 
08:17:09 **** Incremental Build of configuration Debug for project osci ****
make -j4 all 
arm-none-eabi-size   osci.elf 
   text	   data	    bss	    dec	    hex	filename
  22796	    112	   1616	  24524	   5fcc	osci.elf
Finished building: default.size.stdout
 
