12:27:58 **** Incremental Build of configuration Debug for project osci ****
make -j4 all 
arm-none-eabi-gcc "../Core/Src/main.c" -mcpu=cortex-m4 -std=gnu11 -g3 '-DEXTERNAL_CLOCK_VALUE=8000000' '-DHSE_VALUE=8000000' '-DHSE_STARTUP_TIMEOUT=100' -DDEBUG '-DLSE_STARTUP_TIMEOUT=5000' '-DLSE_VALUE=32768' '-DVDD_VALUE=3300' '-DLSI_VALUE=40000' '-DHSI_VALUE=8000000' -DSTM32F303x8 -DUSE_FULL_LL_DRIVER '-DPREFETCH_ENABLE=1' -c -I../Drivers/CMSIS/Include -I../Drivers/STM32F3xx_HAL_Driver/Inc -I../Core/Inc -I../Drivers/CMSIS/Device/ST/STM32F3xx/Include -O0 -ffunction-sections -fdata-sections -Wall -fstack-usage -MMD -MP -MF"Core/Src/main.d" -MT"Core/Src/main.o" --specs=nano.specs -mfpu=fpv4-sp-d16 -mfloat-abi=hard -mthumb -o "Core/Src/main.o"
arm-none-eabi-gcc "../Core/Src/osci.c" -mcpu=cortex-m4 -std=gnu11 -g3 '-DEXTERNAL_CLOCK_VALUE=8000000' '-DHSE_VALUE=8000000' '-DHSE_STARTUP_TIMEOUT=100' -DDEBUG '-DLSE_STARTUP_TIMEOUT=5000' '-DLSE_VALUE=32768' '-DVDD_VALUE=3300' '-DLSI_VALUE=40000' '-DHSI_VALUE=8000000' -DSTM32F303x8 -DUSE_FULL_LL_DRIVER '-DPREFETCH_ENABLE=1' -c -I../Drivers/CMSIS/Include -I../Drivers/STM32F3xx_HAL_Driver/Inc -I../Core/Inc -I../Drivers/CMSIS/Device/ST/STM32F3xx/Include -O0 -ffunction-sections -fdata-sections -Wall -fstack-usage -MMD -MP -MF"Core/Src/osci.d" -MT"Core/Src/osci.o" --specs=nano.specs -mfpu=fpv4-sp-d16 -mfloat-abi=hard -mthumb -o "Core/Src/osci.o"
arm-none-eabi-gcc "../Core/Src/osci_adc.c" -mcpu=cortex-m4 -std=gnu11 -g3 '-DEXTERNAL_CLOCK_VALUE=8000000' '-DHSE_VALUE=8000000' '-DHSE_STARTUP_TIMEOUT=100' -DDEBUG '-DLSE_STARTUP_TIMEOUT=5000' '-DLSE_VALUE=32768' '-DVDD_VALUE=3300' '-DLSI_VALUE=40000' '-DHSI_VALUE=8000000' -DSTM32F303x8 -DUSE_FULL_LL_DRIVER '-DPREFETCH_ENABLE=1' -c -I../Drivers/CMSIS/Include -I../Drivers/STM32F3xx_HAL_Driver/Inc -I../Core/Inc -I../Drivers/CMSIS/Device/ST/STM32F3xx/Include -O0 -ffunction-sections -fdata-sections -Wall -fstack-usage -MMD -MP -MF"Core/Src/osci_adc.d" -MT"Core/Src/osci_adc.o" --specs=nano.specs -mfpu=fpv4-sp-d16 -mfloat-abi=hard -mthumb -o "Core/Src/osci_adc.o"
arm-none-eabi-gcc "../Core/Src/osci_channel_state_machine.c" -mcpu=cortex-m4 -std=gnu11 -g3 '-DEXTERNAL_CLOCK_VALUE=8000000' '-DHSE_VALUE=8000000' '-DHSE_STARTUP_TIMEOUT=100' -DDEBUG '-DLSE_STARTUP_TIMEOUT=5000' '-DLSE_VALUE=32768' '-DVDD_VALUE=3300' '-DLSI_VALUE=40000' '-DHSI_VALUE=8000000' -DSTM32F303x8 -DUSE_FULL_LL_DRIVER '-DPREFETCH_ENABLE=1' -c -I../Drivers/CMSIS/Include -I../Drivers/STM32F3xx_HAL_Driver/Inc -I../Core/Inc -I../Drivers/CMSIS/Device/ST/STM32F3xx/Include -O0 -ffunction-sections -fdata-sections -Wall -fstack-usage -MMD -MP -MF"Core/Src/osci_channel_state_machine.d" -MT"Core/Src/osci_channel_state_machine.o" --specs=nano.specs -mfpu=fpv4-sp-d16 -mfloat-abi=hard -mthumb -o "Core/Src/osci_channel_state_machine.o"
arm-none-eabi-gcc "../Core/Src/osci_configurator.c" -mcpu=cortex-m4 -std=gnu11 -g3 '-DEXTERNAL_CLOCK_VALUE=8000000' '-DHSE_VALUE=8000000' '-DHSE_STARTUP_TIMEOUT=100' -DDEBUG '-DLSE_STARTUP_TIMEOUT=5000' '-DLSE_VALUE=32768' '-DVDD_VALUE=3300' '-DLSI_VALUE=40000' '-DHSI_VALUE=8000000' -DSTM32F303x8 -DUSE_FULL_LL_DRIVER '-DPREFETCH_ENABLE=1' -c -I../Drivers/CMSIS/Include -I../Drivers/STM32F3xx_HAL_Driver/Inc -I../Core/Inc -I../Drivers/CMSIS/Device/ST/STM32F3xx/Include -O0 -ffunction-sections -fdata-sections -Wall -fstack-usage -MMD -MP -MF"Core/Src/osci_configurator.d" -MT"Core/Src/osci_configurator.o" --specs=nano.specs -mfpu=fpv4-sp-d16 -mfloat-abi=hard -mthumb -o "Core/Src/osci_configurator.o"
arm-none-eabi-gcc "../Core/Src/osci_dma.c" -mcpu=cortex-m4 -std=gnu11 -g3 '-DEXTERNAL_CLOCK_VALUE=8000000' '-DHSE_VALUE=8000000' '-DHSE_STARTUP_TIMEOUT=100' -DDEBUG '-DLSE_STARTUP_TIMEOUT=5000' '-DLSE_VALUE=32768' '-DVDD_VALUE=3300' '-DLSI_VALUE=40000' '-DHSI_VALUE=8000000' -DSTM32F303x8 -DUSE_FULL_LL_DRIVER '-DPREFETCH_ENABLE=1' -c -I../Drivers/CMSIS/Include -I../Drivers/STM32F3xx_HAL_Driver/Inc -I../Core/Inc -I../Drivers/CMSIS/Device/ST/STM32F3xx/Include -O0 -ffunction-sections -fdata-sections -Wall -fstack-usage -MMD -MP -MF"Core/Src/osci_dma.d" -MT"Core/Src/osci_dma.o" --specs=nano.specs -mfpu=fpv4-sp-d16 -mfloat-abi=hard -mthumb -o "Core/Src/osci_dma.o"
arm-none-eabi-gcc "../Core/Src/osci_timer.c" -mcpu=cortex-m4 -std=gnu11 -g3 '-DEXTERNAL_CLOCK_VALUE=8000000' '-DHSE_VALUE=8000000' '-DHSE_STARTUP_TIMEOUT=100' -DDEBUG '-DLSE_STARTUP_TIMEOUT=5000' '-DLSE_VALUE=32768' '-DVDD_VALUE=3300' '-DLSI_VALUE=40000' '-DHSI_VALUE=8000000' -DSTM32F303x8 -DUSE_FULL_LL_DRIVER '-DPREFETCH_ENABLE=1' -c -I../Drivers/CMSIS/Include -I../Drivers/STM32F3xx_HAL_Driver/Inc -I../Core/Inc -I../Drivers/CMSIS/Device/ST/STM32F3xx/Include -O0 -ffunction-sections -fdata-sections -Wall -fstack-usage -MMD -MP -MF"Core/Src/osci_timer.d" -MT"Core/Src/osci_timer.o" --specs=nano.specs -mfpu=fpv4-sp-d16 -mfloat-abi=hard -mthumb -o "Core/Src/osci_timer.o"
arm-none-eabi-gcc "../Core/Src/osci_transceiver.c" -mcpu=cortex-m4 -std=gnu11 -g3 '-DEXTERNAL_CLOCK_VALUE=8000000' '-DHSE_VALUE=8000000' '-DHSE_STARTUP_TIMEOUT=100' -DDEBUG '-DLSE_STARTUP_TIMEOUT=5000' '-DLSE_VALUE=32768' '-DVDD_VALUE=3300' '-DLSI_VALUE=40000' '-DHSI_VALUE=8000000' -DSTM32F303x8 -DUSE_FULL_LL_DRIVER '-DPREFETCH_ENABLE=1' -c -I../Drivers/CMSIS/Include -I../Drivers/STM32F3xx_HAL_Driver/Inc -I../Core/Inc -I../Drivers/CMSIS/Device/ST/STM32F3xx/Include -O0 -ffunction-sections -fdata-sections -Wall -fstack-usage -MMD -MP -MF"Core/Src/osci_transceiver.d" -MT"Core/Src/osci_transceiver.o" --specs=nano.specs -mfpu=fpv4-sp-d16 -mfloat-abi=hard -mthumb -o "Core/Src/osci_transceiver.o"
../Core/Src/osci_configurator.c: In function 'Fill_rangesWhenMeasured':
../Core/Src/osci_configurator.c:142:6: warning: implicit declaration of function 'OSCI_is_channel_active' [-Wimplicit-function-declaration]
  if (OSCI_is_channel_active(ts, CHANNEL_X))
      ^~~~~~~~~~~~~~~~~~~~~~
arm-none-eabi-gcc "../Core/Src/osci_transform.c" -mcpu=cortex-m4 -std=gnu11 -g3 '-DEXTERNAL_CLOCK_VALUE=8000000' '-DHSE_VALUE=8000000' '-DHSE_STARTUP_TIMEOUT=100' -DDEBUG '-DLSE_STARTUP_TIMEOUT=5000' '-DLSE_VALUE=32768' '-DVDD_VALUE=3300' '-DLSI_VALUE=40000' '-DHSI_VALUE=8000000' -DSTM32F303x8 -DUSE_FULL_LL_DRIVER '-DPREFETCH_ENABLE=1' -c -I../Drivers/CMSIS/Include -I../Drivers/STM32F3xx_HAL_Driver/Inc -I../Core/Inc -I../Drivers/CMSIS/Device/ST/STM32F3xx/Include -O0 -ffunction-sections -fdata-sections -Wall -fstack-usage -MMD -MP -MF"Core/Src/osci_transform.d" -MT"Core/Src/osci_transform.o" --specs=nano.specs -mfpu=fpv4-sp-d16 -mfloat-abi=hard -mthumb -o "Core/Src/osci_transform.o"
arm-none-eabi-gcc "../Core/Src/stm32f3xx_it.c" -mcpu=cortex-m4 -std=gnu11 -g3 '-DEXTERNAL_CLOCK_VALUE=8000000' '-DHSE_VALUE=8000000' '-DHSE_STARTUP_TIMEOUT=100' -DDEBUG '-DLSE_STARTUP_TIMEOUT=5000' '-DLSE_VALUE=32768' '-DVDD_VALUE=3300' '-DLSI_VALUE=40000' '-DHSI_VALUE=8000000' -DSTM32F303x8 -DUSE_FULL_LL_DRIVER '-DPREFETCH_ENABLE=1' -c -I../Drivers/CMSIS/Include -I../Drivers/STM32F3xx_HAL_Driver/Inc -I../Core/Inc -I../Drivers/CMSIS/Device/ST/STM32F3xx/Include -O0 -ffunction-sections -fdata-sections -Wall -fstack-usage -MMD -MP -MF"Core/Src/stm32f3xx_it.d" -MT"Core/Src/stm32f3xx_it.o" --specs=nano.specs -mfpu=fpv4-sp-d16 -mfloat-abi=hard -mthumb -o "Core/Src/stm32f3xx_it.o"
arm-none-eabi-gcc -o "osci.elf" @"objects.list"   -mcpu=cortex-m4 -T"C:\Users\dot\Documents\Skola\Semester7\VS\SemestralnyProjekt\git\Oscilloscope\STMProjects\osci\STM32F303K8TX_FLASH.ld" --specs=nosys.specs -Wl,-Map="osci.map" -Wl,--gc-sections -static --specs=nano.specs -mfpu=fpv4-sp-d16 -mfloat-abi=hard -mthumb -Wl,--start-group -lc -lm -Wl,--end-group
Finished building target: osci.elf
 
arm-none-eabi-objdump -h -S  osci.elf  > "osci.list"
arm-none-eabi-size   osci.elf 
   text	   data	    bss	    dec	    hex	filename
  20916	    112	   1616	  22644	   5874	osci.elf
Finished building: default.size.stdout
 
Finished building: osci.list
 

12:28:21 Build Finished. 0 errors, 1 warnings. (took 22s.917ms)

