17:07:49 **** Incremental Build of configuration Debug for project osci_test_signal_generator ****
make -j4 all 
arm-none-eabi-g++ "../Core/Src/SignalAdjuster.cpp" -mcpu=cortex-m4 -std=gnu++14 -g3 '-DEXTERNAL_CLOCK_VALUE=8000000' '-DHSE_VALUE=8000000' '-DHSE_STARTUP_TIMEOUT=100' -DDEBUG '-DLSE_STARTUP_TIMEOUT=5000' '-DLSE_VALUE=32768' '-DVDD_VALUE=3300' '-DLSI_VALUE=40000' '-DHSI_VALUE=8000000' -DSTM32F303x8 -DUSE_FULL_LL_DRIVER '-DPREFETCH_ENABLE=1' -c -I../Drivers/CMSIS/Include -I../Drivers/STM32F3xx_HAL_Driver/Inc -I../Core/Inc -I../Drivers/CMSIS/Device/ST/STM32F3xx/Include -O0 -ffunction-sections -fdata-sections -fno-exceptions -fno-rtti -fno-threadsafe-statics -fno-use-cxa-atexit -Wall -fstack-usage -MMD -MP -MF"Core/Src/SignalAdjuster.d" -MT"Core/Src/SignalAdjuster.o" --specs=nano.specs -mfpu=fpv4-sp-d16 -mfloat-abi=hard -mthumb -o "Core/Src/SignalAdjuster.o"
arm-none-eabi-g++ "../Core/Src/cppmain.cpp" -mcpu=cortex-m4 -std=gnu++14 -g3 '-DEXTERNAL_CLOCK_VALUE=8000000' '-DHSE_VALUE=8000000' '-DHSE_STARTUP_TIMEOUT=100' -DDEBUG '-DLSE_STARTUP_TIMEOUT=5000' '-DLSE_VALUE=32768' '-DVDD_VALUE=3300' '-DLSI_VALUE=40000' '-DHSI_VALUE=8000000' -DSTM32F303x8 -DUSE_FULL_LL_DRIVER '-DPREFETCH_ENABLE=1' -c -I../Drivers/CMSIS/Include -I../Drivers/STM32F3xx_HAL_Driver/Inc -I../Core/Inc -I../Drivers/CMSIS/Device/ST/STM32F3xx/Include -O0 -ffunction-sections -fdata-sections -fno-exceptions -fno-rtti -fno-threadsafe-statics -fno-use-cxa-atexit -Wall -fstack-usage -MMD -MP -MF"Core/Src/cppmain.d" -MT"Core/Src/cppmain.o" --specs=nano.specs -mfpu=fpv4-sp-d16 -mfloat-abi=hard -mthumb -o "Core/Src/cppmain.o"
arm-none-eabi-g++ -o "osci_test_signal_generator.elf" @"objects.list"   -mcpu=cortex-m4 -T"C:\Users\dot\Documents\Skola\Semester7\VS\SemestralnyProjekt\git\Oscilloscope\STMProjects\osci_test_signal_generator\STM32F303K8TX_FLASH.ld" --specs=nosys.specs -Wl,-Map="osci_test_signal_generator.map" -Wl,--gc-sections -static --specs=nano.specs -mfpu=fpv4-sp-d16 -mfloat-abi=hard -mthumb -Wl,--start-group -lc -lm -lstdc++ -lsupc++ -Wl,--end-group
Finished building target: osci_test_signal_generator.elf
 
arm-none-eabi-objdump -h -S  osci_test_signal_generator.elf  > "osci_test_signal_generator.list"
arm-none-eabi-size   osci_test_signal_generator.elf 
   text	   data	    bss	    dec	    hex	filename
  13612	     12	   1580	  15204	   3b64	osci_test_signal_generator.elf
Finished building: default.size.stdout
 
Finished building: osci_test_signal_generator.list
 

17:08:00 Build Finished. 0 errors, 0 warnings. (took 10s.724ms)

