stm32f3xx_ll_adc.h:3205:22:LL_ADC_REG_SetTriggerSource	16	static
stm32f3xx_ll_adc.h:3406:22:LL_ADC_REG_SetSequencerLength	16	static
stm32f3xx_ll_adc.h:3967:22:LL_ADC_INJ_SetTriggerSource	16	static
stm32f3xx_ll_adc.h:4430:22:LL_ADC_INJ_SetQueueMode	16	static
stm32f3xx_ll_adc.h:5846:22:LL_ADC_Disable	16	static
stm32f3xx_ll_adc.h:5865:26:LL_ADC_IsEnabled	16	static
stm32f3xx_ll_adc.h:5876:26:LL_ADC_IsDisableOngoing	16	static
stm32f3xx_ll_adc.h:5971:22:LL_ADC_REG_StopConversion	16	static
stm32f3xx_ll_adc.h:5987:26:LL_ADC_REG_IsConversionOngoing	16	static
stm32f3xx_ll_adc.h:5998:26:LL_ADC_REG_IsStopConversionOngoing	16	static
stm32f3xx_ll_adc.h:6154:22:LL_ADC_INJ_StopConversion	16	static
stm32f3xx_ll_adc.h:6170:26:LL_ADC_INJ_IsConversionOngoing	16	static
stm32f3xx_ll_adc.h:6181:26:LL_ADC_INJ_IsStopConversionOngoing	16	static
stm32f3xx_ll_bus.h:426:22:LL_AHB1_GRP1_ForceReset	16	static
stm32f3xx_ll_bus.h:465:22:LL_AHB1_GRP1_ReleaseReset	16	static
stm32f3xx_ll_adc.c:584:13:LL_ADC_CommonDeInit	16	static
stm32f3xx_ll_adc.c:639:13:LL_ADC_CommonInit	32	static
stm32f3xx_ll_adc.c:719:6:LL_ADC_CommonStructInit	16	static
stm32f3xx_ll_adc.c:752:13:LL_ADC_DeInit	32	static
stm32f3xx_ll_adc.c:1022:13:LL_ADC_Init	24	static
stm32f3xx_ll_adc.c:1067:6:LL_ADC_StructInit	16	static
stm32f3xx_ll_adc.c:1109:13:LL_ADC_REG_Init	24	static
stm32f3xx_ll_adc.c:1200:6:LL_ADC_REG_StructInit	16	static
stm32f3xx_ll_adc.c:1253:13:LL_ADC_INJ_Init	24	static
stm32f3xx_ll_adc.c:1328:6:LL_ADC_INJ_StructInit	16	static
