stm32f3xx_ll_adc.h:5951:22:LL_ADC_REG_StartConversion	16	static
stm32f3xx_ll_adc.h:7065:22:LL_ADC_DisableIT_AWD1	16	static
stm32f3xx_ll_adc.h:7076:22:LL_ADC_DisableIT_AWD2	16	static
osci_channel_state_machine.c:9:6:osci_channel_init	24	static
osci_channel_state_machine.c:34:6:osci_channel_shutdown	16	static
osci_channel_state_machine.c:39:6:osci_channel_start_monitoring	16	static
osci_channel_state_machine.c:50:6:osci_channel_start_measuring	16	static
osci_channel_state_machine.c:62:6:clear_csm_events	16	static
osci_channel_state_machine.c:69:6:osci_channel_update	16	static
osci_channel_state_machine.c:125:6:osci_channel_monitoring_callback_x	16	static
osci_channel_state_machine.c:134:6:osci_channel_measuring_callback_x	16	static
osci_channel_state_machine.c:148:6:osci_channel_measurement_complete_callback_x	16	static
osci_channel_state_machine.c:158:6:osci_channel_monitoring_callback_y	16	static
osci_channel_state_machine.c:167:6:osci_channel_measuring_callback_y	16	static
osci_channel_state_machine.c:181:6:osci_channel_measurement_complete_callback_y	16	static
osci_channel_state_machine.c:191:6:osci_channel_awd_threshold_callback_x	16	static
osci_channel_state_machine.c:197:6:osci_channel_awd_threshold_callback_y	16	static
