stm32f3xx_ll_adc.h:6425:26:LL_ADC_IsActiveFlag_AWD1	16	static
stm32f3xx_ll_adc.h:6436:26:LL_ADC_IsActiveFlag_AWD2	16	static
stm32f3xx_ll_adc.h:6549:22:LL_ADC_ClearFlag_AWD1	16	static
stm32f3xx_ll_dma.h:1167:26:LL_DMA_IsActiveFlag_GI1	16	static
stm32f3xx_ll_dma.h:1178:26:LL_DMA_IsActiveFlag_GI2	16	static
stm32f3xx_ll_dma.h:1299:26:LL_DMA_IsActiveFlag_TC6	16	static
stm32f3xx_ll_dma.h:1310:26:LL_DMA_IsActiveFlag_TC7	16	static
stm32f3xx_ll_dma.h:1475:22:LL_DMA_ClearFlag_GI1	16	static
stm32f3xx_ll_dma.h:1486:22:LL_DMA_ClearFlag_GI2	16	static
stm32f3xx_ll_dma.h:1530:22:LL_DMA_ClearFlag_GI6	16	static
stm32f3xx_ll_dma.h:1541:22:LL_DMA_ClearFlag_GI7	16	static
stm32f3xx_ll_tim.h:3986:22:LL_TIM_ClearFlag_UPDATE	16	static
stm32f3xx_ll_tim.h:3997:26:LL_TIM_IsActiveFlag_UPDATE	16	static
stm32f3xx_it.c:71:6:NMI_Handler	4	static
stm32f3xx_it.c:84:6:HardFault_Handler	4	static
stm32f3xx_it.c:99:6:MemManage_Handler	4	static
stm32f3xx_it.c:114:6:BusFault_Handler	4	static
stm32f3xx_it.c:129:6:UsageFault_Handler	4	static
stm32f3xx_it.c:144:6:SVC_Handler	4	static
stm32f3xx_it.c:157:6:DebugMon_Handler	4	static
stm32f3xx_it.c:170:6:PendSV_Handler	4	static
stm32f3xx_it.c:183:6:SysTick_Handler	4	static
stm32f3xx_it.c:204:6:DMA1_Channel1_IRQHandler	8	static
stm32f3xx_it.c:221:6:DMA1_Channel2_IRQHandler	8	static
stm32f3xx_it.c:238:6:DMA1_Channel6_IRQHandler	8	static
stm32f3xx_it.c:255:6:DMA1_Channel7_IRQHandler	8	static
stm32f3xx_it.c:272:6:ADC1_2_IRQHandler	8	static
stm32f3xx_it.c:294:6:TIM1_UP_TIM16_IRQHandler	8	static
stm32f3xx_it.c:311:6:TIM1_CC_IRQHandler	8	static
stm32f3xx_it.c:325:6:TIM2_IRQHandler	8	static
