Archive member included to satisfy reference by file (symbol)

c:/st/stm32cubeide_1.0.2/stm32cubeide/plugins/com.st.stm32cube.ide.mcu.externaltools.gnu-tools-for-stm32.7-2018-q2-update.win32_1.0.0.201904181610/tools/bin/../lib/gcc/arm-none-eabi/7.3.1/../../../../arm-none-eabi/lib/thumb/v7e-m/fpv4-sp/hard\libm.a(lib_a-sf_cos.o)
                              Core/Src/SignalAdjuster.o (cosf)
c:/st/stm32cubeide_1.0.2/stm32cubeide/plugins/com.st.stm32cube.ide.mcu.externaltools.gnu-tools-for-stm32.7-2018-q2-update.win32_1.0.0.201904181610/tools/bin/../lib/gcc/arm-none-eabi/7.3.1/../../../../arm-none-eabi/lib/thumb/v7e-m/fpv4-sp/hard\libm.a(lib_a-sf_floor.o)
                              Core/Src/SignalAdjuster.o (floorf)
c:/st/stm32cubeide_1.0.2/stm32cubeide/plugins/com.st.stm32cube.ide.mcu.externaltools.gnu-tools-for-stm32.7-2018-q2-update.win32_1.0.0.201904181610/tools/bin/../lib/gcc/arm-none-eabi/7.3.1/../../../../arm-none-eabi/lib/thumb/v7e-m/fpv4-sp/hard\libm.a(lib_a-sf_sin.o)
                              Core/Src/SignalAdjuster.o (sinf)
c:/st/stm32cubeide_1.0.2/stm32cubeide/plugins/com.st.stm32cube.ide.mcu.externaltools.gnu-tools-for-stm32.7-2018-q2-update.win32_1.0.0.201904181610/tools/bin/../lib/gcc/arm-none-eabi/7.3.1/../../../../arm-none-eabi/lib/thumb/v7e-m/fpv4-sp/hard\libm.a(lib_a-ef_rem_pio2.o)
                              c:/st/stm32cubeide_1.0.2/stm32cubeide/plugins/com.st.stm32cube.ide.mcu.externaltools.gnu-tools-for-stm32.7-2018-q2-update.win32_1.0.0.201904181610/tools/bin/../lib/gcc/arm-none-eabi/7.3.1/../../../../arm-none-eabi/lib/thumb/v7e-m/fpv4-sp/hard\libm.a(lib_a-sf_cos.o) (__ieee754_rem_pio2f)
c:/st/stm32cubeide_1.0.2/stm32cubeide/plugins/com.st.stm32cube.ide.mcu.externaltools.gnu-tools-for-stm32.7-2018-q2-update.win32_1.0.0.201904181610/tools/bin/../lib/gcc/arm-none-eabi/7.3.1/../../../../arm-none-eabi/lib/thumb/v7e-m/fpv4-sp/hard\libm.a(lib_a-kf_cos.o)
                              c:/st/stm32cubeide_1.0.2/stm32cubeide/plugins/com.st.stm32cube.ide.mcu.externaltools.gnu-tools-for-stm32.7-2018-q2-update.win32_1.0.0.201904181610/tools/bin/../lib/gcc/arm-none-eabi/7.3.1/../../../../arm-none-eabi/lib/thumb/v7e-m/fpv4-sp/hard\libm.a(lib_a-sf_cos.o) (__kernel_cosf)
c:/st/stm32cubeide_1.0.2/stm32cubeide/plugins/com.st.stm32cube.ide.mcu.externaltools.gnu-tools-for-stm32.7-2018-q2-update.win32_1.0.0.201904181610/tools/bin/../lib/gcc/arm-none-eabi/7.3.1/../../../../arm-none-eabi/lib/thumb/v7e-m/fpv4-sp/hard\libm.a(lib_a-kf_rem_pio2.o)
                              c:/st/stm32cubeide_1.0.2/stm32cubeide/plugins/com.st.stm32cube.ide.mcu.externaltools.gnu-tools-for-stm32.7-2018-q2-update.win32_1.0.0.201904181610/tools/bin/../lib/gcc/arm-none-eabi/7.3.1/../../../../arm-none-eabi/lib/thumb/v7e-m/fpv4-sp/hard\libm.a(lib_a-ef_rem_pio2.o) (__kernel_rem_pio2f)
c:/st/stm32cubeide_1.0.2/stm32cubeide/plugins/com.st.stm32cube.ide.mcu.externaltools.gnu-tools-for-stm32.7-2018-q2-update.win32_1.0.0.201904181610/tools/bin/../lib/gcc/arm-none-eabi/7.3.1/../../../../arm-none-eabi/lib/thumb/v7e-m/fpv4-sp/hard\libm.a(lib_a-kf_sin.o)
                              c:/st/stm32cubeide_1.0.2/stm32cubeide/plugins/com.st.stm32cube.ide.mcu.externaltools.gnu-tools-for-stm32.7-2018-q2-update.win32_1.0.0.201904181610/tools/bin/../lib/gcc/arm-none-eabi/7.3.1/../../../../arm-none-eabi/lib/thumb/v7e-m/fpv4-sp/hard\libm.a(lib_a-sf_cos.o) (__kernel_sinf)
c:/st/stm32cubeide_1.0.2/stm32cubeide/plugins/com.st.stm32cube.ide.mcu.externaltools.gnu-tools-for-stm32.7-2018-q2-update.win32_1.0.0.201904181610/tools/bin/../lib/gcc/arm-none-eabi/7.3.1/../../../../arm-none-eabi/lib/thumb/v7e-m/fpv4-sp/hard\libm.a(lib_a-sf_fabs.o)
                              c:/st/stm32cubeide_1.0.2/stm32cubeide/plugins/com.st.stm32cube.ide.mcu.externaltools.gnu-tools-for-stm32.7-2018-q2-update.win32_1.0.0.201904181610/tools/bin/../lib/gcc/arm-none-eabi/7.3.1/../../../../arm-none-eabi/lib/thumb/v7e-m/fpv4-sp/hard\libm.a(lib_a-ef_rem_pio2.o) (fabsf)
c:/st/stm32cubeide_1.0.2/stm32cubeide/plugins/com.st.stm32cube.ide.mcu.externaltools.gnu-tools-for-stm32.7-2018-q2-update.win32_1.0.0.201904181610/tools/bin/../lib/gcc/arm-none-eabi/7.3.1/../../../../arm-none-eabi/lib/thumb/v7e-m/fpv4-sp/hard\libm.a(lib_a-sf_scalbn.o)
                              c:/st/stm32cubeide_1.0.2/stm32cubeide/plugins/com.st.stm32cube.ide.mcu.externaltools.gnu-tools-for-stm32.7-2018-q2-update.win32_1.0.0.201904181610/tools/bin/../lib/gcc/arm-none-eabi/7.3.1/../../../../arm-none-eabi/lib/thumb/v7e-m/fpv4-sp/hard\libm.a(lib_a-kf_rem_pio2.o) (scalbnf)
c:/st/stm32cubeide_1.0.2/stm32cubeide/plugins/com.st.stm32cube.ide.mcu.externaltools.gnu-tools-for-stm32.7-2018-q2-update.win32_1.0.0.201904181610/tools/bin/../lib/gcc/arm-none-eabi/7.3.1/../../../../arm-none-eabi/lib/thumb/v7e-m/fpv4-sp/hard\libm.a(lib_a-sf_copysign.o)
[...]
Memory Configuration

Name             Origin             Length             Attributes
CCMRAM           0x0000000010000000 0x0000000000001000 xrw
RAM              0x0000000020000000 0x0000000000003000 xrw
FLASH            0x0000000008000000 0x0000000000010000 xr
*default*        0x0000000000000000 0xffffffffffffffff

Linker script and memory map

LOAD c:/st/stm32cubeide_1.0.2/stm32cubeide/plugins/com.st.stm32cube.ide.mcu.externaltools.gnu-tools-for-stm32.7-2018-q2-update.win32_1.0.0.201904181610/tools/bin/../lib/gcc/arm-none-eabi/7.3.1/thumb/v7e-m/fpv4-sp/hard/crti.o
LOAD c:/st/stm32cubeide_1.0.2/stm32cubeide/plugins/com.st.stm32cube.ide.mcu.externaltools.gnu-tools-for-stm32.7-2018-q2-update.win32_1.0.0.201904181610/tools/bin/../lib/gcc/arm-none-eabi/7.3.1/thumb/v7e-m/fpv4-sp/hard/crtbegin.o
LOAD c:/st/stm32cubeide_1.0.2/stm32cubeide/plugins/com.st.stm32cube.ide.mcu.externaltools.gnu-tools-for-stm32.7-2018-q2-update.win32_1.0.0.201904181610/tools/bin/../lib/gcc/arm-none-eabi/7.3.1/../../../../arm-none-eabi/lib/thumb/v7e-m/fpv4-sp/hard/crt0.o
LOAD Core/Src/SignalAdjuster.o
LOAD Core/Src/cppmain.o
LOAD Core/Src/dac.o
LOAD Core/Src/gpio.o
LOAD Core/Src/main.o
LOAD Core/Src/stm32f3xx_it.o
LOAD Core/Src/sys.o
LOAD Core/Src/syscalls.o
LOAD Core/Src/sysmem.o
LOAD Core/Src/system_stm32f3xx.o
LOAD Core/Src/tim.o
LOAD Core/Src/usart.o
LOAD Core/Startup/startup_stm32f303k8tx.o
LOAD Drivers/STM32F3xx_HAL_Driver/Src/stm32f3xx_ll_dac.o
LOAD Drivers/STM32F3xx_HAL_Driver/Src/stm32f3xx_ll_dma.o
LOAD Drivers/STM32F3xx_HAL_Driver/Src/stm32f3xx_ll_exti.o
LOAD Drivers/STM32F3xx_HAL_Driver/Src/stm32f3xx_ll_gpio.o
LOAD Drivers/STM32F3xx_HAL_Driver/Src/stm32f3xx_ll_rcc.o
LOAD Drivers/STM32F3xx_HAL_Driver/Src/stm32f3xx_ll_tim.o
LOAD Drivers/STM32F3xx_HAL_Driver/Src/stm32f3xx_ll_usart.o
LOAD Drivers/STM32F3xx_HAL_Driver/Src/stm32f3xx_ll_utils.o
START GROUP
LOAD c:/st/stm32cubeide_1.0.2/stm32cubeide/plugins/com.st.stm32cube.ide.mcu.externaltools.gnu-tools-for-stm32.7-2018-q2-update.win32_1.0.0.201904181610/tools/bin/../lib/gcc/arm-none-eabi/7.3.1/../../../../arm-none-eabi/lib/thumb/v7e-m/fpv4-sp/hard\libstdc++_nano.a
LOAD c:/st/stm32cubeide_1.0.2/stm32cubeide/plugins/com.st.stm32cube.ide.mcu.externaltools.gnu-tools-for-stm32.7-2018-q2-update.win32_1.0.0.201904181610/tools/bin/../lib/gcc/arm-none-eabi/7.3.1/../../../../arm-none-eabi/lib/thumb/v7e-m/fpv4-sp/hard\libsupc++_nano.a
END GROUP
LOAD c:/st/stm32cubeide_1.0.2/stm32cubeide/plugins/com.st.stm32cube.ide.mcu.externaltools.gnu-tools-for-stm32.7-2018-q2-update.win32_1.0.0.201904181610/tools/bin/../lib/gcc/arm-none-eabi/7.3.1/../../../../arm-none-eabi/lib/thumb/v7e-m/fpv4-sp/hard\libstdc++_nano.a
LOAD c:/st/stm32cubeide_1.0.2/stm32cubeide/plugins/com.st.stm32cube.ide.mcu.externaltools.gnu-tools-for-stm32.7-2018-q2-update.win32_1.0.0.201904181610/tools/bin/../lib/gcc/arm-none-eabi/7.3.1/../../../../arm-none-eabi/lib/thumb/v7e-m/fpv4-sp/hard\libm.a
LOAD c:/st/stm32cubeide_1.0.2/stm32cubeide/plugins/com.st.stm32cube.ide.mcu.externaltools.gnu-tools-for-stm32.7-2018-q2-update.win32_1.0.0.201904181610/tools/bin/../lib/gcc/arm-none-eabi/7.3.1/../../../../arm-none-eabi/lib/thumb/v7e-m/fpv4-sp/hard\libc_nano.a
START GROUP
LOAD c:/st/stm32cubeide_1.0.2/stm32cubeide/plugins/com.st.stm32cube.ide.mcu.externaltools.gnu-tools-for-stm32.7-2018-q2-update.win32_1.0.0.201904181610/tools/bin/../lib/gcc/arm-none-eabi/7.3.1/thumb/v7e-m/fpv4-sp/hard\libgcc.a
LOAD c:/st/stm32cubeide_1.0.2/stm32cubeide/plugins/com.st.stm32cube.ide.mcu.externaltools.gnu-tools-for-stm32.7-2018-q2-update.win32_1.0.0.201904181610/tools/bin/../lib/gcc/arm-none-eabi/7.3.1/../../../../arm-none-eabi/lib/thumb/v7e-m/fpv4-sp/hard\libc_nano.a
END GROUP
START GROUP
LOAD c:/st/stm32cubeide_1.0.2/stm32cubeide/plugins/com.st.stm32cube.ide.mcu.externaltools.gnu-tools-for-stm32.7-2018-q2-update.win32_1.0.0.201904181610/tools/bin/../lib/gcc/arm-none-eabi/7.3.1/thumb/v7e-m/fpv4-sp/hard\libgcc.a
LOAD c:/st/stm32cubeide_1.0.2/stm32cubeide/plugins/com.st.stm32cube.ide.mcu.externaltools.gnu-tools-for-stm32.7-2018-q2-update.win32_1.0.0.201904181610/tools/bin/../lib/gcc/arm-none-eabi/7.3.1/../../../../arm-none-eabi/lib/thumb/v7e-m/fpv4-sp/hard\libc_nano.a
LOAD c:/st/stm32cubeide_1.0.2/stm32cubeide/plugins/com.st.stm32cube.ide.mcu.externaltools.gnu-tools-for-stm32.7-2018-q2-update.win32_1.0.0.201904181610/tools/bin/../lib/gcc/arm-none-eabi/7.3.1/../../../../arm-none-eabi/lib/thumb/v7e-m/fpv4-sp/hard\libnosys.a
END GROUP
START GROUP
LOAD c:/st/stm32cubeide_1.0.2/stm32cubeide/plugins/com.st.stm32cube.ide.mcu.externaltools.gnu-tools-for-stm32.7-2018-q2-update.win32_1.0.0.201904181610/tools/bin/../lib/gcc/arm-none-eabi/7.3.1/thumb/v7e-m/fpv4-sp/hard\libgcc.a
LOAD c:/st/stm32cubeide_1.0.2/stm32cubeide/plugins/com.st.stm32cube.ide.mcu.externaltools.gnu-tools-for-stm32.7-2018-q2-update.win32_1.0.0.201904181610/tools/bin/../lib/gcc/arm-none-eabi/7.3.1/../../../../arm-none-eabi/lib/thumb/v7e-m/fpv4-sp/hard\libc_nano.a
LOAD c:/st/stm32cubeide_1.0.2/stm32cubeide/plugins/com.st.stm32cube.ide.mcu.externaltools.gnu-tools-for-stm32.7-2018-q2-update.win32_1.0.0.201904181610/tools/bin/../lib/gcc/arm-none-eabi/7.3.1/../../../../arm-none-eabi/lib/thumb/v7e-m/fpv4-sp/hard\libnosys.a
END GROUP
LOAD c:/st/stm32cubeide_1.0.2/stm32cubeide/plugins/com.st.stm32cube.ide.mcu.externaltools.gnu-tools-for-stm32.7-2018-q2-update.win32_1.0.0.201904181610/tools/bin/../lib/gcc/arm-none-eabi/7.3.1/thumb/v7e-m/fpv4-sp/hard/crtend.o
LOAD c:/st/stm32cubeide_1.0.2/stm32cubeide/plugins/com.st.stm32cube.ide.mcu.externaltools.gnu-tools-for-stm32.7-2018-q2-update.win32_1.0.0.201904181610/tools/bin/../lib/gcc/arm-none-eabi/7.3.1/thumb/v7e-m/fpv4-sp/hard/crtn.o
                0x0000000020003000                _estack = (ORIGIN (RAM) + LENGTH (RAM))
                0x0000000000000200                _Min_Heap_Size = 0x200
                0x0000000000000400                _Min_Stack_Size = 0x400

.isr_vector     0x0000000008000000      0x188
                0x0000000008000000                . = ALIGN (0x4)
 *(.isr_vector)
 .isr_vector    0x0000000008000000      0x188 Core/Startup/startup_stm32f303k8tx.o
                0x0000000008000000                g_pfnVectors
                0x0000000008000188                . = ALIGN (0x4)

.text           0x0000000008000188     0x196c
                0x0000000008000188                . = ALIGN (0x4)
 *(.text)
 .text          0x0000000008000188       0x40 c:/st/stm32cubeide_1.0.2/stm32cubeide/plugins/com.st.stm32cube.ide.mcu.externaltools.gnu-tools-for-stm32.7-2018-q2-update.win32_1.0.0.201904181610/tools/bin/../lib/gcc/arm-none-eabi/7.3.1/thumb/v7e-m/fpv4-sp/hard/crtbegin.o
 *(.text*)
 .text._ZSt5floorf
                0x00000000080001c8       0x20 Core/Src/SignalAdjuster.o
                0x00000000080001c8                std::floor(float)
 .text.LL_DAC_Enable
                0x00000000080001e8       0x2c Core/Src/cppmain.o
 .text.LL_DAC_ConvertData12RightAligned
                0x0000000008000214       0x50 Core/Src/cppmain.o
 .text.LL_TIM_EnableCounter
                0x0000000008000264       0x20 Core/Src/cppmain.o
 .text.LL_TIM_EnableIT_UPDATE
                0x0000000008000284       0x20 Core/Src/cppmain.o
 .text.LL_USART_EnableIT_RXNE
                0x00000000080002a4       0x20 Core/Src/cppmain.o
 .text._Z10usart_initv
                0x00000000080002c4       0x14 Core/Src/cppmain.o
                0x00000000080002c4                usart_init()
 .text._Z8dac_initv
                0x00000000080002d8       0x18 Core/Src/cppmain.o
                0x00000000080002d8                dac_init()
 .text._Z14timer_callbackPv
                0x00000000080002f0       0x78 Core/Src/cppmain.o
                0x00000000080002f0                timer_callback(void*)
 .text._Z20Timer_setup_512Atnhzf
                0x0000000008000368       0x80 Core/Src/cppmain.o
                0x0000000008000368                Timer_setup_512Atnhz(float)
 .text.cppmain  0x00000000080003e8       0x34 Core/Src/cppmain.o
                0x00000000080003e8                cppmain
 .text.LL_DAC_DisableTrigger
                0x000000000800041c       0x2e Core/Src/dac.o
 *fill*         0x000000000800044a        0x2 
 .text.LL_AHB1_GRP1_EnableClock
                0x000000000800044c       0x30 Core/Src/dac.o
 .text.LL_APB1_GRP1_EnableClock
                0x000000000800047c       0x30 Core/Src/dac.o
 .text.MX_DAC1_Init
                0x00000000080004ac       0x80 Core/Src/dac.o
                0x00000000080004ac                MX_DAC1_Init
 .text.LL_AHB1_GRP1_EnableClock
                0x000000000800052c       0x30 Core/Src/gpio.o
 .text.MX_GPIO_Init
                0x000000000800055c       0x10 Core/Src/gpio.o
                0x000000000800055c                MX_GPIO_Init
 .text.__NVIC_SetPriorityGrouping
                0x000000000800056c       0x48 Core/Src/main.o
 .text.LL_RCC_HSI_Enable
                0x00000000080005b4       0x20 Core/Src/main.o
 .text.LL_RCC_HSI_IsReady
                0x00000000080005d4       0x24 Core/Src/main.o
 .text.LL_RCC_HSI_SetCalibTrimming
                0x00000000080005f8       0x2c Core/Src/main.o
 .text.LL_RCC_SetSysClkSource
                0x0000000008000624       0x28 Core/Src/main.o
 .text.LL_RCC_GetSysClkSource
                0x000000000800064c       0x1c Core/Src/main.o
 .text.LL_RCC_SetAHBPrescaler
                0x0000000008000668       0x28 Core/Src/main.o
 .text.LL_RCC_SetAPB1Prescaler
                0x0000000008000690       0x28 Core/Src/main.o
 .text.LL_RCC_SetAPB2Prescaler
                0x00000000080006b8       0x28 Core/Src/main.o
 .text.LL_RCC_SetTIMClockSource
                0x00000000080006e0       0x38 Core/Src/main.o
 .text.LL_APB1_GRP1_EnableClock
                0x0000000008000718       0x30 Core/Src/main.o
 .text.LL_APB2_GRP1_EnableClock
                0x0000000008000748       0x30 Core/Src/main.o
 .text.LL_FLASH_SetLatency
                0x0000000008000778       0x28 Core/Src/main.o
 .text.LL_FLASH_GetLatency
                0x00000000080007a0       0x1c Core/Src/main.o
 .text.LL_SYSTICK_SetClkSource
                0x00000000080007bc       0x38 Core/Src/main.o
 .text.main     0x00000000080007f4       0x32 Core/Src/main.o
                0x00000000080007f4                main
 *fill*         0x0000000008000826        0x2 
 .text.SystemClock_Config
                0x0000000008000828       0x74 Core/Src/main.o
                0x0000000008000828                SystemClock_Config
 .text.Error_Handler
                0x000000000800089c        0xe Core/Src/main.o
                0x000000000800089c                Error_Handler
 .text.LL_TIM_ClearFlag_UPDATE
                0x00000000080008aa       0x1c Core/Src/stm32f3xx_it.o
 .text.LL_TIM_IsActiveFlag_UPDATE
                0x00000000080008c6       0x26 Core/Src/stm32f3xx_it.o
 .text.LL_USART_IsActiveFlag_RXNE
                0x00000000080008ec       0x26 Core/Src/stm32f3xx_it.o
 .text.NMI_Handler
                0x0000000008000912        0xe Core/Src/stm32f3xx_it.o
                0x0000000008000912                NMI_Handler
 .text.HardFault_Handler
                0x0000000008000920        0x6 Core/Src/stm32f3xx_it.o
                0x0000000008000920                HardFault_Handler
 .text.MemManage_Handler
                0x0000000008000926        0x6 Core/Src/stm32f3xx_it.o
                0x0000000008000926                MemManage_Handler
 .text.BusFault_Handler
                0x000000000800092c        0x6 Core/Src/stm32f3xx_it.o
                0x000000000800092c                BusFault_Handler
 .text.UsageFault_Handler
                0x0000000008000932        0x6 Core/Src/stm32f3xx_it.o
                0x0000000008000932                UsageFault_Handler
 .text.SVC_Handler
                0x0000000008000938        0xe Core/Src/stm32f3xx_it.o
                0x0000000008000938                SVC_Handler
 .text.DebugMon_Handler
                0x0000000008000946        0xe Core/Src/stm32f3xx_it.o
                0x0000000008000946                DebugMon_Handler
 .text.PendSV_Handler
                0x0000000008000954        0xe Core/Src/stm32f3xx_it.o
                0x0000000008000954                PendSV_Handler
 .text.SysTick_Handler
                0x0000000008000962        0xe Core/Src/stm32f3xx_it.o
                0x0000000008000962                SysTick_Handler
 .text.TIM1_UP_TIM16_IRQHandler
                0x0000000008000970       0x34 Core/Src/stm32f3xx_it.o
                0x0000000008000970                TIM1_UP_TIM16_IRQHandler
 .text.USART2_IRQHandler
                0x00000000080009a4       0x2c Core/Src/stm32f3xx_it.o
                0x00000000080009a4                USART2_IRQHandler
 .text.SystemInit
                0x00000000080009d0       0x2c Core/Src/system_stm32f3xx.o
                0x00000000080009d0                SystemInit
 .text.__NVIC_GetPriorityGrouping
                0x00000000080009fc       0x1c Core/Src/tim.o
 .text.__NVIC_EnableIRQ
                0x0000000008000a18       0x3c Core/Src/tim.o
 .text.__NVIC_SetPriority
                0x0000000008000a54       0x54 Core/Src/tim.o
 .text.NVIC_EncodePriority
                0x0000000008000aa8       0x66 Core/Src/tim.o
 *fill*         0x0000000008000b0e        0x2 
 .text.LL_APB2_GRP1_EnableClock
                0x0000000008000b10       0x30 Core/Src/tim.o
 .text.LL_TIM_DisableARRPreload
                0x0000000008000b40       0x20 Core/Src/tim.o
 .text.LL_TIM_SetClockSource
                0x0000000008000b60       0x2a Core/Src/tim.o
 .text.LL_TIM_SetTriggerOutput
                0x0000000008000b8a       0x26 Core/Src/tim.o
 .text.LL_TIM_SetTriggerOutput2
                0x0000000008000bb0       0x26 Core/Src/tim.o
 .text.LL_TIM_DisableMasterSlaveMode
                0x0000000008000bd6       0x20 Core/Src/tim.o
 *fill*         0x0000000008000bf6        0x2 
 .text.MX_TIM1_Init
                0x0000000008000bf8       0x8c Core/Src/tim.o
                0x0000000008000bf8                MX_TIM1_Init
 .text.__NVIC_GetPriorityGrouping
                0x0000000008000c84       0x1c Core/Src/usart.o
 .text.__NVIC_EnableIRQ
                0x0000000008000ca0       0x3c Core/Src/usart.o
 .text.__NVIC_SetPriority
                0x0000000008000cdc       0x54 Core/Src/usart.o
 .text.NVIC_EncodePriority
                0x0000000008000d30       0x66 Core/Src/usart.o
 *fill*         0x0000000008000d96        0x2 
 .text.LL_AHB1_GRP1_EnableClock
                0x0000000008000d98       0x30 Core/Src/usart.o
 .text.LL_APB1_GRP1_EnableClock
                0x0000000008000dc8       0x30 Core/Src/usart.o
 .text.LL_USART_Enable
                0x0000000008000df8       0x20 Core/Src/usart.o
 .text.LL_USART_ConfigAsyncMode
                0x0000000008000e18       0x2c Core/Src/usart.o
 .text.LL_USART_DisableIT_CTS
                0x0000000008000e44       0x20 Core/Src/usart.o
 .text.MX_USART2_UART_Init
                0x0000000008000e64       0xc8 Core/Src/usart.o
                0x0000000008000e64                MX_USART2_UART_Init
 .text.Reset_Handler
                0x0000000008000f2c       0x50 Core/Startup/startup_stm32f303k8tx.o
                0x0000000008000f2c                Reset_Handler
 .text.Default_Handler
                0x0000000008000f7c        0x2 Core/Startup/startup_stm32f303k8tx.o
                0x0000000008000f7c                RTC_Alarm_IRQHandler
                0x0000000008000f7c                TIM1_CC_IRQHandler
                0x0000000008000f7c                PVD_IRQHandler
                0x0000000008000f7c                TAMP_STAMP_IRQHandler
                0x0000000008000f7c                EXTI3_IRQHandler
                0x0000000008000f7c                EXTI0_IRQHandler
                0x0000000008000f7c                FPU_IRQHandler
                0x0000000008000f7c                CAN_TX_IRQHandler
                0x0000000008000f7c                ADC1_2_IRQHandler
                0x0000000008000f7c                SPI1_IRQHandler
                0x0000000008000f7c                CAN_SCE_IRQHandler
                0x0000000008000f7c                DMA1_Channel4_IRQHandler
                0x0000000008000f7c                USART3_IRQHandler
                0x0000000008000f7c                DMA1_Channel7_IRQHandler
                0x0000000008000f7c                TIM7_DAC2_IRQHandler
                0x0000000008000f7c                CAN_RX1_IRQHandler
                0x0000000008000f7c                I2C1_EV_IRQHandler
                0x0000000008000f7c                DMA1_Channel6_IRQHandler
                0x0000000008000f7c                TIM3_IRQHandler
                0x0000000008000f7c                RCC_IRQHandler
                0x0000000008000f7c                DMA1_Channel1_IRQHandler
                0x0000000008000f7c                Default_Handler
                0x0000000008000f7c                EXTI15_10_IRQHandler
                0x0000000008000f7c                COMP2_IRQHandler
                0x0000000008000f7c                TIM6_DAC1_IRQHandler
                0x0000000008000f7c                EXTI9_5_IRQHandler
                0x0000000008000f7c                RTC_WKUP_IRQHandler
                0x0000000008000f7c                DMA1_Channel5_IRQHandler
                0x0000000008000f7c                EXTI4_IRQHandler
                0x0000000008000f7c                TIM1_TRG_COM_TIM17_IRQHandler
                0x0000000008000f7c                DMA1_Channel3_IRQHandler
                0x0000000008000f7c                WWDG_IRQHandler
                0x0000000008000f7c                TIM2_IRQHandler
                0x0000000008000f7c                EXTI1_IRQHandler
                0x0000000008000f7c                COMP4_6_IRQHandler
                0x0000000008000f7c                DMA1_Channel2_IRQHandler
                0x0000000008000f7c                FLASH_IRQHandler
                0x0000000008000f7c                USART1_IRQHandler
                0x0000000008000f7c                CAN_RX0_IRQHandler
                0x0000000008000f7c                I2C1_ER_IRQHandler
                0x0000000008000f7c                EXTI2_TSC_IRQHandler
                0x0000000008000f7c                TIM1_BRK_TIM15_IRQHandler
 .text.LL_DAC_IsEnabled
                0x0000000008000f7e       0x3e Drivers/STM32F3xx_HAL_Driver/Src/stm32f3xx_ll_dac.o
 .text.LL_DAC_Init
                0x0000000008000fbc       0xa2 Drivers/STM32F3xx_HAL_Driver/Src/stm32f3xx_ll_dac.o
                0x0000000008000fbc                LL_DAC_Init
 .text.LL_GPIO_SetPinMode
                0x000000000800105e       0x5e Drivers/STM32F3xx_HAL_Driver/Src/stm32f3xx_ll_gpio.o
 .text.LL_GPIO_SetPinOutputType
                0x00000000080010bc       0x30 Drivers/STM32F3xx_HAL_Driver/Src/stm32f3xx_ll_gpio.o
 .text.LL_GPIO_SetPinSpeed
                0x00000000080010ec       0x5e Drivers/STM32F3xx_HAL_Driver/Src/stm32f3xx_ll_gpio.o
 .text.LL_GPIO_SetPinPull
                0x000000000800114a       0x5e Drivers/STM32F3xx_HAL_Driver/Src/stm32f3xx_ll_gpio.o
 .text.LL_GPIO_SetAFPin_0_7
                0x00000000080011a8       0x5e Drivers/STM32F3xx_HAL_Driver/Src/stm32f3xx_ll_gpio.o
 .text.LL_GPIO_SetAFPin_8_15
                0x0000000008001206       0x62 Drivers/STM32F3xx_HAL_Driver/Src/stm32f3xx_ll_gpio.o
 .text.LL_GPIO_Init
                0x0000000008001268       0xf0 Drivers/STM32F3xx_HAL_Driver/Src/stm32f3xx_ll_gpio.o
                0x0000000008001268                LL_GPIO_Init
 .text.LL_RCC_HSI_IsReady
                0x0000000008001358       0x24 Drivers/STM32F3xx_HAL_Driver/Src/stm32f3xx_ll_rcc.o
 .text.LL_RCC_LSE_IsReady
                0x000000000800137c       0x24 Drivers/STM32F3xx_HAL_Driver/Src/stm32f3xx_ll_rcc.o
 .text.LL_RCC_GetSysClkSource
                0x00000000080013a0       0x1c Drivers/STM32F3xx_HAL_Driver/Src/stm32f3xx_ll_rcc.o
 .text.LL_RCC_GetAHBPrescaler
                0x00000000080013bc       0x1c Drivers/STM32F3xx_HAL_Driver/Src/stm32f3xx_ll_rcc.o
 .text.LL_RCC_GetAPB1Prescaler
                0x00000000080013d8       0x1c Drivers/STM32F3xx_HAL_Driver/Src/stm32f3xx_ll_rcc.o
 .text.LL_RCC_GetAPB2Prescaler
                0x00000000080013f4       0x1c Drivers/STM32F3xx_HAL_Driver/Src/stm32f3xx_ll_rcc.o
 .text.LL_RCC_GetUSARTClockSource
                0x0000000008001410       0x2c Drivers/STM32F3xx_HAL_Driver/Src/stm32f3xx_ll_rcc.o
 .text.LL_RCC_PLL_GetMainSource
                0x000000000800143c       0x1c Drivers/STM32F3xx_HAL_Driver/Src/stm32f3xx_ll_rcc.o
 .text.LL_RCC_PLL_GetMultiplicator
                0x0000000008001458       0x1c Drivers/STM32F3xx_HAL_Driver/Src/stm32f3xx_ll_rcc.o
 .text.LL_RCC_PLL_GetPrediv
                0x0000000008001474       0x1c Drivers/STM32F3xx_HAL_Driver/Src/stm32f3xx_ll_rcc.o
 .text.LL_RCC_GetSystemClocksFreq
                0x0000000008001490       0x4a Drivers/STM32F3xx_HAL_Driver/Src/stm32f3xx_ll_rcc.o
                0x0000000008001490                LL_RCC_GetSystemClocksFreq
 *fill*         0x00000000080014da        0x2 
 .text.LL_RCC_GetUSARTClockFreq
                0x00000000080014dc       0x80 Drivers/STM32F3xx_HAL_Driver/Src/stm32f3xx_ll_rcc.o
                0x00000000080014dc                LL_RCC_GetUSARTClockFreq
 .text.RCC_GetSystemClockFreq
                0x000000000800155c       0x44 Drivers/STM32F3xx_HAL_Driver/Src/stm32f3xx_ll_rcc.o
                0x000000000800155c                RCC_GetSystemClockFreq
 .text.RCC_GetHCLKClockFreq
                0x00000000080015a0       0x2c Drivers/STM32F3xx_HAL_Driver/Src/stm32f3xx_ll_rcc.o
                0x00000000080015a0                RCC_GetHCLKClockFreq
 .text.RCC_GetPCLK1ClockFreq
                0x00000000080015cc       0x28 Drivers/STM32F3xx_HAL_Driver/Src/stm32f3xx_ll_rcc.o
                0x00000000080015cc                RCC_GetPCLK1ClockFreq
 .text.RCC_GetPCLK2ClockFreq
                0x00000000080015f4       0x28 Drivers/STM32F3xx_HAL_Driver/Src/stm32f3xx_ll_rcc.o
                0x00000000080015f4                RCC_GetPCLK2ClockFreq
 .text.RCC_PLL_GetFreqDomain_SYS
                0x000000000800161c       0x7c Drivers/STM32F3xx_HAL_Driver/Src/stm32f3xx_ll_rcc.o
                0x000000000800161c                RCC_PLL_GetFreqDomain_SYS
 .text.LL_TIM_SetPrescaler
                0x0000000008001698       0x1c Drivers/STM32F3xx_HAL_Driver/Src/stm32f3xx_ll_tim.o
 .text.LL_TIM_SetAutoReload
                0x00000000080016b4       0x1c Drivers/STM32F3xx_HAL_Driver/Src/stm32f3xx_ll_tim.o
 .text.LL_TIM_SetRepetitionCounter
                0x00000000080016d0       0x1c Drivers/STM32F3xx_HAL_Driver/Src/stm32f3xx_ll_tim.o
 .text.LL_TIM_GenerateEvent_UPDATE
                0x00000000080016ec       0x20 Drivers/STM32F3xx_HAL_Driver/Src/stm32f3xx_ll_tim.o
 .text.LL_TIM_Init
                0x000000000800170c       0xe4 Drivers/STM32F3xx_HAL_Driver/Src/stm32f3xx_ll_tim.o
                0x000000000800170c                LL_TIM_Init
 .text.LL_USART_IsEnabled
                0x00000000080017f0       0x26 Drivers/STM32F3xx_HAL_Driver/Src/stm32f3xx_ll_usart.o
 .text.LL_USART_SetStopBitsLength
                0x0000000008001816       0x26 Drivers/STM32F3xx_HAL_Driver/Src/stm32f3xx_ll_usart.o
 .text.LL_USART_SetHWFlowCtrl
                0x000000000800183c       0x26 Drivers/STM32F3xx_HAL_Driver/Src/stm32f3xx_ll_usart.o
 .text.LL_USART_SetBaudRate
                0x0000000008001862       0x64 Drivers/STM32F3xx_HAL_Driver/Src/stm32f3xx_ll_usart.o
 *fill*         0x00000000080018c6        0x2 
 .text.LL_USART_Init
                0x00000000080018c8       0xd8 Drivers/STM32F3xx_HAL_Driver/Src/stm32f3xx_ll_usart.o
                0x00000000080018c8                LL_USART_Init
 .text.LL_InitTick
                0x00000000080019a0       0x34 Drivers/STM32F3xx_HAL_Driver/Src/stm32f3xx_ll_utils.o
 .text.LL_Init1msTick
                0x00000000080019d4       0x1a Drivers/STM32F3xx_HAL_Driver/Src/stm32f3xx_ll_utils.o
                0x00000000080019d4                LL_Init1msTick
 *fill*         0x00000000080019ee        0x2 
 .text.LL_SetSystemCoreClock
                0x00000000080019f0       0x20 Drivers/STM32F3xx_HAL_Driver/Src/stm32f3xx_ll_utils.o
                0x00000000080019f0                LL_SetSystemCoreClock
 .text.floorf   0x0000000008001a10       0x84 c:/st/stm32cubeide_1.0.2/stm32cubeide/plugins/com.st.stm32cube.ide.mcu.externaltools.gnu-tools-for-stm32.7-2018-q2-update.win32_1.0.0.201904181610/tools/bin/../lib/gcc/arm-none-eabi/7.3.1/../../../../arm-none-eabi/lib/thumb/v7e-m/fpv4-sp/hard\libm.a(lib_a-sf_floor.o)
                0x0000000008001a10                floorf
 .text.__libc_init_array
                0x0000000008001a94       0x48 c:/st/stm32cubeide_1.0.2/stm32cubeide/plugins/com.st.stm32cube.ide.mcu.externaltools.gnu-tools-for-stm32.7-2018-q2-update.win32_1.0.0.201904181610/tools/bin/../lib/gcc/arm-none-eabi/7.3.1/../../../../arm-none-eabi/lib/thumb/v7e-m/fpv4-sp/hard\libc_nano.a(lib_a-init.o)
                0x0000000008001a94                __libc_init_array
 *(.glue_7)
 .glue_7        0x0000000008001adc        0x0 linker stubs
 *(.glue_7t)
 .glue_7t       0x0000000008001adc        0x0 linker stubs
 *(.eh_frame)
 .eh_frame      0x0000000008001adc        0x0 c:/st/stm32cubeide_1.0.2/stm32cubeide/plugins/com.st.stm32cube.ide.mcu.externaltools.gnu-tools-for-stm32.7-2018-q2-update.win32_1.0.0.201904181610/tools/bin/../lib/gcc/arm-none-eabi/7.3.1/thumb/v7e-m/fpv4-sp/hard/crtbegin.o
 *(.init)
 .init          0x0000000008001adc        0x4 c:/st/stm32cubeide_1.0.2/stm32cubeide/plugins/com.st.stm32cube.ide.mcu.externaltools.gnu-tools-for-stm32.7-2018-q2-update.win32_1.0.0.201904181610/tools/bin/../lib/gcc/arm-none-eabi/7.3.1/thumb/v7e-m/fpv4-sp/hard/crti.o
                0x0000000008001adc                _init
 .init          0x0000000008001ae0        0x8 c:/st/stm32cubeide_1.0.2/stm32cubeide/plugins/com.st.stm32cube.ide.mcu.externaltools.gnu-tools-for-stm32.7-2018-q2-update.win32_1.0.0.201904181610/tools/bin/../lib/gcc/arm-none-eabi/7.3.1/thumb/v7e-m/fpv4-sp/hard/crtn.o
 *(.fini)
 .fini          0x0000000008001ae8        0x4 c:/st/stm32cubeide_1.0.2/stm32cubeide/plugins/com.st.stm32cube.ide.mcu.externaltools.gnu-tools-for-stm32.7-2018-q2-update.win32_1.0.0.201904181610/tools/bin/../lib/gcc/arm-none-eabi/7.3.1/thumb/v7e-m/fpv4-sp/hard/crti.o
                0x0000000008001ae8                _fini
 .fini          0x0000000008001aec        0x8 c:/st/stm32cubeide_1.0.2/stm32cubeide/plugins/com.st.stm32cube.ide.mcu.externaltools.gnu-tools-for-stm32.7-2018-q2-update.win32_1.0.0.201904181610/tools/bin/../lib/gcc/arm-none-eabi/7.3.1/thumb/v7e-m/fpv4-sp/hard/crtn.o
                0x0000000008001af4                . = ALIGN (0x4)
                0x0000000008001af4                _etext = .

.vfp11_veneer   0x0000000008001af4        0x0
 .vfp11_veneer  0x0000000008001af4        0x0 linker stubs

.v4_bx          0x0000000008001af4        0x0
 .v4_bx         0x0000000008001af4        0x0 linker stubs

.iplt           0x0000000008001af4        0x0
 .iplt          0x0000000008001af4        0x0 c:/st/stm32cubeide_1.0.2/stm32cubeide/plugins/com.st.stm32cube.ide.mcu.externaltools.gnu-tools-for-stm32.7-2018-q2-update.win32_1.0.0.201904181610/tools/bin/../lib/gcc/arm-none-eabi/7.3.1/thumb/v7e-m/fpv4-sp/hard/crtbegin.o

.rodata         0x0000000008001af4       0x18
                0x0000000008001af4                . = ALIGN (0x4)
 *(.rodata)
 *(.rodata*)
 .rodata.AHBPrescTable
                0x0000000008001af4       0x10 Core/Src/system_stm32f3xx.o
                0x0000000008001af4                AHBPrescTable
 .rodata.APBPrescTable
                0x0000000008001b04        0x8 Core/Src/system_stm32f3xx.o
                0x0000000008001b04                APBPrescTable
                0x0000000008001b0c                . = ALIGN (0x4)

.rel.dyn        0x0000000008001b0c        0x0
 .rel.iplt      0x0000000008001b0c        0x0 c:/st/stm32cubeide_1.0.2/stm32cubeide/plugins/com.st.stm32cube.ide.mcu.externaltools.gnu-tools-for-stm32.7-2018-q2-update.win32_1.0.0.201904181610/tools/bin/../lib/gcc/arm-none-eabi/7.3.1/thumb/v7e-m/fpv4-sp/hard/crtbegin.o

.ARM.extab      0x0000000008001b0c        0x0
                0x0000000008001b0c                . = ALIGN (0x4)
 *(.ARM.extab* .gnu.linkonce.armextab.*)
                0x0000000008001b0c                . = ALIGN (0x4)

.ARM            0x0000000008001b0c        0x0
                0x0000000008001b0c                . = ALIGN (0x4)
                0x0000000008001b0c                __exidx_start = .
 *(.ARM.exidx*)
                0x0000000008001b0c                __exidx_end = .
                0x0000000008001b0c                . = ALIGN (0x4)

.preinit_array  0x0000000008001b0c        0x0
                0x0000000008001b0c                . = ALIGN (0x4)
                0x0000000008001b0c                PROVIDE (__preinit_array_start = .)
 *(.preinit_array*)
                0x0000000008001b0c                PROVIDE (__preinit_array_end = .)
                0x0000000008001b0c                . = ALIGN (0x4)

.init_array     0x0000000008001b0c        0x4
                0x0000000008001b0c                . = ALIGN (0x4)
                0x0000000008001b0c                PROVIDE (__init_array_start = .)
 *(SORT_BY_NAME(.init_array.*))
 *(.init_array*)
 .init_array    0x0000000008001b0c        0x4 c:/st/stm32cubeide_1.0.2/stm32cubeide/plugins/com.st.stm32cube.ide.mcu.externaltools.gnu-tools-for-stm32.7-2018-q2-update.win32_1.0.0.201904181610/tools/bin/../lib/gcc/arm-none-eabi/7.3.1/thumb/v7e-m/fpv4-sp/hard/crtbegin.o
                0x0000000008001b10                PROVIDE (__init_array_end = .)
                0x0000000008001b10                . = ALIGN (0x4)

.fini_array     0x0000000008001b10        0x4
                0x0000000008001b10                . = ALIGN (0x4)
                [!provide]                        PROVIDE (__fini_array_start = .)
 *(SORT_BY_NAME(.fini_array.*))
 *(.fini_array*)
 .fini_array    0x0000000008001b10        0x4 c:/st/stm32cubeide_1.0.2/stm32cubeide/plugins/com.st.stm32cube.ide.mcu.externaltools.gnu-tools-for-stm32.7-2018-q2-update.win32_1.0.0.201904181610/tools/bin/../lib/gcc/arm-none-eabi/7.3.1/thumb/v7e-m/fpv4-sp/hard/crtbegin.o
                [!provide]                        PROVIDE (__fini_array_end = .)
                0x0000000008001b14                . = ALIGN (0x4)
                0x0000000008001b14                _sidata = LOADADDR (.data)

.data           0x0000000020000000        0x4 load address 0x0000000008001b14
                0x0000000020000000                . = ALIGN (0x4)
                0x0000000020000000                _sdata = .
 *(.data)
 *(.data*)
 .data.SystemCoreClock
                0x0000000020000000        0x4 Core/Src/system_stm32f3xx.o
                0x0000000020000000                SystemCoreClock
                0x0000000020000004                . = ALIGN (0x4)
                0x0000000020000004                _edata = .

.igot.plt       0x0000000020000004        0x0 load address 0x0000000008001b18
 .igot.plt      0x0000000020000004        0x0 c:/st/stm32cubeide_1.0.2/stm32cubeide/plugins/com.st.stm32cube.ide.mcu.externaltools.gnu-tools-for-stm32.7-2018-q2-update.win32_1.0.0.201904181610/tools/bin/../lib/gcc/arm-none-eabi/7.3.1/thumb/v7e-m/fpv4-sp/hard/crtbegin.o
                0x0000000020000004                . = ALIGN (0x4)

.bss            0x0000000020000004       0x30 load address 0x0000000008001b18
                0x0000000020000004                _sbss = .
                0x0000000020000004                __bss_start__ = _sbss
 *(.bss)
 .bss           0x0000000020000004       0x1c c:/st/stm32cubeide_1.0.2/stm32cubeide/plugins/com.st.stm32cube.ide.mcu.externaltools.gnu-tools-for-stm32.7-2018-q2-update.win32_1.0.0.201904181610/tools/bin/../lib/gcc/arm-none-eabi/7.3.1/thumb/v7e-m/fpv4-sp/hard/crtbegin.o
 *(.bss*)
 .bss.sampleNum
                0x0000000020000020        0x4 Core/Src/cppmain.o
                0x0000000020000020                sampleNum
 .bss.dacValue  0x0000000020000024        0x2 Core/Src/cppmain.o
                0x0000000020000024                dacValue
 *(COMMON)
 *fill*         0x0000000020000026        0x2 
 COMMON         0x0000000020000028        0xc Core/Src/main.o
                0x0000000020000028                usart2_rxne_callback
                0x000000002000002c                adj_IT_reference
                0x0000000020000030                tim1_callback
                0x0000000020000034                . = ALIGN (0x4)
                0x0000000020000034                _ebss = .
                0x0000000020000034                __bss_end__ = _ebss

._user_heap_stack
                0x0000000020000034      0x604 load address 0x0000000008001b18
                0x0000000020000038                . = ALIGN (0x8)
 *fill*         0x0000000020000034        0x4 
                0x0000000020000038                PROVIDE (end = .)
                [!provide]                        PROVIDE (_end = .)
                0x0000000020000238                . = (. + _Min_Heap_Size)
 *fill*         0x0000000020000038      0x200 
                0x0000000020000638                . = (. + _Min_Stack_Size)
 *fill*         0x0000000020000238      0x400 
                0x0000000020000638                . = ALIGN (0x8)

/DISCARD/
 libc.a(*)
 libm.a(*)
 libgcc.a(*)

.ARM.attributes
                0x0000000000000000       0x30
 *(.ARM.attributes)
 .ARM.attributes
                0x0000000000000000       0x22 c:/st/stm32cubeide_1.0.2/stm32cubeide/plugins/com.st.stm32cube.ide.mcu.externaltools.gnu-tools-for-stm32.7-2018-q2-update.win32_1.0.0.201904181610/tools/bin/../lib/gcc/arm-none-eabi/7.3.1/thumb/v7e-m/fpv4-sp/hard/crti.o
 .ARM.attributes
                0x0000000000000022       0x34 c:/st/stm32cubeide_1.0.2/stm32cubeide/plugins/com.st.stm32cube.ide.mcu.externaltools.gnu-tools-for-stm32.7-2018-q2-update.win32_1.0.0.201904181610/tools/bin/../lib/gcc/arm-none-eabi/7.3.1/thumb/v7e-m/fpv4-sp/hard/crtbegin.o
 .ARM.attributes
                0x0000000000000056       0x39 Core/Src/SignalAdjuster.o
 .ARM.attributes
                0x000000000000008f       0x39 Core/Src/cppmain.o
 .ARM.attributes
                0x00000000000000c8       0x39 Core/Src/dac.o
 .ARM.attributes
                0x0000000000000101       0x39 Core/Src/gpio.o
 .ARM.attributes
                0x000000000000013a       0x39 Core/Src/main.o
 .ARM.attributes
                0x0000000000000173       0x39 Core/Src/stm32f3xx_it.o
 .ARM.attributes
                0x00000000000001ac       0x39 Core/Src/system_stm32f3xx.o
 .ARM.attributes
                0x00000000000001e5       0x39 Core/Src/tim.o
 .ARM.attributes
                0x000000000000021e       0x39 Core/Src/usart.o
 .ARM.attributes
                0x0000000000000257       0x21 Core/Startup/startup_stm32f303k8tx.o
 .ARM.attributes
                0x0000000000000278       0x39 Drivers/STM32F3xx_HAL_Driver/Src/stm32f3xx_ll_dac.o
 .ARM.attributes
                0x00000000000002b1       0x39 Drivers/STM32F3xx_HAL_Driver/Src/stm32f3xx_ll_gpio.o
 .ARM.attributes
                0x00000000000002ea       0x39 Drivers/STM32F3xx_HAL_Driver/Src/stm32f3xx_ll_rcc.o
 .ARM.attributes
                0x0000000000000323       0x39 Drivers/STM32F3xx_HAL_Driver/Src/stm32f3xx_ll_tim.o
 .ARM.attributes
                0x000000000000035c       0x39 Drivers/STM32F3xx_HAL_Driver/Src/stm32f3xx_ll_usart.o
 .ARM.attributes
                0x0000000000000395       0x39 Drivers/STM32F3xx_HAL_Driver/Src/stm32f3xx_ll_utils.o
 .ARM.attributes
                0x00000000000003ce       0x34 c:/st/stm32cubeide_1.0.2/stm32cubeide/plugins/com.st.stm32cube.ide.mcu.externaltools.gnu-tools-for-stm32.7-2018-q2-update.win32_1.0.0.201904181610/tools/bin/../lib/gcc/arm-none-eabi/7.3.1/../../../../arm-none-eabi/lib/thumb/v7e-m/fpv4-sp/hard\libm.a(lib_a-sf_floor.o)
 .ARM.attributes
                0x0000000000000402       0x34 c:/st/stm32cubeide_1.0.2/stm32cubeide/plugins/com.st.stm32cube.ide.mcu.externaltools.gnu-tools-for-stm32.7-2018-q2-update.win32_1.0.0.201904181610/tools/bin/../lib/gcc/arm-none-eabi/7.3.1/../../../../arm-none-eabi/lib/thumb/v7e-m/fpv4-sp/hard\libc_nano.a(lib_a-init.o)
 .ARM.attributes
                0x0000000000000436       0x22 c:/st/stm32cubeide_1.0.2/stm32cubeide/plugins/com.st.stm32cube.ide.mcu.externaltools.gnu-tools-for-stm32.7-2018-q2-update.win32_1.0.0.201904181610/tools/bin/../lib/gcc/arm-none-eabi/7.3.1/thumb/v7e-m/fpv4-sp/hard/crtn.o
OUTPUT(osci_test_signal_generator.elf elf32-littlearm)

.debug_info     0x0000000000000000     0x94d3
 .debug_info    0x0000000000000000     0x1c9f Core/Src/SignalAdjuster.o
 .debug_info    0x0000000000001c9f     0x17bf Core/Src/cppmain.o
 .debug_info    0x000000000000345e      0x588 Core/Src/dac.o
 .debug_info    0x00000000000039e6      0x2dc Core/Src/gpio.o
 .debug_info    0x0000000000003cc2      0x79a Core/Src/main.o
 .debug_info    0x000000000000445c      0x53f Core/Src/stm32f3xx_it.o
 .debug_info    0x000000000000499b      0x400 Core/Src/system_stm32f3xx.o
 .debug_info    0x0000000000004d9b      0xa94 Core/Src/tim.o
 .debug_info    0x000000000000582f      0xaf7 Core/Src/usart.o
 .debug_info    0x0000000000006326       0x22 Core/Startup/startup_stm32f303k8tx.o
 .debug_info    0x0000000000006348      0x436 Drivers/STM32F3xx_HAL_Driver/Src/stm32f3xx_ll_dac.o
 .debug_info    0x000000000000677e      0x7e2 Drivers/STM32F3xx_HAL_Driver/Src/stm32f3xx_ll_gpio.o
 .debug_info    0x0000000000006f60      0x704 Drivers/STM32F3xx_HAL_Driver/Src/stm32f3xx_ll_rcc.o
 .debug_info    0x0000000000007664      0xf9d Drivers/STM32F3xx_HAL_Driver/Src/stm32f3xx_ll_tim.o
 .debug_info    0x0000000000008601      0x6bf Drivers/STM32F3xx_HAL_Driver/Src/stm32f3xx_ll_usart.o
 .debug_info    0x0000000000008cc0      0x813 Drivers/STM32F3xx_HAL_Driver/Src/stm32f3xx_ll_utils.o

.debug_abbrev   0x0000000000000000     0x1ed0
 .debug_abbrev  0x0000000000000000      0x46a Core/Src/SignalAdjuster.o
 .debug_abbrev  0x000000000000046a      0x3b9 Core/Src/cppmain.o
 .debug_abbrev  0x0000000000000823      0x15e Core/Src/dac.o
 .debug_abbrev  0x0000000000000981      0x12f Core/Src/gpio.o
 .debug_abbrev  0x0000000000000ab0      0x1db Core/Src/main.o
 .debug_abbrev  0x0000000000000c8b      0x152 Core/Src/stm32f3xx_it.o
 .debug_abbrev  0x0000000000000ddd      0x111 Core/Src/system_stm32f3xx.o
 .debug_abbrev  0x0000000000000eee      0x1d8 Core/Src/tim.o
 .debug_abbrev  0x00000000000010c6      0x1e7 Core/Src/usart.o
 .debug_abbrev  0x00000000000012ad       0x12 Core/Startup/startup_stm32f303k8tx.o
 .debug_abbrev  0x00000000000012bf      0x186 Drivers/STM32F3xx_HAL_Driver/Src/stm32f3xx_ll_dac.o
 .debug_abbrev  0x0000000000001445      0x212 Drivers/STM32F3xx_HAL_Driver/Src/stm32f3xx_ll_gpio.o
 .debug_abbrev  0x0000000000001657      0x238 Drivers/STM32F3xx_HAL_Driver/Src/stm32f3xx_ll_rcc.o
 .debug_abbrev  0x000000000000188f      0x1ff Drivers/STM32F3xx_HAL_Driver/Src/stm32f3xx_ll_tim.o
 .debug_abbrev  0x0000000000001a8e      0x1b1 Drivers/STM32F3xx_HAL_Driver/Src/stm32f3xx_ll_usart.o
 .debug_abbrev  0x0000000000001c3f      0x291 Drivers/STM32F3xx_HAL_Driver/Src/stm32f3xx_ll_utils.o

.debug_aranges  0x0000000000000000      0x880
 .debug_aranges
                0x0000000000000000       0xe0 Core/Src/SignalAdjuster.o
 .debug_aranges
                0x00000000000000e0       0x70 Core/Src/cppmain.o
 .debug_aranges
                0x0000000000000150       0x38 Core/Src/dac.o
 .debug_aranges
                0x0000000000000188       0x28 Core/Src/gpio.o
 .debug_aranges
                0x00000000000001b0       0xa8 Core/Src/main.o
 .debug_aranges
                0x0000000000000258       0x88 Core/Src/stm32f3xx_it.o
 .debug_aranges
                0x00000000000002e0       0x28 Core/Src/system_stm32f3xx.o
 .debug_aranges
                0x0000000000000308       0x70 Core/Src/tim.o
 .debug_aranges
                0x0000000000000378       0x68 Core/Src/usart.o
 .debug_aranges
                0x00000000000003e0       0x28 Core/Startup/startup_stm32f303k8tx.o
 .debug_aranges
                0x0000000000000408       0x48 Drivers/STM32F3xx_HAL_Driver/Src/stm32f3xx_ll_dac.o
 .debug_aranges
                0x0000000000000450       0x70 Drivers/STM32F3xx_HAL_Driver/Src/stm32f3xx_ll_gpio.o
 .debug_aranges
                0x00000000000004c0      0x100 Drivers/STM32F3xx_HAL_Driver/Src/stm32f3xx_ll_rcc.o
 .debug_aranges
                0x00000000000005c0      0x148 Drivers/STM32F3xx_HAL_Driver/Src/stm32f3xx_ll_tim.o
 .debug_aranges
                0x0000000000000708       0x88 Drivers/STM32F3xx_HAL_Driver/Src/stm32f3xx_ll_usart.o
 .debug_aranges
                0x0000000000000790       0xf0 Drivers/STM32F3xx_HAL_Driver/Src/stm32f3xx_ll_utils.o

.debug_ranges   0x0000000000000000      0x788
 .debug_ranges  0x0000000000000000       0xd0 Core/Src/SignalAdjuster.o
 .debug_ranges  0x00000000000000d0       0x60 Core/Src/cppmain.o
 .debug_ranges  0x0000000000000130       0x28 Core/Src/dac.o
 .debug_ranges  0x0000000000000158       0x18 Core/Src/gpio.o
 .debug_ranges  0x0000000000000170       0x98 Core/Src/main.o
 .debug_ranges  0x0000000000000208       0x78 Core/Src/stm32f3xx_it.o
 .debug_ranges  0x0000000000000280       0x18 Core/Src/system_stm32f3xx.o
 .debug_ranges  0x0000000000000298       0x60 Core/Src/tim.o
 .debug_ranges  0x00000000000002f8       0x58 Core/Src/usart.o
 .debug_ranges  0x0000000000000350       0x20 Core/Startup/startup_stm32f303k8tx.o
 .debug_ranges  0x0000000000000370       0x38 Drivers/STM32F3xx_HAL_Driver/Src/stm32f3xx_ll_dac.o
 .debug_ranges  0x00000000000003a8       0x60 Drivers/STM32F3xx_HAL_Driver/Src/stm32f3xx_ll_gpio.o
 .debug_ranges  0x0000000000000408       0xf0 Drivers/STM32F3xx_HAL_Driver/Src/stm32f3xx_ll_rcc.o
 .debug_ranges  0x00000000000004f8      0x138 Drivers/STM32F3xx_HAL_Driver/Src/stm32f3xx_ll_tim.o
 .debug_ranges  0x0000000000000630       0x78 Drivers/STM32F3xx_HAL_Driver/Src/stm32f3xx_ll_usart.o
 .debug_ranges  0x00000000000006a8       0xe0 Drivers/STM32F3xx_HAL_Driver/Src/stm32f3xx_ll_utils.o

.debug_macro    0x0000000000000000    0x19ac1
 .debug_macro   0x0000000000000000      0x28c Core/Src/SignalAdjuster.o
 .debug_macro   0x000000000000028c      0xb62 Core/Src/SignalAdjuster.o
 .debug_macro   0x0000000000000dee       0x2e Core/Src/SignalAdjuster.o
 .debug_macro   0x0000000000000e1c       0x28 Core/Src/SignalAdjuster.o
 .debug_macro   0x0000000000000e44       0x1c Core/Src/SignalAdjuster.o
 .debug_macro   0x0000000000000e60       0x22 Core/Src/SignalAdjuster.o
 .debug_macro   0x0000000000000e82       0x8e Core/Src/SignalAdjuster.o
 .debug_macro   0x0000000000000f10       0x51 Core/Src/SignalAdjuster.o
 .debug_macro   0x0000000000000f61       0xef Core/Src/SignalAdjuster.o
 .debug_macro   0x0000000000001050       0x6a Core/Src/SignalAdjuster.o
 .debug_macro   0x00000000000010ba      0x1df Core/Src/SignalAdjuster.o
 .debug_macro   0x0000000000001299       0x1c Core/Src/SignalAdjuster.o
 .debug_macro   0x00000000000012b5       0x22 Core/Src/SignalAdjuster.o
 .debug_macro   0x00000000000012d7       0xdf Core/Src/SignalAdjuster.o
 .debug_macro   0x00000000000013b6      0xf07 Core/Src/SignalAdjuster.o
 .debug_macro   0x00000000000022bd    0x10bd9 Core/Src/SignalAdjuster.o
 .debug_macro   0x0000000000012e96       0x43 Core/Src/SignalAdjuster.o
 .debug_macro   0x0000000000012ed9      0x229 Core/Src/SignalAdjuster.o
 .debug_macro   0x0000000000013102      0x4c2 Core/Src/SignalAdjuster.o
 .debug_macro   0x00000000000135c4       0xe1 Core/Src/SignalAdjuster.o
 .debug_macro   0x00000000000136a5      0x29f Core/Src/SignalAdjuster.o
 .debug_macro   0x0000000000013944       0xfe Core/Src/SignalAdjuster.o
 .debug_macro   0x0000000000013a42       0x28 Core/Src/SignalAdjuster.o
 .debug_macro   0x0000000000013a6a       0x30 Core/Src/SignalAdjuster.o
 .debug_macro   0x0000000000013a9a       0xa8 Core/Src/SignalAdjuster.o
 .debug_macro   0x0000000000013b42      0x287 Core/Src/SignalAdjuster.o
 .debug_macro   0x0000000000013dc9      0x803 Core/Src/SignalAdjuster.o
 .debug_macro   0x00000000000145cc      0x2f7 Core/Src/SignalAdjuster.o
 .debug_macro   0x00000000000148c3      0x142 Core/Src/SignalAdjuster.o
 .debug_macro   0x0000000000014a05       0x46 Core/Src/SignalAdjuster.o
 .debug_macro   0x0000000000014a4b      0x168 Core/Src/SignalAdjuster.o
 .debug_macro   0x0000000000014bb3       0x10 Core/Src/SignalAdjuster.o
 .debug_macro   0x0000000000014bc3      0x3f4 Core/Src/SignalAdjuster.o
 .debug_macro   0x0000000000014fb7       0x18 Core/Src/SignalAdjuster.o
 .debug_macro   0x0000000000014fcf       0x46 Core/Src/SignalAdjuster.o
 .debug_macro   0x0000000000015015       0x18 Core/Src/SignalAdjuster.o
 .debug_macro   0x000000000001502d       0x3c Core/Src/SignalAdjuster.o
 .debug_macro   0x0000000000015069       0x34 Core/Src/SignalAdjuster.o
 .debug_macro   0x000000000001509d      0x17b Core/Src/SignalAdjuster.o
 .debug_macro   0x0000000000015218       0x52 Core/Src/SignalAdjuster.o
 .debug_macro   0x000000000001526a       0x1f Core/Src/SignalAdjuster.o
 .debug_macro   0x0000000000015289       0x43 Core/Src/SignalAdjuster.o
 .debug_macro   0x00000000000152cc       0x20 Core/Src/SignalAdjuster.o
 .debug_macro   0x00000000000152ec      0x1a3 Core/Src/SignalAdjuster.o
 .debug_macro   0x000000000001548f      0x34d Core/Src/SignalAdjuster.o
 .debug_macro   0x00000000000157dc      0x1da Core/Src/SignalAdjuster.o
 .debug_macro   0x00000000000159b6       0x10 Core/Src/SignalAdjuster.o
 .debug_macro   0x00000000000159c6       0x16 Core/Src/SignalAdjuster.o
 .debug_macro   0x00000000000159dc       0x35 Core/Src/SignalAdjuster.o
 .debug_macro   0x0000000000015a11       0x16 Core/Src/SignalAdjuster.o
 .debug_macro   0x0000000000015a27       0x29 Core/Src/SignalAdjuster.o
 .debug_macro   0x0000000000015a50       0x10 Core/Src/SignalAdjuster.o
 .debug_macro   0x0000000000015a60      0x3c7 Core/Src/SignalAdjuster.o
 .debug_macro   0x0000000000015e27       0x22 Core/Src/SignalAdjuster.o
 .debug_macro   0x0000000000015e49      0x29a Core/Src/cppmain.o
 .debug_macro   0x00000000000160e3      0x148 Core/Src/dac.o
 .debug_macro   0x000000000001622b      0xa90 Core/Src/dac.o
 .debug_macro   0x0000000000016cbb      0xf07 Core/Src/dac.o
 .debug_macro   0x0000000000017bc2      0x148 Core/Src/gpio.o
 .debug_macro   0x0000000000017d0a      0x174 Core/Src/main.o
 .debug_macro   0x0000000000017e7e      0x148 Core/Src/stm32f3xx_it.o
 .debug_macro   0x0000000000017fc6       0xc3 Core/Src/system_stm32f3xx.o
 .debug_macro   0x0000000000018089      0x148 Core/Src/tim.o
 .debug_macro   0x00000000000181d1      0x148 Core/Src/usart.o
 .debug_macro   0x0000000000018319       0xfc Drivers/STM32F3xx_HAL_Driver/Src/stm32f3xx_ll_dac.o
 .debug_macro   0x0000000000018415       0xff Drivers/STM32F3xx_HAL_Driver/Src/stm32f3xx_ll_gpio.o
 .debug_macro   0x0000000000018514      0x13c Drivers/STM32F3xx_HAL_Driver/Src/stm32f3xx_ll_gpio.o
 .debug_macro   0x0000000000018650       0xf1 Drivers/STM32F3xx_HAL_Driver/Src/stm32f3xx_ll_rcc.o
 .debug_macro   0x0000000000018741      0x4bc Drivers/STM32F3xx_HAL_Driver/Src/stm32f3xx_ll_rcc.o
 .debug_macro   0x0000000000018bfd      0x169 Drivers/STM32F3xx_HAL_Driver/Src/stm32f3xx_ll_tim.o
 .debug_macro   0x0000000000018d66      0x7fd Drivers/STM32F3xx_HAL_Driver/Src/stm32f3xx_ll_tim.o
 .debug_macro   0x0000000000019563      0x132 Drivers/STM32F3xx_HAL_Driver/Src/stm32f3xx_ll_usart.o
 .debug_macro   0x0000000000019695      0x2f1 Drivers/STM32F3xx_HAL_Driver/Src/stm32f3xx_ll_usart.o
 .debug_macro   0x0000000000019986      0x13b Drivers/STM32F3xx_HAL_Driver/Src/stm32f3xx_ll_utils.o

.debug_line     0x0000000000000000     0x6ecd
 .debug_line    0x0000000000000000      0xd72 Core/Src/SignalAdjuster.o
 .debug_line    0x0000000000000d72      0xbc5 Core/Src/cppmain.o
 .debug_line    0x0000000000001937      0x5e5 Core/Src/dac.o
 .debug_line    0x0000000000001f1c      0x5b1 Core/Src/gpio.o
 .debug_line    0x00000000000024cd      0x753 Core/Src/main.o
 .debug_line    0x0000000000002c20      0x6d8 Core/Src/stm32f3xx_it.o
 .debug_line    0x00000000000032f8      0x47a Core/Src/system_stm32f3xx.o
 .debug_line    0x0000000000003772      0x695 Core/Src/tim.o
 .debug_line    0x0000000000003e07      0x691 Core/Src/usart.o
 .debug_line    0x0000000000004498       0x85 Core/Startup/startup_stm32f303k8tx.o
 .debug_line    0x000000000000451d      0x533 Drivers/STM32F3xx_HAL_Driver/Src/stm32f3xx_ll_dac.o
 .debug_line    0x0000000000004a50      0x669 Drivers/STM32F3xx_HAL_Driver/Src/stm32f3xx_ll_gpio.o
 .debug_line    0x00000000000050b9      0x73d Drivers/STM32F3xx_HAL_Driver/Src/stm32f3xx_ll_rcc.o
 .debug_line    0x00000000000057f6      0x959 Drivers/STM32F3xx_HAL_Driver/Src/stm32f3xx_ll_tim.o
 .debug_line    0x000000000000614f      0x622 Drivers/STM32F3xx_HAL_Driver/Src/stm32f3xx_ll_usart.o
 .debug_line    0x0000000000006771      0x75c Drivers/STM32F3xx_HAL_Driver/Src/stm32f3xx_ll_utils.o

.debug_str      0x0000000000000000    0x7d3ad
 .debug_str     0x0000000000000000    0x77e43 Core/Src/SignalAdjuster.o
                                      0x78219 (size before relaxing)
 .debug_str     0x0000000000077e43      0x136 Core/Src/cppmain.o
                                      0x77f29 (size before relaxing)
 .debug_str     0x0000000000077f79      0x356 Core/Src/dac.o
                                      0x720bd (size before relaxing)
 .debug_str     0x00000000000782cf       0x2a Core/Src/gpio.o
                                      0x71f38 (size before relaxing)
 .debug_str     0x00000000000782f9      0x243 Core/Src/main.o
                                      0x721b8 (size before relaxing)
 .debug_str     0x000000000007853c      0x105 Core/Src/stm32f3xx_it.o
                                      0x7206a (size before relaxing)
 .debug_str     0x0000000000078641       0x73 Core/Src/system_stm32f3xx.o
                                      0x65244 (size before relaxing)
 .debug_str     0x00000000000786b4      0x3ff Core/Src/tim.o
                                      0x7251e (size before relaxing)
 .debug_str     0x0000000000078ab3       0xdb Core/Src/usart.o
                                      0x72533 (size before relaxing)
 .debug_str     0x0000000000078b8e       0x36 Core/Startup/startup_stm32f303k8tx.o
                                         0xb1 (size before relaxing)
 .debug_str     0x0000000000078bc4      0xbd6 Drivers/STM32F3xx_HAL_Driver/Src/stm32f3xx_ll_dac.o
                                      0x6778a (size before relaxing)
 .debug_str     0x000000000007979a      0x634 Drivers/STM32F3xx_HAL_Driver/Src/stm32f3xx_ll_gpio.o
                                      0x66593 (size before relaxing)
 .debug_str     0x0000000000079dce      0x4f2 Drivers/STM32F3xx_HAL_Driver/Src/stm32f3xx_ll_rcc.o
                                      0x679e5 (size before relaxing)
 .debug_str     0x000000000007a2c0     0x1c04 Drivers/STM32F3xx_HAL_Driver/Src/stm32f3xx_ll_tim.o
                                      0x6b4e3 (size before relaxing)
 .debug_str     0x000000000007bec4      0x849 Drivers/STM32F3xx_HAL_Driver/Src/stm32f3xx_ll_usart.o
                                      0x694fa (size before relaxing)
 .debug_str     0x000000000007c70d      0xca0 Drivers/STM32F3xx_HAL_Driver/Src/stm32f3xx_ll_utils.o
                                      0x6a255 (size before relaxing)

.comment        0x0000000000000000       0x7b
 .comment       0x0000000000000000       0x7b Core/Src/SignalAdjuster.o
                                         0x7c (size before relaxing)
 .comment       0x000000000000007b       0x7c Core/Src/cppmain.o
 .comment       0x000000000000007b       0x7c Core/Src/dac.o
 .comment       0x000000000000007b       0x7c Core/Src/gpio.o
 .comment       0x000000000000007b       0x7c Core/Src/main.o
 .comment       0x000000000000007b       0x7c Core/Src/stm32f3xx_it.o
 .comment       0x000000000000007b       0x7c Core/Src/system_stm32f3xx.o
 .comment       0x000000000000007b       0x7c Core/Src/tim.o
 .comment       0x000000000000007b       0x7c Core/Src/usart.o
 .comment       0x000000000000007b       0x7c Drivers/STM32F3xx_HAL_Driver/Src/stm32f3xx_ll_dac.o
 .comment       0x000000000000007b       0x7c Drivers/STM32F3xx_HAL_Driver/Src/stm32f3xx_ll_gpio.o
 .comment       0x000000000000007b       0x7c Drivers/STM32F3xx_HAL_Driver/Src/stm32f3xx_ll_rcc.o
 .comment       0x000000000000007b       0x7c Drivers/STM32F3xx_HAL_Driver/Src/stm32f3xx_ll_tim.o
 .comment       0x000000000000007b       0x7c Drivers/STM32F3xx_HAL_Driver/Src/stm32f3xx_ll_usart.o
 .comment       0x000000000000007b       0x7c Drivers/STM32F3xx_HAL_Driver/Src/stm32f3xx_ll_utils.o

.debug_frame    0x0000000000000000     0x2164
 .debug_frame   0x0000000000000000      0x3d8 Core/Src/SignalAdjuster.o
 .debug_frame   0x00000000000003d8      0x198 Core/Src/cppmain.o
 .debug_frame   0x0000000000000570       0xac Core/Src/dac.o
 .debug_frame   0x000000000000061c       0x54 Core/Src/gpio.o
 .debug_frame   0x0000000000000670      0x2a0 Core/Src/main.o
 .debug_frame   0x0000000000000910      0x1c0 Core/Src/stm32f3xx_it.o
 .debug_frame   0x0000000000000ad0       0x58 Core/Src/system_stm32f3xx.o
 .debug_frame   0x0000000000000b28      0x1bc Core/Src/tim.o
 .debug_frame   0x0000000000000ce4      0x194 Core/Src/usart.o
 .debug_frame   0x0000000000000e78       0xf8 Drivers/STM32F3xx_HAL_Driver/Src/stm32f3xx_ll_dac.o
 .debug_frame   0x0000000000000f70      0x1c0 Drivers/STM32F3xx_HAL_Driver/Src/stm32f3xx_ll_gpio.o
 .debug_frame   0x0000000000001130      0x408 Drivers/STM32F3xx_HAL_Driver/Src/stm32f3xx_ll_rcc.o
 .debug_frame   0x0000000000001538      0x5d0 Drivers/STM32F3xx_HAL_Driver/Src/stm32f3xx_ll_tim.o
 .debug_frame   0x0000000000001b08      0x234 Drivers/STM32F3xx_HAL_Driver/Src/stm32f3xx_ll_usart.o
 .debug_frame   0x0000000000001d3c      0x3dc Drivers/STM32F3xx_HAL_Driver/Src/stm32f3xx_ll_utils.o
 .debug_frame   0x0000000000002118       0x20 c:/st/stm32cubeide_1.0.2/stm32cubeide/plugins/com.st.stm32cube.ide.mcu.externaltools.gnu-tools-for-stm32.7-2018-q2-update.win32_1.0.0.201904181610/tools/bin/../lib/gcc/arm-none-eabi/7.3.1/../../../../arm-none-eabi/lib/thumb/v7e-m/fpv4-sp/hard\libm.a(lib_a-sf_floor.o)
 .debug_frame   0x0000000000002138       0x2c c:/st/stm32cubeide_1.0.2/stm32cubeide/plugins/com.st.stm32cube.ide.mcu.externaltools.gnu-tools-for-stm32.7-2018-q2-update.win32_1.0.0.201904181610/tools/bin/../lib/gcc/arm-none-eabi/7.3.1/../../../../arm-none-eabi/lib/thumb/v7e-m/fpv4-sp/hard\libc_nano.a(lib_a-init.o)
