Archive member included to satisfy reference by file (symbol)

c:/st/stm32cubeide_1.0.2/stm32cubeide/plugins/com.st.stm32cube.ide.mcu.externaltools.gnu-tools-for-stm32.7-2018-q2-update.win32_1.0.0.201904181610/tools/bin/../lib/gcc/arm-none-eabi/7.3.1/../../../../arm-none-eabi/lib/thumb/v7e-m/fpv4-sp/hard\libm.a(lib_a-sf_cos.o)
                              Core/Src/SignalAdjuster.o (cosf)
c:/st/stm32cubeide_1.0.2/stm32cubeide/plugins/com.st.stm32cube.ide.mcu.externaltools.gnu-tools-for-stm32.7-2018-q2-update.win32_1.0.0.201904181610/tools/bin/../lib/gcc/arm-none-eabi/7.3.1/../../../../arm-none-eabi/lib/thumb/v7e-m/fpv4-sp/hard\libm.a(lib_a-sf_floor.o)
                              Core/Src/SignalAdjuster.o (floorf)
c:/st/stm32cubeide_1.0.2/stm32cubeide/plugins/com.st.stm32cube.ide.mcu.externaltools.gnu-tools-for-stm32.7-2018-q2-update.win32_1.0.0.201904181610/tools/bin/../lib/gcc/arm-none-eabi/7.3.1/../../../../arm-none-eabi/lib/thumb/v7e-m/fpv4-sp/hard\libm.a(lib_a-sf_sin.o)
                              Core/Src/SignalAdjuster.o (sinf)
c:/st/stm32cubeide_1.0.2/stm32cubeide/plugins/com.st.stm32cube.ide.mcu.externaltools.gnu-tools-for-stm32.7-2018-q2-update.win32_1.0.0.201904181610/tools/bin/../lib/gcc/arm-none-eabi/7.3.1/../../../../arm-none-eabi/lib/thumb/v7e-m/fpv4-sp/hard\libm.a(lib_a-ef_rem_pio2.o)
                              c:/st/stm32cubeide_1.0.2/stm32cubeide/plugins/com.st.stm32cube.ide.mcu.externaltools.gnu-tools-for-stm32.7-2018-q2-update.win32_1.0.0.201904181610/tools/bin/../lib/gcc/arm-none-eabi/7.3.1/../../../../arm-none-eabi/lib/thumb/v7e-m/fpv4-sp/hard\libm.a(lib_a-sf_cos.o) (__ieee754_rem_pio2f)
c:/st/stm32cubeide_1.0.2/stm32cubeide/plugins/com.st.stm32cube.ide.mcu.externaltools.gnu-tools-for-stm32.7-2018-q2-update.win32_1.0.0.201904181610/tools/bin/../lib/gcc/arm-none-eabi/7.3.1/../../../../arm-none-eabi/lib/thumb/v7e-m/fpv4-sp/hard\libm.a(lib_a-kf_cos.o)
                              c:/st/stm32cubeide_1.0.2/stm32cubeide/plugins/com.st.stm32cube.ide.mcu.externaltools.gnu-tools-for-stm32.7-2018-q2-update.win32_1.0.0.201904181610/tools/bin/../lib/gcc/arm-none-eabi/7.3.1/../../../../arm-none-eabi/lib/thumb/v7e-m/fpv4-sp/hard\libm.a(lib_a-sf_cos.o) (__kernel_cosf)
c:/st/stm32cubeide_1.0.2/stm32cubeide/plugins/com.st.stm32cube.ide.mcu.externaltools.gnu-tools-for-stm32.7-2018-q2-update.win32_1.0.0.201904181610/tools/bin/../lib/gcc/arm-none-eabi/7.3.1/../../../../arm-none-eabi/lib/thumb/v7e-m/fpv4-sp/hard\libm.a(lib_a-kf_rem_pio2.o)
                              c:/st/stm32cubeide_1.0.2/stm32cubeide/plugins/com.st.stm32cube.ide.mcu.externaltools.gnu-tools-for-stm32.7-2018-q2-update.win32_1.0.0.201904181610/tools/bin/../lib/gcc/arm-none-eabi/7.3.1/../../../../arm-none-eabi/lib/thumb/v7e-m/fpv4-sp/hard\libm.a(lib_a-ef_rem_pio2.o) (__kernel_rem_pio2f)
c:/st/stm32cubeide_1.0.2/stm32cubeide/plugins/com.st.stm32cube.ide.mcu.externaltools.gnu-tools-for-stm32.7-2018-q2-update.win32_1.0.0.201904181610/tools/bin/../lib/gcc/arm-none-eabi/7.3.1/../../../../arm-none-eabi/lib/thumb/v7e-m/fpv4-sp/hard\libm.a(lib_a-kf_sin.o)
                              c:/st/stm32cubeide_1.0.2/stm32cubeide/plugins/com.st.stm32cube.ide.mcu.externaltools.gnu-tools-for-stm32.7-2018-q2-update.win32_1.0.0.201904181610/tools/bin/../lib/gcc/arm-none-eabi/7.3.1/../../../../arm-none-eabi/lib/thumb/v7e-m/fpv4-sp/hard\libm.a(lib_a-sf_cos.o) (__kernel_sinf)
c:/st/stm32cubeide_1.0.2/stm32cubeide/plugins/com.st.stm32cube.ide.mcu.externaltools.gnu-tools-for-stm32.7-2018-q2-update.win32_1.0.0.201904181610/tools/bin/../lib/gcc/arm-none-eabi/7.3.1/../../../../arm-none-eabi/lib/thumb/v7e-m/fpv4-sp/hard\libm.a(lib_a-sf_fabs.o)
                              c:/st/stm32cubeide_1.0.2/stm32cubeide/plugins/com.st.stm32cube.ide.mcu.externaltools.gnu-tools-for-stm32.7-2018-q2-update.win32_1.0.0.201904181610/tools/bin/../lib/gcc/arm-none-eabi/7.3.1/../../../../arm-none-eabi/lib/thumb/v7e-m/fpv4-sp/hard\libm.a(lib_a-ef_rem_pio2.o) (fabsf)
c:/st/stm32cubeide_1.0.2/stm32cubeide/plugins/com.st.stm32cube.ide.mcu.externaltools.gnu-tools-for-stm32.7-2018-q2-update.win32_1.0.0.201904181610/tools/bin/../lib/gcc/arm-none-eabi/7.3.1/../../../../arm-none-eabi/lib/thumb/v7e-m/fpv4-sp/hard\libm.a(lib_a-sf_scalbn.o)
                              c:/st/stm32cubeide_1.0.2/stm32cubeide/plugins/com.st.stm32cube.ide.mcu.externaltools.gnu-tools-for-stm32.7-2018-q2-update.win32_1.0.0.201904181610/tools/bin/../lib/gcc/arm-none-eabi/7.3.1/../../../../arm-none-eabi/lib/thumb/v7e-m/fpv4-sp/hard\libm.a(lib_a-kf_rem_pio2.o) (scalbnf)
c:/st/stm32cubeide_1.0.2/stm32cubeide/plugins/com.st.stm32cube.ide.mcu.externaltools.gnu-tools-for-stm32.7-2018-q2-update.win32_1.0.0.201904181610/tools/bin/../lib/gcc/arm-none-eabi/7.3.1/../../../../arm-none-eabi/lib/thumb/v7e-m/fpv4-sp/hard\libm.a(lib_a-sf_copysign.o)
[...]
Memory Configuration

Name             Origin             Length             Attributes
CCMRAM           0x0000000010000000 0x0000000000001000 xrw
RAM              0x0000000020000000 0x0000000000003000 xrw
FLASH            0x0000000008000000 0x0000000000010000 xr
*default*        0x0000000000000000 0xffffffffffffffff

Linker script and memory map

LOAD c:/st/stm32cubeide_1.0.2/stm32cubeide/plugins/com.st.stm32cube.ide.mcu.externaltools.gnu-tools-for-stm32.7-2018-q2-update.win32_1.0.0.201904181610/tools/bin/../lib/gcc/arm-none-eabi/7.3.1/thumb/v7e-m/fpv4-sp/hard/crti.o
LOAD c:/st/stm32cubeide_1.0.2/stm32cubeide/plugins/com.st.stm32cube.ide.mcu.externaltools.gnu-tools-for-stm32.7-2018-q2-update.win32_1.0.0.201904181610/tools/bin/../lib/gcc/arm-none-eabi/7.3.1/thumb/v7e-m/fpv4-sp/hard/crtbegin.o
LOAD c:/st/stm32cubeide_1.0.2/stm32cubeide/plugins/com.st.stm32cube.ide.mcu.externaltools.gnu-tools-for-stm32.7-2018-q2-update.win32_1.0.0.201904181610/tools/bin/../lib/gcc/arm-none-eabi/7.3.1/../../../../arm-none-eabi/lib/thumb/v7e-m/fpv4-sp/hard/crt0.o
LOAD Core/Src/SignalAdjuster.o
LOAD Core/Src/cppmain.o
LOAD Core/Src/dac.o
LOAD Core/Src/gpio.o
LOAD Core/Src/main.o
LOAD Core/Src/stm32f3xx_it.o
LOAD Core/Src/sys.o
LOAD Core/Src/syscalls.o
LOAD Core/Src/sysmem.o
LOAD Core/Src/system_stm32f3xx.o
LOAD Core/Src/tim.o
LOAD Core/Src/usart.o
LOAD Core/Startup/startup_stm32f303k8tx.o
LOAD Drivers/STM32F3xx_HAL_Driver/Src/stm32f3xx_ll_dac.o
LOAD Drivers/STM32F3xx_HAL_Driver/Src/stm32f3xx_ll_dma.o
LOAD Drivers/STM32F3xx_HAL_Driver/Src/stm32f3xx_ll_exti.o
LOAD Drivers/STM32F3xx_HAL_Driver/Src/stm32f3xx_ll_gpio.o
LOAD Drivers/STM32F3xx_HAL_Driver/Src/stm32f3xx_ll_rcc.o
LOAD Drivers/STM32F3xx_HAL_Driver/Src/stm32f3xx_ll_tim.o
LOAD Drivers/STM32F3xx_HAL_Driver/Src/stm32f3xx_ll_usart.o
LOAD Drivers/STM32F3xx_HAL_Driver/Src/stm32f3xx_ll_utils.o
START GROUP
LOAD c:/st/stm32cubeide_1.0.2/stm32cubeide/plugins/com.st.stm32cube.ide.mcu.externaltools.gnu-tools-for-stm32.7-2018-q2-update.win32_1.0.0.201904181610/tools/bin/../lib/gcc/arm-none-eabi/7.3.1/../../../../arm-none-eabi/lib/thumb/v7e-m/fpv4-sp/hard\libstdc++_nano.a
LOAD c:/st/stm32cubeide_1.0.2/stm32cubeide/plugins/com.st.stm32cube.ide.mcu.externaltools.gnu-tools-for-stm32.7-2018-q2-update.win32_1.0.0.201904181610/tools/bin/../lib/gcc/arm-none-eabi/7.3.1/../../../../arm-none-eabi/lib/thumb/v7e-m/fpv4-sp/hard\libsupc++_nano.a
END GROUP
LOAD c:/st/stm32cubeide_1.0.2/stm32cubeide/plugins/com.st.stm32cube.ide.mcu.externaltools.gnu-tools-for-stm32.7-2018-q2-update.win32_1.0.0.201904181610/tools/bin/../lib/gcc/arm-none-eabi/7.3.1/../../../../arm-none-eabi/lib/thumb/v7e-m/fpv4-sp/hard\libstdc++_nano.a
LOAD c:/st/stm32cubeide_1.0.2/stm32cubeide/plugins/com.st.stm32cube.ide.mcu.externaltools.gnu-tools-for-stm32.7-2018-q2-update.win32_1.0.0.201904181610/tools/bin/../lib/gcc/arm-none-eabi/7.3.1/../../../../arm-none-eabi/lib/thumb/v7e-m/fpv4-sp/hard\libm.a
LOAD c:/st/stm32cubeide_1.0.2/stm32cubeide/plugins/com.st.stm32cube.ide.mcu.externaltools.gnu-tools-for-stm32.7-2018-q2-update.win32_1.0.0.201904181610/tools/bin/../lib/gcc/arm-none-eabi/7.3.1/../../../../arm-none-eabi/lib/thumb/v7e-m/fpv4-sp/hard\libc_nano.a
START GROUP
LOAD c:/st/stm32cubeide_1.0.2/stm32cubeide/plugins/com.st.stm32cube.ide.mcu.externaltools.gnu-tools-for-stm32.7-2018-q2-update.win32_1.0.0.201904181610/tools/bin/../lib/gcc/arm-none-eabi/7.3.1/thumb/v7e-m/fpv4-sp/hard\libgcc.a
LOAD c:/st/stm32cubeide_1.0.2/stm32cubeide/plugins/com.st.stm32cube.ide.mcu.externaltools.gnu-tools-for-stm32.7-2018-q2-update.win32_1.0.0.201904181610/tools/bin/../lib/gcc/arm-none-eabi/7.3.1/../../../../arm-none-eabi/lib/thumb/v7e-m/fpv4-sp/hard\libc_nano.a
END GROUP
START GROUP
LOAD c:/st/stm32cubeide_1.0.2/stm32cubeide/plugins/com.st.stm32cube.ide.mcu.externaltools.gnu-tools-for-stm32.7-2018-q2-update.win32_1.0.0.201904181610/tools/bin/../lib/gcc/arm-none-eabi/7.3.1/thumb/v7e-m/fpv4-sp/hard\libgcc.a
LOAD c:/st/stm32cubeide_1.0.2/stm32cubeide/plugins/com.st.stm32cube.ide.mcu.externaltools.gnu-tools-for-stm32.7-2018-q2-update.win32_1.0.0.201904181610/tools/bin/../lib/gcc/arm-none-eabi/7.3.1/../../../../arm-none-eabi/lib/thumb/v7e-m/fpv4-sp/hard\libc_nano.a
LOAD c:/st/stm32cubeide_1.0.2/stm32cubeide/plugins/com.st.stm32cube.ide.mcu.externaltools.gnu-tools-for-stm32.7-2018-q2-update.win32_1.0.0.201904181610/tools/bin/../lib/gcc/arm-none-eabi/7.3.1/../../../../arm-none-eabi/lib/thumb/v7e-m/fpv4-sp/hard\libnosys.a
END GROUP
START GROUP
LOAD c:/st/stm32cubeide_1.0.2/stm32cubeide/plugins/com.st.stm32cube.ide.mcu.externaltools.gnu-tools-for-stm32.7-2018-q2-update.win32_1.0.0.201904181610/tools/bin/../lib/gcc/arm-none-eabi/7.3.1/thumb/v7e-m/fpv4-sp/hard\libgcc.a
LOAD c:/st/stm32cubeide_1.0.2/stm32cubeide/plugins/com.st.stm32cube.ide.mcu.externaltools.gnu-tools-for-stm32.7-2018-q2-update.win32_1.0.0.201904181610/tools/bin/../lib/gcc/arm-none-eabi/7.3.1/../../../../arm-none-eabi/lib/thumb/v7e-m/fpv4-sp/hard\libc_nano.a
LOAD c:/st/stm32cubeide_1.0.2/stm32cubeide/plugins/com.st.stm32cube.ide.mcu.externaltools.gnu-tools-for-stm32.7-2018-q2-update.win32_1.0.0.201904181610/tools/bin/../lib/gcc/arm-none-eabi/7.3.1/../../../../arm-none-eabi/lib/thumb/v7e-m/fpv4-sp/hard\libnosys.a
END GROUP
LOAD c:/st/stm32cubeide_1.0.2/stm32cubeide/plugins/com.st.stm32cube.ide.mcu.externaltools.gnu-tools-for-stm32.7-2018-q2-update.win32_1.0.0.201904181610/tools/bin/../lib/gcc/arm-none-eabi/7.3.1/thumb/v7e-m/fpv4-sp/hard/crtend.o
LOAD c:/st/stm32cubeide_1.0.2/stm32cubeide/plugins/com.st.stm32cube.ide.mcu.externaltools.gnu-tools-for-stm32.7-2018-q2-update.win32_1.0.0.201904181610/tools/bin/../lib/gcc/arm-none-eabi/7.3.1/thumb/v7e-m/fpv4-sp/hard/crtn.o
                0x0000000020003000                _estack = (ORIGIN (RAM) + LENGTH (RAM))
                0x0000000000000200                _Min_Heap_Size = 0x200
                0x0000000000000400                _Min_Stack_Size = 0x400

.isr_vector     0x0000000008000000      0x188
                0x0000000008000000                . = ALIGN (0x4)
 *(.isr_vector)
 .isr_vector    0x0000000008000000      0x188 Core/Startup/startup_stm32f303k8tx.o
                0x0000000008000000                g_pfnVectors
                0x0000000008000188                . = ALIGN (0x4)

.text           0x0000000008000188     0x3004
                0x0000000008000188                . = ALIGN (0x4)
 *(.text)
 .text          0x0000000008000188       0x40 c:/st/stm32cubeide_1.0.2/stm32cubeide/plugins/com.st.stm32cube.ide.mcu.externaltools.gnu-tools-for-stm32.7-2018-q2-update.win32_1.0.0.201904181610/tools/bin/../lib/gcc/arm-none-eabi/7.3.1/thumb/v7e-m/fpv4-sp/hard/crtbegin.o
 .text          0x00000000080001c8      0x378 c:/st/stm32cubeide_1.0.2/stm32cubeide/plugins/com.st.stm32cube.ide.mcu.externaltools.gnu-tools-for-stm32.7-2018-q2-update.win32_1.0.0.201904181610/tools/bin/../lib/gcc/arm-none-eabi/7.3.1/thumb/v7e-m/fpv4-sp/hard\libgcc.a(_arm_addsubdf3.o)
                0x00000000080001c8                __aeabi_drsub
                0x00000000080001d0                __aeabi_dsub
                0x00000000080001d0                __subdf3
                0x00000000080001d4                __aeabi_dadd
                0x00000000080001d4                __adddf3
                0x000000000800044c                __floatunsidf
                0x000000000800044c                __aeabi_ui2d
                0x000000000800046c                __floatsidf
                0x000000000800046c                __aeabi_i2d
                0x0000000008000490                __aeabi_f2d
                0x0000000008000490                __extendsfdf2
                0x00000000080004d4                __floatundidf
                0x00000000080004d4                __aeabi_ul2d
                0x00000000080004e4                __floatdidf
                0x00000000080004e4                __aeabi_l2d
 .text          0x0000000008000540       0xa0 c:/st/stm32cubeide_1.0.2/stm32cubeide/plugins/com.st.stm32cube.ide.mcu.externaltools.gnu-tools-for-stm32.7-2018-q2-update.win32_1.0.0.201904181610/tools/bin/../lib/gcc/arm-none-eabi/7.3.1/thumb/v7e-m/fpv4-sp/hard\libgcc.a(_arm_truncdfsf2.o)
                0x0000000008000540                __truncdfsf2
                0x0000000008000540                __aeabi_d2f
 *(.text*)
 .text.LL_DAC_ConvertData12RightAligned
                0x00000000080005e0       0x50 Core/Src/SignalAdjuster.o
 .text.LL_TIM_EnableCounter
                0x0000000008000630       0x20 Core/Src/SignalAdjuster.o
 .text.LL_TIM_DisableCounter
                0x0000000008000650       0x20 Core/Src/SignalAdjuster.o
 .text.LL_TIM_SetCounter
                0x0000000008000670       0x1c Core/Src/SignalAdjuster.o
 .text.LL_TIM_ClearFlag_UPDATE
                0x000000000800068c       0x1c Core/Src/SignalAdjuster.o
 .text.LL_TIM_EnableIT_UPDATE
                0x00000000080006a8       0x20 Core/Src/SignalAdjuster.o
 .text._ZSt3cosf
                0x00000000080006c8       0x20 Core/Src/SignalAdjuster.o
                0x00000000080006c8                std::cos(float)
 .text._ZSt5floorf
                0x00000000080006e8       0x20 Core/Src/SignalAdjuster.o
                0x00000000080006e8                std::floor(float)
 .text._ZSt3sinf
                0x0000000008000708       0x20 Core/Src/SignalAdjuster.o
                0x0000000008000708                std::sin(float)
 .text._Z16c_putSignalToDACPv
                0x0000000008000728       0x30 Core/Src/SignalAdjuster.o
                0x0000000008000728                c_putSignalToDAC(void*)
 .text._Z9c_executePv
                0x0000000008000758       0x2c Core/Src/SignalAdjuster.o
                0x0000000008000758                c_execute(void*)
 .text._ZN14SignalAdjuster17increaseAmplitudeEv
                0x0000000008000784      0x118 Core/Src/SignalAdjuster.o
                0x0000000008000784                SignalAdjuster::increaseAmplitude()
 .text._ZN14SignalAdjuster17decreaseAmplitudeEv
                0x000000000800089c       0xa2 Core/Src/SignalAdjuster.o
                0x000000000800089c                SignalAdjuster::decreaseAmplitude()
 .text._ZN14SignalAdjuster17increaseFrequencyEv
                0x000000000800093e       0x32 Core/Src/SignalAdjuster.o
                0x000000000800093e                SignalAdjuster::increaseFrequency()
 .text._ZN14SignalAdjuster17decreaseFrequencyEv
                0x0000000008000970       0x4c Core/Src/SignalAdjuster.o
                0x0000000008000970                SignalAdjuster::decreaseFrequency()
 .text._ZN14SignalAdjuster14previousSignalEv
                0x00000000080009bc       0x60 Core/Src/SignalAdjuster.o
                0x00000000080009bc                SignalAdjuster::previousSignal()
 .text._ZN14SignalAdjuster10nextSignalEv
                0x0000000008000a1c       0x60 Core/Src/SignalAdjuster.o
                0x0000000008000a1c                SignalAdjuster::nextSignal()
 .text._ZN14SignalAdjuster6sampleEv
                0x0000000008000a7c      0x110 Core/Src/SignalAdjuster.o
                0x0000000008000a7c                SignalAdjuster::sample()
 .text._ZN14SignalAdjuster14configureTimerEv
                0x0000000008000b8c       0xa8 Core/Src/SignalAdjuster.o
                0x0000000008000b8c                SignalAdjuster::configureTimer()
 .text._ZN14SignalAdjuster8quantizeEf
                0x0000000008000c34      0x108 Core/Src/SignalAdjuster.o
                0x0000000008000c34                SignalAdjuster::quantize(float)
 .text._ZN14SignalAdjuster7executeEc
                0x0000000008000d3c       0x98 Core/Src/SignalAdjuster.o
                0x0000000008000d3c                SignalAdjuster::execute(char)
 *fill*         0x0000000008000dd4        0x4 
 .text._ZN14SignalAdjuster14increaseOffsetEv
                0x0000000008000dd8       0x50 Core/Src/SignalAdjuster.o
                0x0000000008000dd8                SignalAdjuster::increaseOffset()
 .text._ZN14SignalAdjuster14decreaseOffsetEv
                0x0000000008000e28       0x50 Core/Src/SignalAdjuster.o
                0x0000000008000e28                SignalAdjuster::decreaseOffset()
 .text._ZN14SignalAdjuster13getNextSampleEv
                0x0000000008000e78       0x44 Core/Src/SignalAdjuster.o
                0x0000000008000e78                SignalAdjuster::getNextSample()
 .text._ZN14SignalAdjuster5startEv
                0x0000000008000ebc       0x16 Core/Src/SignalAdjuster.o
                0x0000000008000ebc                SignalAdjuster::start()
 .text.LL_DAC_Enable
                0x0000000008000ed2       0x2c Core/Src/cppmain.o
 .text.LL_USART_EnableIT_RXNE
                0x0000000008000efe       0x20 Core/Src/cppmain.o
 *fill*         0x0000000008000f1e        0x2 
 .text._ZN14SignalAdjusterC2Efffmfmm
                0x0000000008000f20       0x88 Core/Src/cppmain.o
                0x0000000008000f20                SignalAdjuster::SignalAdjuster(float, float, float, unsigned long, float, unsigned long, unsigned long)
                0x0000000008000f20                SignalAdjuster::SignalAdjuster(float, float, float, unsigned long, float, unsigned long, unsigned long)
 .text._Z10usart_initv
                0x0000000008000fa8       0x14 Core/Src/cppmain.o
                0x0000000008000fa8                usart_init()
 .text._Z8dac_initv
                0x0000000008000fbc       0x18 Core/Src/cppmain.o
                0x0000000008000fbc                dac_init()
 .text.cppmain  0x0000000008000fd4       0x4c Core/Src/cppmain.o
                0x0000000008000fd4                cppmain
 .text.LL_DAC_DisableTrigger
                0x0000000008001020       0x2e Core/Src/dac.o
 *fill*         0x000000000800104e        0x2 
 .text.LL_AHB1_GRP1_EnableClock
                0x0000000008001050       0x30 Core/Src/dac.o
 .text.LL_APB1_GRP1_EnableClock
                0x0000000008001080       0x30 Core/Src/dac.o
 .text.MX_DAC1_Init
                0x00000000080010b0       0x80 Core/Src/dac.o
                0x00000000080010b0                MX_DAC1_Init
 .text.LL_AHB1_GRP1_EnableClock
                0x0000000008001130       0x30 Core/Src/gpio.o
 .text.MX_GPIO_Init
                0x0000000008001160       0x10 Core/Src/gpio.o
                0x0000000008001160                MX_GPIO_Init
 .text.__NVIC_SetPriorityGrouping
                0x0000000008001170       0x48 Core/Src/main.o
 .text.LL_RCC_HSI_Enable
                0x00000000080011b8       0x20 Core/Src/main.o
 .text.LL_RCC_HSI_IsReady
                0x00000000080011d8       0x24 Core/Src/main.o
 .text.LL_RCC_HSI_SetCalibTrimming
                0x00000000080011fc       0x2c Core/Src/main.o
 .text.LL_RCC_SetSysClkSource
                0x0000000008001228       0x28 Core/Src/main.o
 .text.LL_RCC_GetSysClkSource
                0x0000000008001250       0x1c Core/Src/main.o
 .text.LL_RCC_SetAHBPrescaler
                0x000000000800126c       0x28 Core/Src/main.o
 .text.LL_RCC_SetAPB1Prescaler
                0x0000000008001294       0x28 Core/Src/main.o
 .text.LL_RCC_SetAPB2Prescaler
                0x00000000080012bc       0x28 Core/Src/main.o
 .text.LL_RCC_SetTIMClockSource
                0x00000000080012e4       0x38 Core/Src/main.o
 .text.LL_APB1_GRP1_EnableClock
                0x000000000800131c       0x30 Core/Src/main.o
 .text.LL_APB2_GRP1_EnableClock
                0x000000000800134c       0x30 Core/Src/main.o
 .text.LL_FLASH_SetLatency
                0x000000000800137c       0x28 Core/Src/main.o
 .text.LL_FLASH_GetLatency
                0x00000000080013a4       0x1c Core/Src/main.o
 .text.LL_SYSTICK_SetClkSource
                0x00000000080013c0       0x38 Core/Src/main.o
 .text.main     0x00000000080013f8       0x32 Core/Src/main.o
                0x00000000080013f8                main
 *fill*         0x000000000800142a        0x2 
 .text.SystemClock_Config
                0x000000000800142c       0x74 Core/Src/main.o
                0x000000000800142c                SystemClock_Config
 .text.Error_Handler
                0x00000000080014a0        0xe Core/Src/main.o
                0x00000000080014a0                Error_Handler
 .text.LL_TIM_ClearFlag_UPDATE
                0x00000000080014ae       0x1c Core/Src/stm32f3xx_it.o
 .text.LL_TIM_IsActiveFlag_UPDATE
                0x00000000080014ca       0x26 Core/Src/stm32f3xx_it.o
 .text.LL_USART_IsActiveFlag_RXNE
                0x00000000080014f0       0x26 Core/Src/stm32f3xx_it.o
 .text.NMI_Handler
                0x0000000008001516        0xe Core/Src/stm32f3xx_it.o
                0x0000000008001516                NMI_Handler
 .text.HardFault_Handler
                0x0000000008001524        0x6 Core/Src/stm32f3xx_it.o
                0x0000000008001524                HardFault_Handler
 .text.MemManage_Handler
                0x000000000800152a        0x6 Core/Src/stm32f3xx_it.o
                0x000000000800152a                MemManage_Handler
 .text.BusFault_Handler
                0x0000000008001530        0x6 Core/Src/stm32f3xx_it.o
                0x0000000008001530                BusFault_Handler
 .text.UsageFault_Handler
                0x0000000008001536        0x6 Core/Src/stm32f3xx_it.o
                0x0000000008001536                UsageFault_Handler
 .text.SVC_Handler
                0x000000000800153c        0xe Core/Src/stm32f3xx_it.o
                0x000000000800153c                SVC_Handler
 .text.DebugMon_Handler
                0x000000000800154a        0xe Core/Src/stm32f3xx_it.o
                0x000000000800154a                DebugMon_Handler
 .text.PendSV_Handler
                0x0000000008001558        0xe Core/Src/stm32f3xx_it.o
                0x0000000008001558                PendSV_Handler
 .text.SysTick_Handler
                0x0000000008001566        0xe Core/Src/stm32f3xx_it.o
                0x0000000008001566                SysTick_Handler
 .text.TIM1_UP_TIM16_IRQHandler
                0x0000000008001574       0x34 Core/Src/stm32f3xx_it.o
                0x0000000008001574                TIM1_UP_TIM16_IRQHandler
 .text.USART2_IRQHandler
                0x00000000080015a8       0x2c Core/Src/stm32f3xx_it.o
                0x00000000080015a8                USART2_IRQHandler
 .text.SystemInit
                0x00000000080015d4       0x2c Core/Src/system_stm32f3xx.o
                0x00000000080015d4                SystemInit
 .text.__NVIC_GetPriorityGrouping
                0x0000000008001600       0x1c Core/Src/tim.o
 .text.__NVIC_EnableIRQ
                0x000000000800161c       0x3c Core/Src/tim.o
 .text.__NVIC_SetPriority
                0x0000000008001658       0x54 Core/Src/tim.o
 .text.NVIC_EncodePriority
                0x00000000080016ac       0x66 Core/Src/tim.o
 *fill*         0x0000000008001712        0x2 
 .text.LL_APB2_GRP1_EnableClock
                0x0000000008001714       0x30 Core/Src/tim.o
 .text.LL_TIM_DisableARRPreload
                0x0000000008001744       0x20 Core/Src/tim.o
 .text.LL_TIM_SetClockSource
                0x0000000008001764       0x2a Core/Src/tim.o
 .text.LL_TIM_SetTriggerOutput
                0x000000000800178e       0x26 Core/Src/tim.o
 .text.LL_TIM_SetTriggerOutput2
                0x00000000080017b4       0x26 Core/Src/tim.o
 .text.LL_TIM_DisableMasterSlaveMode
                0x00000000080017da       0x20 Core/Src/tim.o
 *fill*         0x00000000080017fa        0x2 
 .text.MX_TIM1_Init
                0x00000000080017fc       0x8c Core/Src/tim.o
                0x00000000080017fc                MX_TIM1_Init
 .text.__NVIC_GetPriorityGrouping
                0x0000000008001888       0x1c Core/Src/usart.o
 .text.__NVIC_EnableIRQ
                0x00000000080018a4       0x3c Core/Src/usart.o
 .text.__NVIC_SetPriority
                0x00000000080018e0       0x54 Core/Src/usart.o
 .text.NVIC_EncodePriority
                0x0000000008001934       0x66 Core/Src/usart.o
 *fill*         0x000000000800199a        0x2 
 .text.LL_AHB1_GRP1_EnableClock
                0x000000000800199c       0x30 Core/Src/usart.o
 .text.LL_APB1_GRP1_EnableClock
                0x00000000080019cc       0x30 Core/Src/usart.o
 .text.LL_USART_Enable
                0x00000000080019fc       0x20 Core/Src/usart.o
 .text.LL_USART_ConfigAsyncMode
                0x0000000008001a1c       0x2c Core/Src/usart.o
 .text.LL_USART_DisableIT_CTS
                0x0000000008001a48       0x20 Core/Src/usart.o
 .text.MX_USART2_UART_Init
                0x0000000008001a68       0xc8 Core/Src/usart.o
                0x0000000008001a68                MX_USART2_UART_Init
 .text.Reset_Handler
                0x0000000008001b30       0x50 Core/Startup/startup_stm32f303k8tx.o
                0x0000000008001b30                Reset_Handler
 .text.Default_Handler
                0x0000000008001b80        0x2 Core/Startup/startup_stm32f303k8tx.o
                0x0000000008001b80                RTC_Alarm_IRQHandler
                0x0000000008001b80                TIM1_CC_IRQHandler
                0x0000000008001b80                PVD_IRQHandler
                0x0000000008001b80                TAMP_STAMP_IRQHandler
                0x0000000008001b80                EXTI3_IRQHandler
                0x0000000008001b80                EXTI0_IRQHandler
                0x0000000008001b80                FPU_IRQHandler
                0x0000000008001b80                CAN_TX_IRQHandler
                0x0000000008001b80                ADC1_2_IRQHandler
                0x0000000008001b80                SPI1_IRQHandler
                0x0000000008001b80                CAN_SCE_IRQHandler
                0x0000000008001b80                DMA1_Channel4_IRQHandler
                0x0000000008001b80                USART3_IRQHandler
                0x0000000008001b80                DMA1_Channel7_IRQHandler
                0x0000000008001b80                TIM7_DAC2_IRQHandler
                0x0000000008001b80                CAN_RX1_IRQHandler
                0x0000000008001b80                I2C1_EV_IRQHandler
                0x0000000008001b80                DMA1_Channel6_IRQHandler
                0x0000000008001b80                TIM3_IRQHandler
                0x0000000008001b80                RCC_IRQHandler
                0x0000000008001b80                DMA1_Channel1_IRQHandler
                0x0000000008001b80                Default_Handler
                0x0000000008001b80                EXTI15_10_IRQHandler
                0x0000000008001b80                COMP2_IRQHandler
                0x0000000008001b80                TIM6_DAC1_IRQHandler
                0x0000000008001b80                EXTI9_5_IRQHandler
                0x0000000008001b80                RTC_WKUP_IRQHandler
                0x0000000008001b80                DMA1_Channel5_IRQHandler
                0x0000000008001b80                EXTI4_IRQHandler
                0x0000000008001b80                TIM1_TRG_COM_TIM17_IRQHandler
                0x0000000008001b80                DMA1_Channel3_IRQHandler
                0x0000000008001b80                WWDG_IRQHandler
                0x0000000008001b80                TIM2_IRQHandler
                0x0000000008001b80                EXTI1_IRQHandler
                0x0000000008001b80                COMP4_6_IRQHandler
                0x0000000008001b80                DMA1_Channel2_IRQHandler
                0x0000000008001b80                FLASH_IRQHandler
                0x0000000008001b80                USART1_IRQHandler
                0x0000000008001b80                CAN_RX0_IRQHandler
                0x0000000008001b80                I2C1_ER_IRQHandler
                0x0000000008001b80                EXTI2_TSC_IRQHandler
                0x0000000008001b80                TIM1_BRK_TIM15_IRQHandler
 .text.LL_DAC_IsEnabled
                0x0000000008001b82       0x3e Drivers/STM32F3xx_HAL_Driver/Src/stm32f3xx_ll_dac.o
 .text.LL_DAC_Init
                0x0000000008001bc0       0xa2 Drivers/STM32F3xx_HAL_Driver/Src/stm32f3xx_ll_dac.o
                0x0000000008001bc0                LL_DAC_Init
 .text.LL_GPIO_SetPinMode
                0x0000000008001c62       0x5e Drivers/STM32F3xx_HAL_Driver/Src/stm32f3xx_ll_gpio.o
 .text.LL_GPIO_SetPinOutputType
                0x0000000008001cc0       0x30 Drivers/STM32F3xx_HAL_Driver/Src/stm32f3xx_ll_gpio.o
 .text.LL_GPIO_SetPinSpeed
                0x0000000008001cf0       0x5e Drivers/STM32F3xx_HAL_Driver/Src/stm32f3xx_ll_gpio.o
 .text.LL_GPIO_SetPinPull
                0x0000000008001d4e       0x5e Drivers/STM32F3xx_HAL_Driver/Src/stm32f3xx_ll_gpio.o
 .text.LL_GPIO_SetAFPin_0_7
                0x0000000008001dac       0x5e Drivers/STM32F3xx_HAL_Driver/Src/stm32f3xx_ll_gpio.o
 .text.LL_GPIO_SetAFPin_8_15
                0x0000000008001e0a       0x62 Drivers/STM32F3xx_HAL_Driver/Src/stm32f3xx_ll_gpio.o
 .text.LL_GPIO_Init
                0x0000000008001e6c       0xf0 Drivers/STM32F3xx_HAL_Driver/Src/stm32f3xx_ll_gpio.o
                0x0000000008001e6c                LL_GPIO_Init
 .text.LL_RCC_HSI_IsReady
                0x0000000008001f5c       0x24 Drivers/STM32F3xx_HAL_Driver/Src/stm32f3xx_ll_rcc.o
 .text.LL_RCC_LSE_IsReady
                0x0000000008001f80       0x24 Drivers/STM32F3xx_HAL_Driver/Src/stm32f3xx_ll_rcc.o
 .text.LL_RCC_GetSysClkSource
                0x0000000008001fa4       0x1c Drivers/STM32F3xx_HAL_Driver/Src/stm32f3xx_ll_rcc.o
 .text.LL_RCC_GetAHBPrescaler
                0x0000000008001fc0       0x1c Drivers/STM32F3xx_HAL_Driver/Src/stm32f3xx_ll_rcc.o
 .text.LL_RCC_GetAPB1Prescaler
                0x0000000008001fdc       0x1c Drivers/STM32F3xx_HAL_Driver/Src/stm32f3xx_ll_rcc.o
 .text.LL_RCC_GetAPB2Prescaler
                0x0000000008001ff8       0x1c Drivers/STM32F3xx_HAL_Driver/Src/stm32f3xx_ll_rcc.o
 .text.LL_RCC_GetUSARTClockSource
                0x0000000008002014       0x2c Drivers/STM32F3xx_HAL_Driver/Src/stm32f3xx_ll_rcc.o
 .text.LL_RCC_PLL_GetMainSource
                0x0000000008002040       0x1c Drivers/STM32F3xx_HAL_Driver/Src/stm32f3xx_ll_rcc.o
 .text.LL_RCC_PLL_GetMultiplicator
                0x000000000800205c       0x1c Drivers/STM32F3xx_HAL_Driver/Src/stm32f3xx_ll_rcc.o
 .text.LL_RCC_PLL_GetPrediv
                0x0000000008002078       0x1c Drivers/STM32F3xx_HAL_Driver/Src/stm32f3xx_ll_rcc.o
 .text.LL_RCC_GetSystemClocksFreq
                0x0000000008002094       0x4a Drivers/STM32F3xx_HAL_Driver/Src/stm32f3xx_ll_rcc.o
                0x0000000008002094                LL_RCC_GetSystemClocksFreq
 *fill*         0x00000000080020de        0x2 
 .text.LL_RCC_GetUSARTClockFreq
                0x00000000080020e0       0x80 Drivers/STM32F3xx_HAL_Driver/Src/stm32f3xx_ll_rcc.o
                0x00000000080020e0                LL_RCC_GetUSARTClockFreq
 .text.RCC_GetSystemClockFreq
                0x0000000008002160       0x44 Drivers/STM32F3xx_HAL_Driver/Src/stm32f3xx_ll_rcc.o
                0x0000000008002160                RCC_GetSystemClockFreq
 .text.RCC_GetHCLKClockFreq
                0x00000000080021a4       0x2c Drivers/STM32F3xx_HAL_Driver/Src/stm32f3xx_ll_rcc.o
                0x00000000080021a4                RCC_GetHCLKClockFreq
 .text.RCC_GetPCLK1ClockFreq
                0x00000000080021d0       0x28 Drivers/STM32F3xx_HAL_Driver/Src/stm32f3xx_ll_rcc.o
                0x00000000080021d0                RCC_GetPCLK1ClockFreq
 .text.RCC_GetPCLK2ClockFreq
                0x00000000080021f8       0x28 Drivers/STM32F3xx_HAL_Driver/Src/stm32f3xx_ll_rcc.o
                0x00000000080021f8                RCC_GetPCLK2ClockFreq
 .text.RCC_PLL_GetFreqDomain_SYS
                0x0000000008002220       0x7c Drivers/STM32F3xx_HAL_Driver/Src/stm32f3xx_ll_rcc.o
                0x0000000008002220                RCC_PLL_GetFreqDomain_SYS
 .text.LL_TIM_SetPrescaler
                0x000000000800229c       0x1c Drivers/STM32F3xx_HAL_Driver/Src/stm32f3xx_ll_tim.o
 .text.LL_TIM_SetAutoReload
                0x00000000080022b8       0x1c Drivers/STM32F3xx_HAL_Driver/Src/stm32f3xx_ll_tim.o
 .text.LL_TIM_SetRepetitionCounter
                0x00000000080022d4       0x1c Drivers/STM32F3xx_HAL_Driver/Src/stm32f3xx_ll_tim.o
 .text.LL_TIM_GenerateEvent_UPDATE
                0x00000000080022f0       0x20 Drivers/STM32F3xx_HAL_Driver/Src/stm32f3xx_ll_tim.o
 .text.LL_TIM_Init
                0x0000000008002310       0xe4 Drivers/STM32F3xx_HAL_Driver/Src/stm32f3xx_ll_tim.o
                0x0000000008002310                LL_TIM_Init
 .text.LL_USART_IsEnabled
                0x00000000080023f4       0x26 Drivers/STM32F3xx_HAL_Driver/Src/stm32f3xx_ll_usart.o
 .text.LL_USART_SetStopBitsLength
                0x000000000800241a       0x26 Drivers/STM32F3xx_HAL_Driver/Src/stm32f3xx_ll_usart.o
 .text.LL_USART_SetHWFlowCtrl
                0x0000000008002440       0x26 Drivers/STM32F3xx_HAL_Driver/Src/stm32f3xx_ll_usart.o
 .text.LL_USART_SetBaudRate
                0x0000000008002466       0x64 Drivers/STM32F3xx_HAL_Driver/Src/stm32f3xx_ll_usart.o
 *fill*         0x00000000080024ca        0x2 
 .text.LL_USART_Init
                0x00000000080024cc       0xd8 Drivers/STM32F3xx_HAL_Driver/Src/stm32f3xx_ll_usart.o
                0x00000000080024cc                LL_USART_Init
 .text.LL_InitTick
                0x00000000080025a4       0x34 Drivers/STM32F3xx_HAL_Driver/Src/stm32f3xx_ll_utils.o
 .text.LL_Init1msTick
                0x00000000080025d8       0x1a Drivers/STM32F3xx_HAL_Driver/Src/stm32f3xx_ll_utils.o
                0x00000000080025d8                LL_Init1msTick
 *fill*         0x00000000080025f2        0x2 
 .text.LL_SetSystemCoreClock
                0x00000000080025f4       0x20 Drivers/STM32F3xx_HAL_Driver/Src/stm32f3xx_ll_utils.o
                0x00000000080025f4                LL_SetSystemCoreClock
 .text.cosf     0x0000000008002614       0x80 c:/st/stm32cubeide_1.0.2/stm32cubeide/plugins/com.st.stm32cube.ide.mcu.externaltools.gnu-tools-for-stm32.7-2018-q2-update.win32_1.0.0.201904181610/tools/bin/../lib/gcc/arm-none-eabi/7.3.1/../../../../arm-none-eabi/lib/thumb/v7e-m/fpv4-sp/hard\libm.a(lib_a-sf_cos.o)
                0x0000000008002614                cosf
 .text.floorf   0x0000000008002694       0x84 c:/st/stm32cubeide_1.0.2/stm32cubeide/plugins/com.st.stm32cube.ide.mcu.externaltools.gnu-tools-for-stm32.7-2018-q2-update.win32_1.0.0.201904181610/tools/bin/../lib/gcc/arm-none-eabi/7.3.1/../../../../arm-none-eabi/lib/thumb/v7e-m/fpv4-sp/hard\libm.a(lib_a-sf_floor.o)
                0x0000000008002694                floorf
 .text.sinf     0x0000000008002718       0x84 c:/st/stm32cubeide_1.0.2/stm32cubeide/plugins/com.st.stm32cube.ide.mcu.externaltools.gnu-tools-for-stm32.7-2018-q2-update.win32_1.0.0.201904181610/tools/bin/../lib/gcc/arm-none-eabi/7.3.1/../../../../arm-none-eabi/lib/thumb/v7e-m/fpv4-sp/hard\libm.a(lib_a-sf_sin.o)
                0x0000000008002718                sinf
 .text.__ieee754_rem_pio2f
                0x000000000800279c      0x258 c:/st/stm32cubeide_1.0.2/stm32cubeide/plugins/com.st.stm32cube.ide.mcu.externaltools.gnu-tools-for-stm32.7-2018-q2-update.win32_1.0.0.201904181610/tools/bin/../lib/gcc/arm-none-eabi/7.3.1/../../../../arm-none-eabi/lib/thumb/v7e-m/fpv4-sp/hard\libm.a(lib_a-ef_rem_pio2.o)
                0x000000000800279c                __ieee754_rem_pio2f
 .text.__kernel_cosf
                0x00000000080029f4       0xbc c:/st/stm32cubeide_1.0.2/stm32cubeide/plugins/com.st.stm32cube.ide.mcu.externaltools.gnu-tools-for-stm32.7-2018-q2-update.win32_1.0.0.201904181610/tools/bin/../lib/gcc/arm-none-eabi/7.3.1/../../../../arm-none-eabi/lib/thumb/v7e-m/fpv4-sp/hard\libm.a(lib_a-kf_cos.o)
                0x00000000080029f4                __kernel_cosf
 .text.__kernel_rem_pio2f
                0x0000000008002ab0      0x504 c:/st/stm32cubeide_1.0.2/stm32cubeide/plugins/com.st.stm32cube.ide.mcu.externaltools.gnu-tools-for-stm32.7-2018-q2-update.win32_1.0.0.201904181610/tools/bin/../lib/gcc/arm-none-eabi/7.3.1/../../../../arm-none-eabi/lib/thumb/v7e-m/fpv4-sp/hard\libm.a(lib_a-kf_rem_pio2.o)
                0x0000000008002ab0                __kernel_rem_pio2f
 .text.__kernel_sinf
                0x0000000008002fb4       0x90 c:/st/stm32cubeide_1.0.2/stm32cubeide/plugins/com.st.stm32cube.ide.mcu.externaltools.gnu-tools-for-stm32.7-2018-q2-update.win32_1.0.0.201904181610/tools/bin/../lib/gcc/arm-none-eabi/7.3.1/../../../../arm-none-eabi/lib/thumb/v7e-m/fpv4-sp/hard\libm.a(lib_a-kf_sin.o)
                0x0000000008002fb4                __kernel_sinf
 .text.fabsf    0x0000000008003044        0xe c:/st/stm32cubeide_1.0.2/stm32cubeide/plugins/com.st.stm32cube.ide.mcu.externaltools.gnu-tools-for-stm32.7-2018-q2-update.win32_1.0.0.201904181610/tools/bin/../lib/gcc/arm-none-eabi/7.3.1/../../../../arm-none-eabi/lib/thumb/v7e-m/fpv4-sp/hard\libm.a(lib_a-sf_fabs.o)
                0x0000000008003044                fabsf
 *fill*         0x0000000008003052        0x2 
 .text.scalbnf  0x0000000008003054       0xc0 c:/st/stm32cubeide_1.0.2/stm32cubeide/plugins/com.st.stm32cube.ide.mcu.externaltools.gnu-tools-for-stm32.7-2018-q2-update.win32_1.0.0.201904181610/tools/bin/../lib/gcc/arm-none-eabi/7.3.1/../../../../arm-none-eabi/lib/thumb/v7e-m/fpv4-sp/hard\libm.a(lib_a-sf_scalbn.o)
                0x0000000008003054                scalbnf
 .text.copysignf
                0x0000000008003114       0x18 c:/st/stm32cubeide_1.0.2/stm32cubeide/plugins/com.st.stm32cube.ide.mcu.externaltools.gnu-tools-for-stm32.7-2018-q2-update.win32_1.0.0.201904181610/tools/bin/../lib/gcc/arm-none-eabi/7.3.1/../../../../arm-none-eabi/lib/thumb/v7e-m/fpv4-sp/hard\libm.a(lib_a-sf_copysign.o)
                0x0000000008003114                copysignf
 .text.__libc_init_array
                0x000000000800312c       0x48 c:/st/stm32cubeide_1.0.2/stm32cubeide/plugins/com.st.stm32cube.ide.mcu.externaltools.gnu-tools-for-stm32.7-2018-q2-update.win32_1.0.0.201904181610/tools/bin/../lib/gcc/arm-none-eabi/7.3.1/../../../../arm-none-eabi/lib/thumb/v7e-m/fpv4-sp/hard\libc_nano.a(lib_a-init.o)
                0x000000000800312c                __libc_init_array
 *(.glue_7)
 .glue_7        0x0000000008003174        0x0 linker stubs
 *(.glue_7t)
 .glue_7t       0x0000000008003174        0x0 linker stubs
 *(.eh_frame)
 .eh_frame      0x0000000008003174        0x0 c:/st/stm32cubeide_1.0.2/stm32cubeide/plugins/com.st.stm32cube.ide.mcu.externaltools.gnu-tools-for-stm32.7-2018-q2-update.win32_1.0.0.201904181610/tools/bin/../lib/gcc/arm-none-eabi/7.3.1/thumb/v7e-m/fpv4-sp/hard/crtbegin.o
 *(.init)
 .init          0x0000000008003174        0x4 c:/st/stm32cubeide_1.0.2/stm32cubeide/plugins/com.st.stm32cube.ide.mcu.externaltools.gnu-tools-for-stm32.7-2018-q2-update.win32_1.0.0.201904181610/tools/bin/../lib/gcc/arm-none-eabi/7.3.1/thumb/v7e-m/fpv4-sp/hard/crti.o
                0x0000000008003174                _init
 .init          0x0000000008003178        0x8 c:/st/stm32cubeide_1.0.2/stm32cubeide/plugins/com.st.stm32cube.ide.mcu.externaltools.gnu-tools-for-stm32.7-2018-q2-update.win32_1.0.0.201904181610/tools/bin/../lib/gcc/arm-none-eabi/7.3.1/thumb/v7e-m/fpv4-sp/hard/crtn.o
 *(.fini)
 .fini          0x0000000008003180        0x4 c:/st/stm32cubeide_1.0.2/stm32cubeide/plugins/com.st.stm32cube.ide.mcu.externaltools.gnu-tools-for-stm32.7-2018-q2-update.win32_1.0.0.201904181610/tools/bin/../lib/gcc/arm-none-eabi/7.3.1/thumb/v7e-m/fpv4-sp/hard/crti.o
                0x0000000008003180                _fini
 .fini          0x0000000008003184        0x8 c:/st/stm32cubeide_1.0.2/stm32cubeide/plugins/com.st.stm32cube.ide.mcu.externaltools.gnu-tools-for-stm32.7-2018-q2-update.win32_1.0.0.201904181610/tools/bin/../lib/gcc/arm-none-eabi/7.3.1/thumb/v7e-m/fpv4-sp/hard/crtn.o
                0x000000000800318c                . = ALIGN (0x4)
                0x000000000800318c                _etext = .

.vfp11_veneer   0x000000000800318c        0x0
 .vfp11_veneer  0x000000000800318c        0x0 linker stubs

.v4_bx          0x000000000800318c        0x0
 .v4_bx         0x000000000800318c        0x0 linker stubs

.iplt           0x000000000800318c        0x0
 .iplt          0x000000000800318c        0x0 c:/st/stm32cubeide_1.0.2/stm32cubeide/plugins/com.st.stm32cube.ide.mcu.externaltools.gnu-tools-for-stm32.7-2018-q2-update.win32_1.0.0.201904181610/tools/bin/../lib/gcc/arm-none-eabi/7.3.1/thumb/v7e-m/fpv4-sp/hard/crtbegin.o

.rodata         0x000000000800318c      0x3e8
                0x000000000800318c                . = ALIGN (0x4)
 *(.rodata)
 *(.rodata*)
 .rodata.AHBPrescTable
                0x000000000800318c       0x10 Core/Src/system_stm32f3xx.o
                0x000000000800318c                AHBPrescTable
 .rodata.APBPrescTable
                0x000000000800319c        0x8 Core/Src/system_stm32f3xx.o
                0x000000000800319c                APBPrescTable
 .rodata.npio2_hw
                0x00000000080031a4       0x80 c:/st/stm32cubeide_1.0.2/stm32cubeide/plugins/com.st.stm32cube.ide.mcu.externaltools.gnu-tools-for-stm32.7-2018-q2-update.win32_1.0.0.201904181610/tools/bin/../lib/gcc/arm-none-eabi/7.3.1/../../../../arm-none-eabi/lib/thumb/v7e-m/fpv4-sp/hard\libm.a(lib_a-ef_rem_pio2.o)
 .rodata.two_over_pi
                0x0000000008003224      0x318 c:/st/stm32cubeide_1.0.2/stm32cubeide/plugins/com.st.stm32cube.ide.mcu.externaltools.gnu-tools-for-stm32.7-2018-q2-update.win32_1.0.0.201904181610/tools/bin/../lib/gcc/arm-none-eabi/7.3.1/../../../../arm-none-eabi/lib/thumb/v7e-m/fpv4-sp/hard\libm.a(lib_a-ef_rem_pio2.o)
 .rodata.PIo2   0x000000000800353c       0x2c c:/st/stm32cubeide_1.0.2/stm32cubeide/plugins/com.st.stm32cube.ide.mcu.externaltools.gnu-tools-for-stm32.7-2018-q2-update.win32_1.0.0.201904181610/tools/bin/../lib/gcc/arm-none-eabi/7.3.1/../../../../arm-none-eabi/lib/thumb/v7e-m/fpv4-sp/hard\libm.a(lib_a-kf_rem_pio2.o)
 .rodata.init_jk
                0x0000000008003568        0xc c:/st/stm32cubeide_1.0.2/stm32cubeide/plugins/com.st.stm32cube.ide.mcu.externaltools.gnu-tools-for-stm32.7-2018-q2-update.win32_1.0.0.201904181610/tools/bin/../lib/gcc/arm-none-eabi/7.3.1/../../../../arm-none-eabi/lib/thumb/v7e-m/fpv4-sp/hard\libm.a(lib_a-kf_rem_pio2.o)
                0x0000000008003574                . = ALIGN (0x4)

.rel.dyn        0x0000000008003574        0x0
 .rel.iplt      0x0000000008003574        0x0 c:/st/stm32cubeide_1.0.2/stm32cubeide/plugins/com.st.stm32cube.ide.mcu.externaltools.gnu-tools-for-stm32.7-2018-q2-update.win32_1.0.0.201904181610/tools/bin/../lib/gcc/arm-none-eabi/7.3.1/thumb/v7e-m/fpv4-sp/hard/crtbegin.o

.ARM.extab      0x0000000008003574        0x0
                0x0000000008003574                . = ALIGN (0x4)
 *(.ARM.extab* .gnu.linkonce.armextab.*)
                0x0000000008003574                . = ALIGN (0x4)

.ARM            0x0000000008003574        0x0
                0x0000000008003574                . = ALIGN (0x4)
                0x0000000008003574                __exidx_start = .
 *(.ARM.exidx*)
                0x0000000008003574                __exidx_end = .
                0x0000000008003574                . = ALIGN (0x4)

.preinit_array  0x0000000008003574        0x0
                0x0000000008003574                . = ALIGN (0x4)
                0x0000000008003574                PROVIDE (__preinit_array_start = .)
 *(.preinit_array*)
                0x0000000008003574                PROVIDE (__preinit_array_end = .)
                0x0000000008003574                . = ALIGN (0x4)

.init_array     0x0000000008003574        0x4
                0x0000000008003574                . = ALIGN (0x4)
                0x0000000008003574                PROVIDE (__init_array_start = .)
 *(SORT_BY_NAME(.init_array.*))
 *(.init_array*)
 .init_array    0x0000000008003574        0x4 c:/st/stm32cubeide_1.0.2/stm32cubeide/plugins/com.st.stm32cube.ide.mcu.externaltools.gnu-tools-for-stm32.7-2018-q2-update.win32_1.0.0.201904181610/tools/bin/../lib/gcc/arm-none-eabi/7.3.1/thumb/v7e-m/fpv4-sp/hard/crtbegin.o
                0x0000000008003578                PROVIDE (__init_array_end = .)
                0x0000000008003578                . = ALIGN (0x4)

.fini_array     0x0000000008003578        0x4
                0x0000000008003578                . = ALIGN (0x4)
                [!provide]                        PROVIDE (__fini_array_start = .)
 *(SORT_BY_NAME(.fini_array.*))
 *(.fini_array*)
 .fini_array    0x0000000008003578        0x4 c:/st/stm32cubeide_1.0.2/stm32cubeide/plugins/com.st.stm32cube.ide.mcu.externaltools.gnu-tools-for-stm32.7-2018-q2-update.win32_1.0.0.201904181610/tools/bin/../lib/gcc/arm-none-eabi/7.3.1/thumb/v7e-m/fpv4-sp/hard/crtbegin.o
                [!provide]                        PROVIDE (__fini_array_end = .)
                0x000000000800357c                . = ALIGN (0x4)
                0x000000000800357c                _sidata = LOADADDR (.data)

.data           0x0000000020000000        0x4 load address 0x000000000800357c
                0x0000000020000000                . = ALIGN (0x4)
                0x0000000020000000                _sdata = .
 *(.data)
 *(.data*)
 .data.SystemCoreClock
                0x0000000020000000        0x4 Core/Src/system_stm32f3xx.o
                0x0000000020000000                SystemCoreClock
                0x0000000020000004                . = ALIGN (0x4)
                0x0000000020000004                _edata = .

.igot.plt       0x0000000020000004        0x0 load address 0x0000000008003580
 .igot.plt      0x0000000020000004        0x0 c:/st/stm32cubeide_1.0.2/stm32cubeide/plugins/com.st.stm32cube.ide.mcu.externaltools.gnu-tools-for-stm32.7-2018-q2-update.win32_1.0.0.201904181610/tools/bin/../lib/gcc/arm-none-eabi/7.3.1/thumb/v7e-m/fpv4-sp/hard/crtbegin.o
                0x0000000020000004                . = ALIGN (0x4)

.bss            0x0000000020000004       0x28 load address 0x0000000008003580
                0x0000000020000004                _sbss = .
                0x0000000020000004                __bss_start__ = _sbss
 *(.bss)
 .bss           0x0000000020000004       0x1c c:/st/stm32cubeide_1.0.2/stm32cubeide/plugins/com.st.stm32cube.ide.mcu.externaltools.gnu-tools-for-stm32.7-2018-q2-update.win32_1.0.0.201904181610/tools/bin/../lib/gcc/arm-none-eabi/7.3.1/thumb/v7e-m/fpv4-sp/hard/crtbegin.o
 *(.bss*)
 *(COMMON)
 COMMON         0x0000000020000020        0xc Core/Src/main.o
                0x0000000020000020                adj_IT_reference
                0x0000000020000024                usart2_rxne_callback
                0x0000000020000028                tim1_callback
                0x000000002000002c                . = ALIGN (0x4)
                0x000000002000002c                _ebss = .
                0x000000002000002c                __bss_end__ = _ebss

._user_heap_stack
                0x000000002000002c      0x604 load address 0x0000000008003580
                0x0000000020000030                . = ALIGN (0x8)
 *fill*         0x000000002000002c        0x4 
                0x0000000020000030                PROVIDE (end = .)
                [!provide]                        PROVIDE (_end = .)
                0x0000000020000230                . = (. + _Min_Heap_Size)
 *fill*         0x0000000020000030      0x200 
                0x0000000020000630                . = (. + _Min_Stack_Size)
 *fill*         0x0000000020000230      0x400 
                0x0000000020000630                . = ALIGN (0x8)

/DISCARD/
 libc.a(*)
 libm.a(*)
 libgcc.a(*)

.ARM.attributes
                0x0000000000000000       0x30
 *(.ARM.attributes)
 .ARM.attributes
                0x0000000000000000       0x22 c:/st/stm32cubeide_1.0.2/stm32cubeide/plugins/com.st.stm32cube.ide.mcu.externaltools.gnu-tools-for-stm32.7-2018-q2-update.win32_1.0.0.201904181610/tools/bin/../lib/gcc/arm-none-eabi/7.3.1/thumb/v7e-m/fpv4-sp/hard/crti.o
 .ARM.attributes
                0x0000000000000022       0x34 c:/st/stm32cubeide_1.0.2/stm32cubeide/plugins/com.st.stm32cube.ide.mcu.externaltools.gnu-tools-for-stm32.7-2018-q2-update.win32_1.0.0.201904181610/tools/bin/../lib/gcc/arm-none-eabi/7.3.1/thumb/v7e-m/fpv4-sp/hard/crtbegin.o
 .ARM.attributes
                0x0000000000000056       0x39 Core/Src/SignalAdjuster.o
 .ARM.attributes
                0x000000000000008f       0x39 Core/Src/cppmain.o
 .ARM.attributes
                0x00000000000000c8       0x39 Core/Src/dac.o
 .ARM.attributes
                0x0000000000000101       0x39 Core/Src/gpio.o
 .ARM.attributes
                0x000000000000013a       0x39 Core/Src/main.o
 .ARM.attributes
                0x0000000000000173       0x39 Core/Src/stm32f3xx_it.o
 .ARM.attributes
                0x00000000000001ac       0x39 Core/Src/system_stm32f3xx.o
 .ARM.attributes
                0x00000000000001e5       0x39 Core/Src/tim.o
 .ARM.attributes
                0x000000000000021e       0x39 Core/Src/usart.o
 .ARM.attributes
                0x0000000000000257       0x21 Core/Startup/startup_stm32f303k8tx.o
 .ARM.attributes
                0x0000000000000278       0x39 Drivers/STM32F3xx_HAL_Driver/Src/stm32f3xx_ll_dac.o
 .ARM.attributes
                0x00000000000002b1       0x39 Drivers/STM32F3xx_HAL_Driver/Src/stm32f3xx_ll_gpio.o
 .ARM.attributes
                0x00000000000002ea       0x39 Drivers/STM32F3xx_HAL_Driver/Src/stm32f3xx_ll_rcc.o
 .ARM.attributes
                0x0000000000000323       0x39 Drivers/STM32F3xx_HAL_Driver/Src/stm32f3xx_ll_tim.o
 .ARM.attributes
                0x000000000000035c       0x39 Drivers/STM32F3xx_HAL_Driver/Src/stm32f3xx_ll_usart.o
 .ARM.attributes
                0x0000000000000395       0x39 Drivers/STM32F3xx_HAL_Driver/Src/stm32f3xx_ll_utils.o
 .ARM.attributes
                0x00000000000003ce       0x34 c:/st/stm32cubeide_1.0.2/stm32cubeide/plugins/com.st.stm32cube.ide.mcu.externaltools.gnu-tools-for-stm32.7-2018-q2-update.win32_1.0.0.201904181610/tools/bin/../lib/gcc/arm-none-eabi/7.3.1/../../../../arm-none-eabi/lib/thumb/v7e-m/fpv4-sp/hard\libm.a(lib_a-sf_cos.o)
 .ARM.attributes
                0x0000000000000402       0x34 c:/st/stm32cubeide_1.0.2/stm32cubeide/plugins/com.st.stm32cube.ide.mcu.externaltools.gnu-tools-for-stm32.7-2018-q2-update.win32_1.0.0.201904181610/tools/bin/../lib/gcc/arm-none-eabi/7.3.1/../../../../arm-none-eabi/lib/thumb/v7e-m/fpv4-sp/hard\libm.a(lib_a-sf_floor.o)
 .ARM.attributes
                0x0000000000000436       0x34 c:/st/stm32cubeide_1.0.2/stm32cubeide/plugins/com.st.stm32cube.ide.mcu.externaltools.gnu-tools-for-stm32.7-2018-q2-update.win32_1.0.0.201904181610/tools/bin/../lib/gcc/arm-none-eabi/7.3.1/../../../../arm-none-eabi/lib/thumb/v7e-m/fpv4-sp/hard\libm.a(lib_a-sf_sin.o)
 .ARM.attributes
                0x000000000000046a       0x34 c:/st/stm32cubeide_1.0.2/stm32cubeide/plugins/com.st.stm32cube.ide.mcu.externaltools.gnu-tools-for-stm32.7-2018-q2-update.win32_1.0.0.201904181610/tools/bin/../lib/gcc/arm-none-eabi/7.3.1/../../../../arm-none-eabi/lib/thumb/v7e-m/fpv4-sp/hard\libm.a(lib_a-ef_rem_pio2.o)
 .ARM.attributes
                0x000000000000049e       0x34 c:/st/stm32cubeide_1.0.2/stm32cubeide/plugins/com.st.stm32cube.ide.mcu.externaltools.gnu-tools-for-stm32.7-2018-q2-update.win32_1.0.0.201904181610/tools/bin/../lib/gcc/arm-none-eabi/7.3.1/../../../../arm-none-eabi/lib/thumb/v7e-m/fpv4-sp/hard\libm.a(lib_a-kf_cos.o)
 .ARM.attributes
                0x00000000000004d2       0x34 c:/st/stm32cubeide_1.0.2/stm32cubeide/plugins/com.st.stm32cube.ide.mcu.externaltools.gnu-tools-for-stm32.7-2018-q2-update.win32_1.0.0.201904181610/tools/bin/../lib/gcc/arm-none-eabi/7.3.1/../../../../arm-none-eabi/lib/thumb/v7e-m/fpv4-sp/hard\libm.a(lib_a-kf_rem_pio2.o)
 .ARM.attributes
                0x0000000000000506       0x34 c:/st/stm32cubeide_1.0.2/stm32cubeide/plugins/com.st.stm32cube.ide.mcu.externaltools.gnu-tools-for-stm32.7-2018-q2-update.win32_1.0.0.201904181610/tools/bin/../lib/gcc/arm-none-eabi/7.3.1/../../../../arm-none-eabi/lib/thumb/v7e-m/fpv4-sp/hard\libm.a(lib_a-kf_sin.o)
 .ARM.attributes
                0x000000000000053a       0x34 c:/st/stm32cubeide_1.0.2/stm32cubeide/plugins/com.st.stm32cube.ide.mcu.externaltools.gnu-tools-for-stm32.7-2018-q2-update.win32_1.0.0.201904181610/tools/bin/../lib/gcc/arm-none-eabi/7.3.1/../../../../arm-none-eabi/lib/thumb/v7e-m/fpv4-sp/hard\libm.a(lib_a-sf_fabs.o)
 .ARM.attributes
                0x000000000000056e       0x34 c:/st/stm32cubeide_1.0.2/stm32cubeide/plugins/com.st.stm32cube.ide.mcu.externaltools.gnu-tools-for-stm32.7-2018-q2-update.win32_1.0.0.201904181610/tools/bin/../lib/gcc/arm-none-eabi/7.3.1/../../../../arm-none-eabi/lib/thumb/v7e-m/fpv4-sp/hard\libm.a(lib_a-sf_scalbn.o)
 .ARM.attributes
                0x00000000000005a2       0x34 c:/st/stm32cubeide_1.0.2/stm32cubeide/plugins/com.st.stm32cube.ide.mcu.externaltools.gnu-tools-for-stm32.7-2018-q2-update.win32_1.0.0.201904181610/tools/bin/../lib/gcc/arm-none-eabi/7.3.1/../../../../arm-none-eabi/lib/thumb/v7e-m/fpv4-sp/hard\libm.a(lib_a-sf_copysign.o)
 .ARM.attributes
                0x00000000000005d6       0x34 c:/st/stm32cubeide_1.0.2/stm32cubeide/plugins/com.st.stm32cube.ide.mcu.externaltools.gnu-tools-for-stm32.7-2018-q2-update.win32_1.0.0.201904181610/tools/bin/../lib/gcc/arm-none-eabi/7.3.1/../../../../arm-none-eabi/lib/thumb/v7e-m/fpv4-sp/hard\libc_nano.a(lib_a-init.o)
 .ARM.attributes
                0x000000000000060a       0x22 c:/st/stm32cubeide_1.0.2/stm32cubeide/plugins/com.st.stm32cube.ide.mcu.externaltools.gnu-tools-for-stm32.7-2018-q2-update.win32_1.0.0.201904181610/tools/bin/../lib/gcc/arm-none-eabi/7.3.1/thumb/v7e-m/fpv4-sp/hard\libgcc.a(_arm_addsubdf3.o)
 .ARM.attributes
                0x000000000000062c       0x22 c:/st/stm32cubeide_1.0.2/stm32cubeide/plugins/com.st.stm32cube.ide.mcu.externaltools.gnu-tools-for-stm32.7-2018-q2-update.win32_1.0.0.201904181610/tools/bin/../lib/gcc/arm-none-eabi/7.3.1/thumb/v7e-m/fpv4-sp/hard\libgcc.a(_arm_truncdfsf2.o)
 .ARM.attributes
                0x000000000000064e       0x22 c:/st/stm32cubeide_1.0.2/stm32cubeide/plugins/com.st.stm32cube.ide.mcu.externaltools.gnu-tools-for-stm32.7-2018-q2-update.win32_1.0.0.201904181610/tools/bin/../lib/gcc/arm-none-eabi/7.3.1/thumb/v7e-m/fpv4-sp/hard/crtn.o
OUTPUT(osci_test_signal_generator.elf elf32-littlearm)

.debug_info     0x0000000000000000     0x97b5
 .debug_info    0x0000000000000000     0x1cad Core/Src/SignalAdjuster.o
 .debug_info    0x0000000000001cad     0x1a93 Core/Src/cppmain.o
 .debug_info    0x0000000000003740      0x588 Core/Src/dac.o
 .debug_info    0x0000000000003cc8      0x2dc Core/Src/gpio.o
 .debug_info    0x0000000000003fa4      0x79a Core/Src/main.o
 .debug_info    0x000000000000473e      0x53f Core/Src/stm32f3xx_it.o
 .debug_info    0x0000000000004c7d      0x400 Core/Src/system_stm32f3xx.o
 .debug_info    0x000000000000507d      0xa94 Core/Src/tim.o
 .debug_info    0x0000000000005b11      0xaf7 Core/Src/usart.o
 .debug_info    0x0000000000006608       0x22 Core/Startup/startup_stm32f303k8tx.o
 .debug_info    0x000000000000662a      0x436 Drivers/STM32F3xx_HAL_Driver/Src/stm32f3xx_ll_dac.o
 .debug_info    0x0000000000006a60      0x7e2 Drivers/STM32F3xx_HAL_Driver/Src/stm32f3xx_ll_gpio.o
 .debug_info    0x0000000000007242      0x704 Drivers/STM32F3xx_HAL_Driver/Src/stm32f3xx_ll_rcc.o
 .debug_info    0x0000000000007946      0xf9d Drivers/STM32F3xx_HAL_Driver/Src/stm32f3xx_ll_tim.o
 .debug_info    0x00000000000088e3      0x6bf Drivers/STM32F3xx_HAL_Driver/Src/stm32f3xx_ll_usart.o
 .debug_info    0x0000000000008fa2      0x813 Drivers/STM32F3xx_HAL_Driver/Src/stm32f3xx_ll_utils.o

.debug_abbrev   0x0000000000000000     0x1fa3
 .debug_abbrev  0x0000000000000000      0x46a Core/Src/SignalAdjuster.o
 .debug_abbrev  0x000000000000046a      0x48c Core/Src/cppmain.o
 .debug_abbrev  0x00000000000008f6      0x15e Core/Src/dac.o
 .debug_abbrev  0x0000000000000a54      0x12f Core/Src/gpio.o
 .debug_abbrev  0x0000000000000b83      0x1db Core/Src/main.o
 .debug_abbrev  0x0000000000000d5e      0x152 Core/Src/stm32f3xx_it.o
 .debug_abbrev  0x0000000000000eb0      0x111 Core/Src/system_stm32f3xx.o
 .debug_abbrev  0x0000000000000fc1      0x1d8 Core/Src/tim.o
 .debug_abbrev  0x0000000000001199      0x1e7 Core/Src/usart.o
 .debug_abbrev  0x0000000000001380       0x12 Core/Startup/startup_stm32f303k8tx.o
 .debug_abbrev  0x0000000000001392      0x186 Drivers/STM32F3xx_HAL_Driver/Src/stm32f3xx_ll_dac.o
 .debug_abbrev  0x0000000000001518      0x212 Drivers/STM32F3xx_HAL_Driver/Src/stm32f3xx_ll_gpio.o
 .debug_abbrev  0x000000000000172a      0x238 Drivers/STM32F3xx_HAL_Driver/Src/stm32f3xx_ll_rcc.o
 .debug_abbrev  0x0000000000001962      0x1ff Drivers/STM32F3xx_HAL_Driver/Src/stm32f3xx_ll_tim.o
 .debug_abbrev  0x0000000000001b61      0x1b1 Drivers/STM32F3xx_HAL_Driver/Src/stm32f3xx_ll_usart.o
 .debug_abbrev  0x0000000000001d12      0x291 Drivers/STM32F3xx_HAL_Driver/Src/stm32f3xx_ll_utils.o

.debug_aranges  0x0000000000000000      0x878
 .debug_aranges
                0x0000000000000000       0xe0 Core/Src/SignalAdjuster.o
 .debug_aranges
                0x00000000000000e0       0x68 Core/Src/cppmain.o
 .debug_aranges
                0x0000000000000148       0x38 Core/Src/dac.o
 .debug_aranges
                0x0000000000000180       0x28 Core/Src/gpio.o
 .debug_aranges
                0x00000000000001a8       0xa8 Core/Src/main.o
 .debug_aranges
                0x0000000000000250       0x88 Core/Src/stm32f3xx_it.o
 .debug_aranges
                0x00000000000002d8       0x28 Core/Src/system_stm32f3xx.o
 .debug_aranges
                0x0000000000000300       0x70 Core/Src/tim.o
 .debug_aranges
                0x0000000000000370       0x68 Core/Src/usart.o
 .debug_aranges
                0x00000000000003d8       0x28 Core/Startup/startup_stm32f303k8tx.o
 .debug_aranges
                0x0000000000000400       0x48 Drivers/STM32F3xx_HAL_Driver/Src/stm32f3xx_ll_dac.o
 .debug_aranges
                0x0000000000000448       0x70 Drivers/STM32F3xx_HAL_Driver/Src/stm32f3xx_ll_gpio.o
 .debug_aranges
                0x00000000000004b8      0x100 Drivers/STM32F3xx_HAL_Driver/Src/stm32f3xx_ll_rcc.o
 .debug_aranges
                0x00000000000005b8      0x148 Drivers/STM32F3xx_HAL_Driver/Src/stm32f3xx_ll_tim.o
 .debug_aranges
                0x0000000000000700       0x88 Drivers/STM32F3xx_HAL_Driver/Src/stm32f3xx_ll_usart.o
 .debug_aranges
                0x0000000000000788       0xf0 Drivers/STM32F3xx_HAL_Driver/Src/stm32f3xx_ll_utils.o

.debug_ranges   0x0000000000000000      0x780
 .debug_ranges  0x0000000000000000       0xd0 Core/Src/SignalAdjuster.o
 .debug_ranges  0x00000000000000d0       0x58 Core/Src/cppmain.o
 .debug_ranges  0x0000000000000128       0x28 Core/Src/dac.o
 .debug_ranges  0x0000000000000150       0x18 Core/Src/gpio.o
 .debug_ranges  0x0000000000000168       0x98 Core/Src/main.o
 .debug_ranges  0x0000000000000200       0x78 Core/Src/stm32f3xx_it.o
 .debug_ranges  0x0000000000000278       0x18 Core/Src/system_stm32f3xx.o
 .debug_ranges  0x0000000000000290       0x60 Core/Src/tim.o
 .debug_ranges  0x00000000000002f0       0x58 Core/Src/usart.o
 .debug_ranges  0x0000000000000348       0x20 Core/Startup/startup_stm32f303k8tx.o
 .debug_ranges  0x0000000000000368       0x38 Drivers/STM32F3xx_HAL_Driver/Src/stm32f3xx_ll_dac.o
 .debug_ranges  0x00000000000003a0       0x60 Drivers/STM32F3xx_HAL_Driver/Src/stm32f3xx_ll_gpio.o
 .debug_ranges  0x0000000000000400       0xf0 Drivers/STM32F3xx_HAL_Driver/Src/stm32f3xx_ll_rcc.o
 .debug_ranges  0x00000000000004f0      0x138 Drivers/STM32F3xx_HAL_Driver/Src/stm32f3xx_ll_tim.o
 .debug_ranges  0x0000000000000628       0x78 Drivers/STM32F3xx_HAL_Driver/Src/stm32f3xx_ll_usart.o
 .debug_ranges  0x00000000000006a0       0xe0 Drivers/STM32F3xx_HAL_Driver/Src/stm32f3xx_ll_utils.o

.debug_macro    0x0000000000000000    0x19ac1
 .debug_macro   0x0000000000000000      0x28c Core/Src/SignalAdjuster.o
 .debug_macro   0x000000000000028c      0xb62 Core/Src/SignalAdjuster.o
 .debug_macro   0x0000000000000dee       0x2e Core/Src/SignalAdjuster.o
 .debug_macro   0x0000000000000e1c       0x28 Core/Src/SignalAdjuster.o
 .debug_macro   0x0000000000000e44       0x1c Core/Src/SignalAdjuster.o
 .debug_macro   0x0000000000000e60       0x22 Core/Src/SignalAdjuster.o
 .debug_macro   0x0000000000000e82       0x8e Core/Src/SignalAdjuster.o
 .debug_macro   0x0000000000000f10       0x51 Core/Src/SignalAdjuster.o
 .debug_macro   0x0000000000000f61       0xef Core/Src/SignalAdjuster.o
 .debug_macro   0x0000000000001050       0x6a Core/Src/SignalAdjuster.o
 .debug_macro   0x00000000000010ba      0x1df Core/Src/SignalAdjuster.o
 .debug_macro   0x0000000000001299       0x1c Core/Src/SignalAdjuster.o
 .debug_macro   0x00000000000012b5       0x22 Core/Src/SignalAdjuster.o
 .debug_macro   0x00000000000012d7       0xdf Core/Src/SignalAdjuster.o
 .debug_macro   0x00000000000013b6      0xf07 Core/Src/SignalAdjuster.o
 .debug_macro   0x00000000000022bd    0x10bd9 Core/Src/SignalAdjuster.o
 .debug_macro   0x0000000000012e96       0x43 Core/Src/SignalAdjuster.o
 .debug_macro   0x0000000000012ed9      0x229 Core/Src/SignalAdjuster.o
 .debug_macro   0x0000000000013102      0x4c2 Core/Src/SignalAdjuster.o
 .debug_macro   0x00000000000135c4       0xe1 Core/Src/SignalAdjuster.o
 .debug_macro   0x00000000000136a5      0x29f Core/Src/SignalAdjuster.o
 .debug_macro   0x0000000000013944       0xfe Core/Src/SignalAdjuster.o
 .debug_macro   0x0000000000013a42       0x28 Core/Src/SignalAdjuster.o
 .debug_macro   0x0000000000013a6a       0x30 Core/Src/SignalAdjuster.o
 .debug_macro   0x0000000000013a9a       0xa8 Core/Src/SignalAdjuster.o
 .debug_macro   0x0000000000013b42      0x287 Core/Src/SignalAdjuster.o
 .debug_macro   0x0000000000013dc9      0x803 Core/Src/SignalAdjuster.o
 .debug_macro   0x00000000000145cc      0x2f7 Core/Src/SignalAdjuster.o
 .debug_macro   0x00000000000148c3      0x142 Core/Src/SignalAdjuster.o
 .debug_macro   0x0000000000014a05       0x46 Core/Src/SignalAdjuster.o
 .debug_macro   0x0000000000014a4b      0x168 Core/Src/SignalAdjuster.o
 .debug_macro   0x0000000000014bb3       0x10 Core/Src/SignalAdjuster.o
 .debug_macro   0x0000000000014bc3      0x3f4 Core/Src/SignalAdjuster.o
 .debug_macro   0x0000000000014fb7       0x18 Core/Src/SignalAdjuster.o
 .debug_macro   0x0000000000014fcf       0x46 Core/Src/SignalAdjuster.o
 .debug_macro   0x0000000000015015       0x18 Core/Src/SignalAdjuster.o
 .debug_macro   0x000000000001502d       0x3c Core/Src/SignalAdjuster.o
 .debug_macro   0x0000000000015069       0x34 Core/Src/SignalAdjuster.o
 .debug_macro   0x000000000001509d      0x17b Core/Src/SignalAdjuster.o
 .debug_macro   0x0000000000015218       0x52 Core/Src/SignalAdjuster.o
 .debug_macro   0x000000000001526a       0x1f Core/Src/SignalAdjuster.o
 .debug_macro   0x0000000000015289       0x43 Core/Src/SignalAdjuster.o
 .debug_macro   0x00000000000152cc       0x20 Core/Src/SignalAdjuster.o
 .debug_macro   0x00000000000152ec      0x1a3 Core/Src/SignalAdjuster.o
 .debug_macro   0x000000000001548f      0x34d Core/Src/SignalAdjuster.o
 .debug_macro   0x00000000000157dc      0x1da Core/Src/SignalAdjuster.o
 .debug_macro   0x00000000000159b6       0x10 Core/Src/SignalAdjuster.o
 .debug_macro   0x00000000000159c6       0x16 Core/Src/SignalAdjuster.o
 .debug_macro   0x00000000000159dc       0x35 Core/Src/SignalAdjuster.o
 .debug_macro   0x0000000000015a11       0x16 Core/Src/SignalAdjuster.o
 .debug_macro   0x0000000000015a27       0x29 Core/Src/SignalAdjuster.o
 .debug_macro   0x0000000000015a50       0x10 Core/Src/SignalAdjuster.o
 .debug_macro   0x0000000000015a60      0x3c7 Core/Src/SignalAdjuster.o
 .debug_macro   0x0000000000015e27       0x22 Core/Src/SignalAdjuster.o
 .debug_macro   0x0000000000015e49      0x29a Core/Src/cppmain.o
 .debug_macro   0x00000000000160e3      0x148 Core/Src/dac.o
 .debug_macro   0x000000000001622b      0xa90 Core/Src/dac.o
 .debug_macro   0x0000000000016cbb      0xf07 Core/Src/dac.o
 .debug_macro   0x0000000000017bc2      0x148 Core/Src/gpio.o
 .debug_macro   0x0000000000017d0a      0x174 Core/Src/main.o
 .debug_macro   0x0000000000017e7e      0x148 Core/Src/stm32f3xx_it.o
 .debug_macro   0x0000000000017fc6       0xc3 Core/Src/system_stm32f3xx.o
 .debug_macro   0x0000000000018089      0x148 Core/Src/tim.o
 .debug_macro   0x00000000000181d1      0x148 Core/Src/usart.o
 .debug_macro   0x0000000000018319       0xfc Drivers/STM32F3xx_HAL_Driver/Src/stm32f3xx_ll_dac.o
 .debug_macro   0x0000000000018415       0xff Drivers/STM32F3xx_HAL_Driver/Src/stm32f3xx_ll_gpio.o
 .debug_macro   0x0000000000018514      0x13c Drivers/STM32F3xx_HAL_Driver/Src/stm32f3xx_ll_gpio.o
 .debug_macro   0x0000000000018650       0xf1 Drivers/STM32F3xx_HAL_Driver/Src/stm32f3xx_ll_rcc.o
 .debug_macro   0x0000000000018741      0x4bc Drivers/STM32F3xx_HAL_Driver/Src/stm32f3xx_ll_rcc.o
 .debug_macro   0x0000000000018bfd      0x169 Drivers/STM32F3xx_HAL_Driver/Src/stm32f3xx_ll_tim.o
 .debug_macro   0x0000000000018d66      0x7fd Drivers/STM32F3xx_HAL_Driver/Src/stm32f3xx_ll_tim.o
 .debug_macro   0x0000000000019563      0x132 Drivers/STM32F3xx_HAL_Driver/Src/stm32f3xx_ll_usart.o
 .debug_macro   0x0000000000019695      0x2f1 Drivers/STM32F3xx_HAL_Driver/Src/stm32f3xx_ll_usart.o
 .debug_macro   0x0000000000019986      0x13b Drivers/STM32F3xx_HAL_Driver/Src/stm32f3xx_ll_utils.o

.debug_line     0x0000000000000000     0x6eb9
 .debug_line    0x0000000000000000      0xd71 Core/Src/SignalAdjuster.o
 .debug_line    0x0000000000000d71      0xbb2 Core/Src/cppmain.o
 .debug_line    0x0000000000001923      0x5e5 Core/Src/dac.o
 .debug_line    0x0000000000001f08      0x5b1 Core/Src/gpio.o
 .debug_line    0x00000000000024b9      0x753 Core/Src/main.o
 .debug_line    0x0000000000002c0c      0x6d8 Core/Src/stm32f3xx_it.o
 .debug_line    0x00000000000032e4      0x47a Core/Src/system_stm32f3xx.o
 .debug_line    0x000000000000375e      0x695 Core/Src/tim.o
 .debug_line    0x0000000000003df3      0x691 Core/Src/usart.o
 .debug_line    0x0000000000004484       0x85 Core/Startup/startup_stm32f303k8tx.o
 .debug_line    0x0000000000004509      0x533 Drivers/STM32F3xx_HAL_Driver/Src/stm32f3xx_ll_dac.o
 .debug_line    0x0000000000004a3c      0x669 Drivers/STM32F3xx_HAL_Driver/Src/stm32f3xx_ll_gpio.o
 .debug_line    0x00000000000050a5      0x73d Drivers/STM32F3xx_HAL_Driver/Src/stm32f3xx_ll_rcc.o
 .debug_line    0x00000000000057e2      0x959 Drivers/STM32F3xx_HAL_Driver/Src/stm32f3xx_ll_tim.o
 .debug_line    0x000000000000613b      0x622 Drivers/STM32F3xx_HAL_Driver/Src/stm32f3xx_ll_usart.o
 .debug_line    0x000000000000675d      0x75c Drivers/STM32F3xx_HAL_Driver/Src/stm32f3xx_ll_utils.o

.debug_str      0x0000000000000000    0x7d402
 .debug_str     0x0000000000000000    0x77e5d Core/Src/SignalAdjuster.o
                                      0x78233 (size before relaxing)
 .debug_str     0x0000000000077e5d      0x171 Core/Src/cppmain.o
                                      0x7828c (size before relaxing)
 .debug_str     0x0000000000077fce      0x356 Core/Src/dac.o
                                      0x720bd (size before relaxing)
 .debug_str     0x0000000000078324       0x2a Core/Src/gpio.o
                                      0x71f38 (size before relaxing)
 .debug_str     0x000000000007834e      0x243 Core/Src/main.o
                                      0x721b8 (size before relaxing)
 .debug_str     0x0000000000078591      0x105 Core/Src/stm32f3xx_it.o
                                      0x7206a (size before relaxing)
 .debug_str     0x0000000000078696       0x73 Core/Src/system_stm32f3xx.o
                                      0x65244 (size before relaxing)
 .debug_str     0x0000000000078709      0x3ff Core/Src/tim.o
                                      0x7251e (size before relaxing)
 .debug_str     0x0000000000078b08       0xdb Core/Src/usart.o
                                      0x72533 (size before relaxing)
 .debug_str     0x0000000000078be3       0x36 Core/Startup/startup_stm32f303k8tx.o
                                         0xb1 (size before relaxing)
 .debug_str     0x0000000000078c19      0xbd6 Drivers/STM32F3xx_HAL_Driver/Src/stm32f3xx_ll_dac.o
                                      0x6778a (size before relaxing)
 .debug_str     0x00000000000797ef      0x634 Drivers/STM32F3xx_HAL_Driver/Src/stm32f3xx_ll_gpio.o
                                      0x66593 (size before relaxing)
 .debug_str     0x0000000000079e23      0x4f2 Drivers/STM32F3xx_HAL_Driver/Src/stm32f3xx_ll_rcc.o
                                      0x679e5 (size before relaxing)
 .debug_str     0x000000000007a315     0x1c04 Drivers/STM32F3xx_HAL_Driver/Src/stm32f3xx_ll_tim.o
                                      0x6b4e3 (size before relaxing)
 .debug_str     0x000000000007bf19      0x849 Drivers/STM32F3xx_HAL_Driver/Src/stm32f3xx_ll_usart.o
                                      0x694fa (size before relaxing)
 .debug_str     0x000000000007c762      0xca0 Drivers/STM32F3xx_HAL_Driver/Src/stm32f3xx_ll_utils.o
                                      0x6a255 (size before relaxing)

.comment        0x0000000000000000       0x7b
 .comment       0x0000000000000000       0x7b Core/Src/SignalAdjuster.o
                                         0x7c (size before relaxing)
 .comment       0x000000000000007b       0x7c Core/Src/cppmain.o
 .comment       0x000000000000007b       0x7c Core/Src/dac.o
 .comment       0x000000000000007b       0x7c Core/Src/gpio.o
 .comment       0x000000000000007b       0x7c Core/Src/main.o
 .comment       0x000000000000007b       0x7c Core/Src/stm32f3xx_it.o
 .comment       0x000000000000007b       0x7c Core/Src/system_stm32f3xx.o
 .comment       0x000000000000007b       0x7c Core/Src/tim.o
 .comment       0x000000000000007b       0x7c Core/Src/usart.o
 .comment       0x000000000000007b       0x7c Drivers/STM32F3xx_HAL_Driver/Src/stm32f3xx_ll_dac.o
 .comment       0x000000000000007b       0x7c Drivers/STM32F3xx_HAL_Driver/Src/stm32f3xx_ll_gpio.o
 .comment       0x000000000000007b       0x7c Drivers/STM32F3xx_HAL_Driver/Src/stm32f3xx_ll_rcc.o
 .comment       0x000000000000007b       0x7c Drivers/STM32F3xx_HAL_Driver/Src/stm32f3xx_ll_tim.o
 .comment       0x000000000000007b       0x7c Drivers/STM32F3xx_HAL_Driver/Src/stm32f3xx_ll_usart.o
 .comment       0x000000000000007b       0x7c Drivers/STM32F3xx_HAL_Driver/Src/stm32f3xx_ll_utils.o

.debug_frame    0x0000000000000000     0x23b8
 .debug_frame   0x0000000000000000      0x3d8 Core/Src/SignalAdjuster.o
 .debug_frame   0x00000000000003d8      0x174 Core/Src/cppmain.o
 .debug_frame   0x000000000000054c       0xac Core/Src/dac.o
 .debug_frame   0x00000000000005f8       0x54 Core/Src/gpio.o
 .debug_frame   0x000000000000064c      0x2a0 Core/Src/main.o
 .debug_frame   0x00000000000008ec      0x1c0 Core/Src/stm32f3xx_it.o
 .debug_frame   0x0000000000000aac       0x58 Core/Src/system_stm32f3xx.o
 .debug_frame   0x0000000000000b04      0x1bc Core/Src/tim.o
 .debug_frame   0x0000000000000cc0      0x194 Core/Src/usart.o
 .debug_frame   0x0000000000000e54       0xf8 Drivers/STM32F3xx_HAL_Driver/Src/stm32f3xx_ll_dac.o
 .debug_frame   0x0000000000000f4c      0x1c0 Drivers/STM32F3xx_HAL_Driver/Src/stm32f3xx_ll_gpio.o
 .debug_frame   0x000000000000110c      0x408 Drivers/STM32F3xx_HAL_Driver/Src/stm32f3xx_ll_rcc.o
 .debug_frame   0x0000000000001514      0x5d0 Drivers/STM32F3xx_HAL_Driver/Src/stm32f3xx_ll_tim.o
 .debug_frame   0x0000000000001ae4      0x234 Drivers/STM32F3xx_HAL_Driver/Src/stm32f3xx_ll_usart.o
 .debug_frame   0x0000000000001d18      0x3dc Drivers/STM32F3xx_HAL_Driver/Src/stm32f3xx_ll_utils.o
 .debug_frame   0x00000000000020f4       0x2c c:/st/stm32cubeide_1.0.2/stm32cubeide/plugins/com.st.stm32cube.ide.mcu.externaltools.gnu-tools-for-stm32.7-2018-q2-update.win32_1.0.0.201904181610/tools/bin/../lib/gcc/arm-none-eabi/7.3.1/../../../../arm-none-eabi/lib/thumb/v7e-m/fpv4-sp/hard\libm.a(lib_a-sf_cos.o)
 .debug_frame   0x0000000000002120       0x20 c:/st/stm32cubeide_1.0.2/stm32cubeide/plugins/com.st.stm32cube.ide.mcu.externaltools.gnu-tools-for-stm32.7-2018-q2-update.win32_1.0.0.201904181610/tools/bin/../lib/gcc/arm-none-eabi/7.3.1/../../../../arm-none-eabi/lib/thumb/v7e-m/fpv4-sp/hard\libm.a(lib_a-sf_floor.o)
 .debug_frame   0x0000000000002140       0x2c c:/st/stm32cubeide_1.0.2/stm32cubeide/plugins/com.st.stm32cube.ide.mcu.externaltools.gnu-tools-for-stm32.7-2018-q2-update.win32_1.0.0.201904181610/tools/bin/../lib/gcc/arm-none-eabi/7.3.1/../../../../arm-none-eabi/lib/thumb/v7e-m/fpv4-sp/hard\libm.a(lib_a-sf_sin.o)
 .debug_frame   0x000000000000216c       0x38 c:/st/stm32cubeide_1.0.2/stm32cubeide/plugins/com.st.stm32cube.ide.mcu.externaltools.gnu-tools-for-stm32.7-2018-q2-update.win32_1.0.0.201904181610/tools/bin/../lib/gcc/arm-none-eabi/7.3.1/../../../../arm-none-eabi/lib/thumb/v7e-m/fpv4-sp/hard\libm.a(lib_a-ef_rem_pio2.o)
 .debug_frame   0x00000000000021a4       0x20 c:/st/stm32cubeide_1.0.2/stm32cubeide/plugins/com.st.stm32cube.ide.mcu.externaltools.gnu-tools-for-stm32.7-2018-q2-update.win32_1.0.0.201904181610/tools/bin/../lib/gcc/arm-none-eabi/7.3.1/../../../../arm-none-eabi/lib/thumb/v7e-m/fpv4-sp/hard\libm.a(lib_a-kf_cos.o)
 .debug_frame   0x00000000000021c4       0x5c c:/st/stm32cubeide_1.0.2/stm32cubeide/plugins/com.st.stm32cube.ide.mcu.externaltools.gnu-tools-for-stm32.7-2018-q2-update.win32_1.0.0.201904181610/tools/bin/../lib/gcc/arm-none-eabi/7.3.1/../../../../arm-none-eabi/lib/thumb/v7e-m/fpv4-sp/hard\libm.a(lib_a-kf_rem_pio2.o)
 .debug_frame   0x0000000000002220       0x20 c:/st/stm32cubeide_1.0.2/stm32cubeide/plugins/com.st.stm32cube.ide.mcu.externaltools.gnu-tools-for-stm32.7-2018-q2-update.win32_1.0.0.201904181610/tools/bin/../lib/gcc/arm-none-eabi/7.3.1/../../../../arm-none-eabi/lib/thumb/v7e-m/fpv4-sp/hard\libm.a(lib_a-kf_sin.o)
 .debug_frame   0x0000000000002240       0x20 c:/st/stm32cubeide_1.0.2/stm32cubeide/plugins/com.st.stm32cube.ide.mcu.externaltools.gnu-tools-for-stm32.7-2018-q2-update.win32_1.0.0.201904181610/tools/bin/../lib/gcc/arm-none-eabi/7.3.1/../../../../arm-none-eabi/lib/thumb/v7e-m/fpv4-sp/hard\libm.a(lib_a-sf_fabs.o)
 .debug_frame   0x0000000000002260       0x3c c:/st/stm32cubeide_1.0.2/stm32cubeide/plugins/com.st.stm32cube.ide.mcu.externaltools.gnu-tools-for-stm32.7-2018-q2-update.win32_1.0.0.201904181610/tools/bin/../lib/gcc/arm-none-eabi/7.3.1/../../../../arm-none-eabi/lib/thumb/v7e-m/fpv4-sp/hard\libm.a(lib_a-sf_scalbn.o)
 .debug_frame   0x000000000000229c       0x20 c:/st/stm32cubeide_1.0.2/stm32cubeide/plugins/com.st.stm32cube.ide.mcu.externaltools.gnu-tools-for-stm32.7-2018-q2-update.win32_1.0.0.201904181610/tools/bin/../lib/gcc/arm-none-eabi/7.3.1/../../../../arm-none-eabi/lib/thumb/v7e-m/fpv4-sp/hard\libm.a(lib_a-sf_copysign.o)
 .debug_frame   0x00000000000022bc       0x2c c:/st/stm32cubeide_1.0.2/stm32cubeide/plugins/com.st.stm32cube.ide.mcu.externaltools.gnu-tools-for-stm32.7-2018-q2-update.win32_1.0.0.201904181610/tools/bin/../lib/gcc/arm-none-eabi/7.3.1/../../../../arm-none-eabi/lib/thumb/v7e-m/fpv4-sp/hard\libc_nano.a(lib_a-init.o)
 .debug_frame   0x00000000000022e8       0xac c:/st/stm32cubeide_1.0.2/stm32cubeide/plugins/com.st.stm32cube.ide.mcu.externaltools.gnu-tools-for-stm32.7-2018-q2-update.win32_1.0.0.201904181610/tools/bin/../lib/gcc/arm-none-eabi/7.3.1/thumb/v7e-m/fpv4-sp/hard\libgcc.a(_arm_addsubdf3.o)
 .debug_frame   0x0000000000002394       0x24 c:/st/stm32cubeide_1.0.2/stm32cubeide/plugins/com.st.stm32cube.ide.mcu.externaltools.gnu-tools-for-stm32.7-2018-q2-update.win32_1.0.0.201904181610/tools/bin/../lib/gcc/arm-none-eabi/7.3.1/thumb/v7e-m/fpv4-sp/hard\libgcc.a(_arm_truncdfsf2.o)
